============================================================
Experiment log: experiment_log_20260526_094519.txt
Started at: 2026-05-26 09:45:19
============================================================
Device: cuda
CPU cores detected: 4
Config: 20 clients | alpha=0.1 | 5 epochs | 200 rounds | drift at 100
Pipeline: GPU-resident dataset + GPU-side augmentation
Batch size: 64 | drop_last=True | num_workers=0
Downloading CIFAR-10...
/usr/local/lib/python3.12/dist-packages/torchvision/datasets/cifar.py:83: VisibleDeprecationWarning: dtype(): align should be passed as Python or NumPy boolean but got `align=0`. Did you mean to pass a tuple to create a subarray type? (Deprecated NumPy 2.4)
  entry = pickle.load(f, encoding="latin1")
Partitioning...
Samples/client: min=127 max=5338 mean=2500
Pre-loading GPU-resident tensors...
GPU-resident dataset memory: 703.6 MiB
Model: CifarCNN | Params: 107,690

============================================================
RUNNING METHODS: FedAvg -> Flash -> AdaptiveFedAvg
Rounds per method: 200
============================================================

============================================================
METHOD 1: FedAvg
============================================================
  Round 000 | Global: 0.2155
  Round 010 | Global: 0.5443
  Round 020 | Global: 0.6385
  Round 030 | Global: 0.6730
  Round 040 | Global: 0.6933
  Round 050 | Global: 0.6997
  Round 060 | Global: 0.7052
  Round 070 | Global: 0.7084
  Round 080 | Global: 0.7119
  Round 090 | Global: 0.7152

  *** Sudden drift at round 100 ***
  Group A [0, 1, 2, 10, 11, 12]: swap 1<->2
  Group B [3, 4, 5, 13, 14, 15]: swap 3<->4
  Group C [6, 7, 8, 9, 16, 17, 18, 19]: swap 5<->6
  Round 100 | Global: 0.6343  <-- DRIFT
  Round 110 | Global: 0.6096
  Round 120 | Global: 0.5948
  Round 130 | Global: 0.6094
  Round 140 | Global: 0.6146
  Round 150 | Global: 0.6166
  Round 160 | Global: 0.6078
  Round 170 | Global: 0.6052
  Round 180 | Global: 0.6131
  Round 190 | Global: 0.6018
  Results: results_FedAvg.csv

============================================================
METHOD 2: Flash
============================================================
  Round 000 | Global: 0.1522
  Round 010 | Global: 0.4721
  Round 020 | Global: 0.5947
  Round 030 | Global: 0.6321
  Round 040 | Global: 0.6564
  Round 050 | Global: 0.6662
  Round 060 | Global: 0.6741
  Round 070 | Global: 0.6801
  Round 080 | Global: 0.6795
  Round 090 | Global: 0.6825

  *** Sudden drift at round 100 ***
  Group A [0, 1, 2, 10, 11, 12]: swap 1<->2
  Group B [3, 4, 5, 13, 14, 15]: swap 3<->4
  Group C [6, 7, 8, 9, 16, 17, 18, 19]: swap 5<->6
  Round 100 | Global: 0.6793  <-- DRIFT
  Round 110 | Global: 0.5448
  Round 120 | Global: 0.6175
  Round 130 | Global: 0.5662
  Round 140 | Global: 0.5797
  Round 150 | Global: 0.5877
  Round 160 | Global: 0.5670
  Round 170 | Global: 0.5948
  Round 180 | Global: 0.5817
  Round 190 | Global: 0.5831
  Results: results_Flash.csv

============================================================
METHOD 3: Adaptive-FedAvg (Canonji 2021, ported from FedCCFA)
  beta1=0.7 beta2=0.3 beta3=0.7
============================================================
  Round 000 | Global: 0.2309 | client_lr=0.01000
  Round 010 | Global: 0.4092 | client_lr=0.00071
  Round 020 | Global: 0.4666 | client_lr=0.00042
  Round 030 | Global: 0.5010 | client_lr=0.00030
  Round 040 | Global: 0.5200 | client_lr=0.00023
  Round 050 | Global: 0.5306 | client_lr=0.00019
  Round 060 | Global: 0.5410 | client_lr=0.00016
  Round 070 | Global: 0.5490 | client_lr=0.00014
  Round 080 | Global: 0.5527 | client_lr=0.00012
  Round 090 | Global: 0.5576 | client_lr=0.00011

  *** Sudden drift at round 100 ***
  Group A [0, 1, 2, 10, 11, 12]: swap 1<->2
  Group B [3, 4, 5, 13, 14, 15]: swap 3<->4
  Group C [6, 7, 8, 9, 16, 17, 18, 19]: swap 5<->6
  Round 100 | Global: 0.5457 | client_lr=0.00017  <-- DRIFT
  Round 110 | Global: 0.5206 | client_lr=0.00008
  Round 120 | Global: 0.5067 | client_lr=0.00008
  Round 130 | Global: 0.4981 | client_lr=0.00007
  Round 140 | Global: 0.4934 | client_lr=0.00007
  Round 150 | Global: 0.4859 | client_lr=0.00006
  Round 160 | Global: 0.4855 | client_lr=0.00006
  Round 170 | Global: 0.4848 | client_lr=0.00006
  Round 180 | Global: 0.4856 | client_lr=0.00005
  Round 190 | Global: 0.4864 | client_lr=0.00005
  Results: results_AdaptiveFedAvg.csv

============================================================
FINAL RESULTS SUMMARY
============================================================

FedAvg:
  Pre-drift acc:     0.7147
  Accuracy dip:      0.1114
  Recovery rounds:   Not recovered
  Post-drift stable: 0.6082

Flash:
  Pre-drift acc:     0.6810
  Accuracy dip:      0.1803
  Recovery rounds:   0
  Post-drift stable: 0.5824

AdaptiveFedAvg:
  Pre-drift acc:     0.5580
  Accuracy dip:      0.0377
  Recovery rounds:   0
  Post-drift stable: 0.4854

Finished at: 2026-05-26 11:28:02
Full output log: experiment_log_20260526_094519.txt
CSV files saved per method (live):
  - results_FedAvg.csv
  - results_Flash.csv
  - results_AdaptiveFedAvg.csv
