============================================================
Experiment log: experiment_log_20260526_115320.txt
Started at: 2026-05-26 11:53:20
============================================================
Device: cuda
CPU cores detected: 4
Config: 20 clients | alpha=0.1 | 5 epochs | 200 rounds | drift at 100
Pipeline: GPU-resident dataset + GPU-side augmentation
Batch size: 64 | drop_last=True | num_workers=0
Downloading CIFAR-10...
/usr/local/lib/python3.12/dist-packages/torchvision/datasets/cifar.py:83: VisibleDeprecationWarning: dtype(): align should be passed as Python or NumPy boolean but got `align=0`. Did you mean to pass a tuple to create a subarray type? (Deprecated NumPy 2.4)
  entry = pickle.load(f, encoding="latin1")
Partitioning...
Samples/client: min=127 max=5338 mean=2500
Pre-loading GPU-resident tensors...
GPU-resident dataset memory: 703.6 MiB
Model: CifarCNN | Params: 107,690

============================================================
RUNNING METHODS: FedAvg -> Flash -> AdaptiveFedAvg -> OurMethod
Rounds per method: 200
============================================================

============================================================
METHOD 1: FedAvg
============================================================
  Round 000 | Global: 0.2147
  Round 010 | Global: 0.5514
  Round 020 | Global: 0.6358
  Round 030 | Global: 0.6694
  Round 040 | Global: 0.6863
  Round 050 | Global: 0.6935
  Round 060 | Global: 0.7021
  Round 070 | Global: 0.7064
  Round 080 | Global: 0.7056
  Round 090 | Global: 0.7096

  *** Sudden drift at round 100 ***
  Group A [0, 1, 2, 10, 11, 12]: swap 1<->2
  Group B [3, 4, 5, 13, 14, 15]: swap 3<->4
  Group C [6, 7, 8, 9, 16, 17, 18, 19]: swap 5<->6
  Round 100 | Global: 0.6274  <-- DRIFT
  Round 110 | Global: 0.5897
  Round 120 | Global: 0.5933
  Round 130 | Global: 0.5925
  Round 140 | Global: 0.5871
  Round 150 | Global: 0.5947
  Round 160 | Global: 0.5829
  Round 170 | Global: 0.5768
  Round 180 | Global: 0.5879
  Round 190 | Global: 0.5889
  Results: results_FedAvg.csv

============================================================
METHOD 2: Flash
============================================================
  Round 000 | Global: 0.1896
  Round 010 | Global: 0.4896
  Round 020 | Global: 0.5865
  Round 030 | Global: 0.6350
  Round 040 | Global: 0.6548
  Round 050 | Global: 0.6650
  Round 060 | Global: 0.6698
  Round 070 | Global: 0.6737
  Round 080 | Global: 0.6798
  Round 090 | Global: 0.6871

  *** Sudden drift at round 100 ***
  Group A [0, 1, 2, 10, 11, 12]: swap 1<->2
  Group B [3, 4, 5, 13, 14, 15]: swap 3<->4
  Group C [6, 7, 8, 9, 16, 17, 18, 19]: swap 5<->6
  Round 100 | Global: 0.6784  <-- DRIFT
  Round 110 | Global: 0.5472
  Round 120 | Global: 0.6099
  Round 130 | Global: 0.5719
  Round 140 | Global: 0.5718
  Round 150 | Global: 0.5835
  Round 160 | Global: 0.5783
  Round 170 | Global: 0.5813
  Round 180 | Global: 0.5754
  Round 190 | Global: 0.5753
  Results: results_Flash.csv

============================================================
METHOD 3: Adaptive-FedAvg (Canonji 2021, ported from FedCCFA)
  beta1=0.7 beta2=0.3 beta3=0.7
============================================================
  Round 000 | Global: 0.2245 | client_lr=0.01000
  Round 010 | Global: 0.4208 | client_lr=0.00072
  Round 020 | Global: 0.4780 | client_lr=0.00042
  Round 030 | Global: 0.5020 | client_lr=0.00029
  Round 040 | Global: 0.5161 | client_lr=0.00023
  Round 050 | Global: 0.5264 | client_lr=0.00019
  Round 060 | Global: 0.5330 | client_lr=0.00016
  Round 070 | Global: 0.5392 | client_lr=0.00014
  Round 080 | Global: 0.5453 | client_lr=0.00012
  Round 090 | Global: 0.5548 | client_lr=0.00011

  *** Sudden drift at round 100 ***
  Group A [0, 1, 2, 10, 11, 12]: swap 1<->2
  Group B [3, 4, 5, 13, 14, 15]: swap 3<->4
  Group C [6, 7, 8, 9, 16, 17, 18, 19]: swap 5<->6
  Round 100 | Global: 0.5422 | client_lr=0.00017  <-- DRIFT
  Round 110 | Global: 0.5252 | client_lr=0.00008
  Round 120 | Global: 0.5136 | client_lr=0.00008
  Round 130 | Global: 0.5054 | client_lr=0.00007
  Round 140 | Global: 0.4986 | client_lr=0.00007
  Round 150 | Global: 0.4925 | client_lr=0.00006
  Round 160 | Global: 0.4897 | client_lr=0.00006
  Round 170 | Global: 0.4910 | client_lr=0.00006
  Round 180 | Global: 0.4894 | client_lr=0.00005
  Round 190 | Global: 0.4890 | client_lr=0.00005
  Results: results_AdaptiveFedAvg.csv

============================================================
METHOD 4: OurMethod — Drift-Triggered Selective Layer Adaptation
  EMA alpha=0.3 | TAU=1.4 | Warmup=10
============================================================
  Round 000 | Global: 0.1906 | Flagged: 0/20 (L3:0, L4:0) IDs: []
  Round 010 | Global: 0.5674 | Flagged: 0/20 (L3:0, L4:0) IDs: []
  Round 020 | Global: 0.6425 | Flagged: 0/20 (L3:0, L4:0) IDs: []
  Round 030 | Global: 0.6827 | Flagged: 0/20 (L3:0, L4:0) IDs: []
  Round 040 | Global: 0.6926 | Flagged: 0/20 (L3:0, L4:0) IDs: []
  Round 050 | Global: 0.6984 | Flagged: 0/20 (L3:0, L4:0) IDs: []
  Round 060 | Global: 0.7084 | Flagged: 0/20 (L3:0, L4:0) IDs: []
  Round 070 | Global: 0.7126 | Flagged: 0/20 (L3:0, L4:0) IDs: []
  Round 080 | Global: 0.7132 | Flagged: 0/20 (L3:0, L4:0) IDs: []
  Round 090 | Global: 0.7144 | Flagged: 0/20 (L3:0, L4:0) IDs: []

  *** Sudden drift at round 100 ***
  Group A [0, 1, 2, 10, 11, 12]: swap 1<->2
  Group B [3, 4, 5, 13, 14, 15]: swap 3<->4
  Group C [6, 7, 8, 9, 16, 17, 18, 19]: swap 5<->6
  Round 100 | Global: 0.6495 | Flagged: 7/20 (L3:4, L4:7) IDs: [5, 7, 8, 9, 12, 13, 15]  <-- DRIFT
  Round 101 | Global: 0.6597 | Flagged: 7/20 (L3:4, L4:7) IDs: [5, 7, 8, 9, 12, 13, 15]
  Round 102 | Global: 0.6443 | Flagged: 7/20 (L3:4, L4:7) IDs: [5, 7, 8, 9, 12, 13, 15]
  Round 103 | Global: 0.6325 | Flagged: 7/20 (L3:3, L4:7) IDs: [5, 7, 8, 9, 12, 13, 15]
  Round 104 | Global: 0.6023 | Flagged: 5/20 (L3:1, L4:5) IDs: [5, 8, 9, 13, 15]
  Round 105 | Global: 0.6021 | Flagged: 2/20 (L3:0, L4:2) IDs: [9, 13]
  Round 106 | Global: 0.6021 | Flagged: 1/20 (L3:1, L4:0) IDs: [5]
  Round 107 | Global: 0.5935 | Flagged: 2/20 (L3:2, L4:0) IDs: [5, 9]
  Round 108 | Global: 0.6087 | Flagged: 2/20 (L3:2, L4:0) IDs: [5, 9]
  Round 109 | Global: 0.5970 | Flagged: 2/20 (L3:2, L4:0) IDs: [5, 9]
  Round 110 | Global: 0.6012 | Flagged: 2/20 (L3:2, L4:0) IDs: [5, 9]
  Round 111 | Global: 0.5885 | Flagged: 2/20 (L3:2, L4:0) IDs: [5, 9]
  Round 112 | Global: 0.6006 | Flagged: 1/20 (L3:1, L4:0) IDs: [9]
  Round 113 | Global: 0.5905 | Flagged: 1/20 (L3:1, L4:0) IDs: [9]
  Round 114 | Global: 0.5965 | Flagged: 0/20 (L3:0, L4:0) IDs: []
  Round 115 | Global: 0.6009 | Flagged: 0/20 (L3:0, L4:0) IDs: []
  Round 116 | Global: 0.5963 | Flagged: 0/20 (L3:0, L4:0) IDs: []
  Round 117 | Global: 0.6035 | Flagged: 0/20 (L3:0, L4:0) IDs: []
  Round 118 | Global: 0.5990 | Flagged: 0/20 (L3:0, L4:0) IDs: []
  Round 119 | Global: 0.6046 | Flagged: 0/20 (L3:0, L4:0) IDs: []
  Round 120 | Global: 0.6053 | Flagged: 0/20 (L3:0, L4:0) IDs: []
  Round 130 | Global: 0.5981 | Flagged: 0/20 (L3:0, L4:0) IDs: []
  Round 140 | Global: 0.6101 | Flagged: 0/20 (L3:0, L4:0) IDs: []
  Round 150 | Global: 0.6128 | Flagged: 0/20 (L3:0, L4:0) IDs: []
  Round 160 | Global: 0.6031 | Flagged: 0/20 (L3:0, L4:0) IDs: []
  Round 170 | Global: 0.6028 | Flagged: 0/20 (L3:0, L4:0) IDs: []
  Round 180 | Global: 0.5954 | Flagged: 0/20 (L3:0, L4:0) IDs: []
  Round 190 | Global: 0.5953 | Flagged: 0/20 (L3:0, L4:0) IDs: []
  Results: results_OurMethod.csv
  Per-client flags: results_OurMethod_flags.csv

============================================================
FINAL RESULTS SUMMARY
============================================================

FedAvg:
  Pre-drift acc:     0.7081
  Accuracy dip:      0.1219
  Recovery rounds:   Not recovered
  Post-drift stable: 0.5887

Flash:
  Pre-drift acc:     0.6847
  Accuracy dip:      0.1805
  Recovery rounds:   0
  Post-drift stable: 0.5716

AdaptiveFedAvg:
  Pre-drift acc:     0.5558
  Accuracy dip:      0.0325
  Recovery rounds:   0
  Post-drift stable: 0.4892

OurMethod:
  Pre-drift acc:     0.7136
  Accuracy dip:      0.1201
  Recovery rounds:   Not recovered
  Post-drift stable: 0.5952

Finished at: 2026-05-26 14:07:57
Full output log: experiment_log_20260526_115320.txt
CSV files saved per method (live):
  - results_FedAvg.csv
  - results_Flash.csv
  - results_AdaptiveFedAvg.csv
  - results_OurMethod.csv
  - results_OurMethod_flags.csv (per-client per-round flag data)
