============================================================
Experiment log: experiment_log_20260526_084638.txt
Started at: 2026-05-26 08:46:38
============================================================
Device: cuda
CPU cores detected: 4
Config: 20 clients | alpha=0.1 | 5 epochs | 200 rounds | drift at 100
Pipeline: GPU-resident dataset + GPU-side augmentation
Batch size: 64 | drop_last=True | num_workers=0
Downloading CIFAR-10...
/usr/local/lib/python3.12/dist-packages/torchvision/datasets/cifar.py:83: VisibleDeprecationWarning: dtype(): align should be passed as Python or NumPy boolean but got `align=0`. Did you mean to pass a tuple to create a subarray type? (Deprecated NumPy 2.4)
  entry = pickle.load(f, encoding="latin1")
Partitioning...
Samples/client: min=127 max=5338 mean=2500
Pre-loading GPU-resident tensors...
GPU-resident dataset memory: 703.6 MiB
Model: CifarCNN | Params: 107,690

============================================================
RUNNING METHODS: OurMethod
Rounds per method: 200
============================================================

============================================================
METHOD 4: OurMethod — Drift-Triggered Selective Layer Adaptation
  EMA alpha=0.3 | TAU=1.4 | Warmup=10
============================================================
  Round 000 | Global: 0.2150 | Flagged: 0/20 (L3:0, L4:0) IDs: []
  Round 010 | Global: 0.5470 | Flagged: 0/20 (L3:0, L4:0) IDs: []
  Round 020 | Global: 0.6372 | Flagged: 0/20 (L3:0, L4:0) IDs: []
  Round 030 | Global: 0.6706 | Flagged: 0/20 (L3:0, L4:0) IDs: []
  Round 040 | Global: 0.6914 | Flagged: 0/20 (L3:0, L4:0) IDs: []
  Round 050 | Global: 0.7016 | Flagged: 0/20 (L3:0, L4:0) IDs: []
  Round 060 | Global: 0.7070 | Flagged: 0/20 (L3:0, L4:0) IDs: []
  Round 070 | Global: 0.7112 | Flagged: 0/20 (L3:0, L4:0) IDs: []
  Round 080 | Global: 0.7137 | Flagged: 0/20 (L3:0, L4:0) IDs: []
  Round 090 | Global: 0.7139 | Flagged: 0/20 (L3:0, L4:0) IDs: []

  *** Sudden drift at round 100 ***
  Group A [0, 1, 2, 10, 11, 12]: swap 1<->2
  Group B [3, 4, 5, 13, 14, 15]: swap 3<->4
  Group C [6, 7, 8, 9, 16, 17, 18, 19]: swap 5<->6
  Round 100 | Global: 0.6600 | Flagged: 7/20 (L3:4, L4:7) IDs: [5, 7, 8, 9, 12, 13, 15]  <-- DRIFT
  Round 101 | Global: 0.6525 | Flagged: 7/20 (L3:4, L4:7) IDs: [5, 7, 8, 9, 12, 13, 15]
  Round 102 | Global: 0.6433 | Flagged: 7/20 (L3:4, L4:7) IDs: [5, 7, 8, 9, 12, 13, 15]
  Round 103 | Global: 0.6236 | Flagged: 7/20 (L3:4, L4:6) IDs: [5, 7, 8, 9, 12, 13, 15]
  Round 104 | Global: 0.5994 | Flagged: 5/20 (L3:2, L4:4) IDs: [5, 7, 9, 13, 15]
  Round 105 | Global: 0.6367 | Flagged: 2/20 (L3:0, L4:2) IDs: [9, 13]
  Round 106 | Global: 0.6033 | Flagged: 1/20 (L3:1, L4:0) IDs: [5]
  Round 107 | Global: 0.6026 | Flagged: 2/20 (L3:2, L4:0) IDs: [5, 9]
  Round 108 | Global: 0.6006 | Flagged: 2/20 (L3:2, L4:0) IDs: [5, 9]
  Round 109 | Global: 0.6037 | Flagged: 2/20 (L3:2, L4:0) IDs: [5, 9]
  Round 110 | Global: 0.6073 | Flagged: 2/20 (L3:2, L4:0) IDs: [5, 9]
  Round 111 | Global: 0.6070 | Flagged: 2/20 (L3:2, L4:0) IDs: [5, 9]
  Round 112 | Global: 0.6013 | Flagged: 1/20 (L3:1, L4:0) IDs: [9]
  Round 113 | Global: 0.6088 | Flagged: 1/20 (L3:1, L4:0) IDs: [9]
  Round 114 | Global: 0.6083 | Flagged: 0/20 (L3:0, L4:0) IDs: []
  Round 115 | Global: 0.6016 | Flagged: 0/20 (L3:0, L4:0) IDs: []
  Round 116 | Global: 0.5956 | Flagged: 0/20 (L3:0, L4:0) IDs: []
  Round 117 | Global: 0.6123 | Flagged: 0/20 (L3:0, L4:0) IDs: []
  Round 118 | Global: 0.6020 | Flagged: 0/20 (L3:0, L4:0) IDs: []
  Round 119 | Global: 0.6169 | Flagged: 0/20 (L3:0, L4:0) IDs: []
  Round 120 | Global: 0.6038 | Flagged: 0/20 (L3:0, L4:0) IDs: []
  Round 130 | Global: 0.6123 | Flagged: 0/20 (L3:0, L4:0) IDs: []
  Round 140 | Global: 0.6116 | Flagged: 0/20 (L3:0, L4:0) IDs: []
  Round 150 | Global: 0.6195 | Flagged: 0/20 (L3:0, L4:0) IDs: []
  Round 160 | Global: 0.6146 | Flagged: 0/20 (L3:0, L4:0) IDs: []
  Round 170 | Global: 0.6001 | Flagged: 0/20 (L3:0, L4:0) IDs: []
  Round 180 | Global: 0.6089 | Flagged: 0/20 (L3:0, L4:0) IDs: []
  Round 190 | Global: 0.5958 | Flagged: 0/20 (L3:0, L4:0) IDs: []
  Results: results_OurMethod.csv
  Per-client flags: results_OurMethod_flags.csv

============================================================
FINAL RESULTS SUMMARY
============================================================

OurMethod:
  Pre-drift acc:     0.7142
  Accuracy dip:      0.1148
  Recovery rounds:   Not recovered
  Post-drift stable: 0.6057

Finished at: 2026-05-26 09:20:07
Full output log: experiment_log_20260526_084638.txt
CSV files saved per method (live):
  - results_OurMethod.csv
  - results_OurMethod_flags.csv (per-client per-round flag data)
