============================================================
Experiment log: experiment_log_20260527_031902.txt
Started at: 2026-05-27 03:19:02
============================================================
Device: cuda
CPU cores detected: 4
Config: 20 clients | alpha=0.1 | 5 epochs | 200 rounds | drift at 100
Pipeline: GPU-resident dataset + GPU-side augmentation
Batch size: 64 | drop_last=True | num_workers=0
Downloading CIFAR-10...
/usr/local/lib/python3.12/dist-packages/torchvision/datasets/cifar.py:83: VisibleDeprecationWarning: dtype(): align should be passed as Python or NumPy boolean but got `align=0`. Did you mean to pass a tuple to create a subarray type? (Deprecated NumPy 2.4)
  entry = pickle.load(f, encoding="latin1")
Partitioning...
Samples/client: min=127 max=5338 mean=2500
Pre-loading GPU-resident tensors...
GPU-resident dataset memory: 703.6 MiB
Model: CifarCNN | Params: 107,690

[--seed override] re-seeding to 1 and re-partitioning...
  Re-partitioned: samples/client min=121 max=6775 mean=2500

============================================================
RUNNING METHODS: FedAvg -> Flash -> AdaptiveFedAvg -> OurMethod
Rounds per method: 200
============================================================

============================================================
METHOD 1: FedAvg
============================================================
  Round 000 | Global: 0.2159 | mean local: 0.2109
  Round 010 | Global: 0.5734 | mean local: 0.5306
  Round 020 | Global: 0.6491 | mean local: 0.6092
  Round 030 | Global: 0.6789 | mean local: 0.6576
  Round 040 | Global: 0.6919 | mean local: 0.6715
  Round 050 | Global: 0.6997 | mean local: 0.6905
  Round 060 | Global: 0.7034 | mean local: 0.6957
  Round 070 | Global: 0.7068 | mean local: 0.7022
  Round 080 | Global: 0.7122 | mean local: 0.7045
  Round 090 | Global: 0.7149 | mean local: 0.7107

  *** Sudden drift at round 100 ***
  Group A [0, 1, 2, 10, 11, 12]: swap 1<->2
  Group B [3, 4, 5, 13, 14, 15]: swap 3<->4
  Group C [6, 7, 8, 9, 16, 17, 18, 19]: swap 5<->6
  Round 100 | Global: 0.6386 | mean local: 0.5738  <-- DRIFT
  Round 110 | Global: 0.6213 | mean local: 0.5886
  Round 120 | Global: 0.6136 | mean local: 0.5908
  Round 130 | Global: 0.6111 | mean local: 0.5909
  Round 140 | Global: 0.6220 | mean local: 0.5973
  Round 150 | Global: 0.6139 | mean local: 0.5931
  Round 160 | Global: 0.6095 | mean local: 0.5957
  Round 170 | Global: 0.6078 | mean local: 0.5954
  Round 180 | Global: 0.6213 | mean local: 0.6002
  Round 190 | Global: 0.6123 | mean local: 0.5954
  Results: results_FedAvg_seed1.csv

============================================================
METHOD 2: Flash
============================================================
  Round 000 | Global: 0.1645 | mean local: 0.1470
  Round 010 | Global: 0.5393 | mean local: 0.4996
  Round 020 | Global: 0.6115 | mean local: 0.5766
  Round 030 | Global: 0.6494 | mean local: 0.6245
  Round 040 | Global: 0.6678 | mean local: 0.6492
  Round 050 | Global: 0.6796 | mean local: 0.6669
  Round 060 | Global: 0.6868 | mean local: 0.6742
  Round 070 | Global: 0.6911 | mean local: 0.6795
  Round 080 | Global: 0.6934 | mean local: 0.6878
  Round 090 | Global: 0.6951 | mean local: 0.6919

  *** Sudden drift at round 100 ***
  Group A [0, 1, 2, 10, 11, 12]: swap 1<->2
  Group B [3, 4, 5, 13, 14, 15]: swap 3<->4
  Group C [6, 7, 8, 9, 16, 17, 18, 19]: swap 5<->6
  Round 100 | Global: 0.6921 | mean local: 0.5776  <-- DRIFT
  Round 110 | Global: 0.5477 | mean local: 0.5595
  Round 120 | Global: 0.6108 | mean local: 0.5811
  Round 130 | Global: 0.6126 | mean local: 0.5937
  Round 140 | Global: 0.6208 | mean local: 0.5902
  Round 150 | Global: 0.6196 | mean local: 0.5935
  Round 160 | Global: 0.6206 | mean local: 0.5984
  Round 170 | Global: 0.6263 | mean local: 0.5990
  Round 180 | Global: 0.6245 | mean local: 0.5951
  Round 190 | Global: 0.6203 | mean local: 0.6011
  Results: results_Flash_seed1.csv

============================================================
METHOD 3: Adaptive-FedAvg (Canonji 2021, ported from FedCCFA)
  beta1=0.7 beta2=0.3 beta3=0.7
============================================================
  Round 000 | Global: 0.1812 | mean local: 0.1946 | lr=0.01000
  Round 010 | Global: 0.4598 | mean local: 0.4163 | lr=0.00070
  Round 020 | Global: 0.5046 | mean local: 0.4589 | lr=0.00042
  Round 030 | Global: 0.5260 | mean local: 0.4799 | lr=0.00029
  Round 040 | Global: 0.5396 | mean local: 0.4975 | lr=0.00023
  Round 050 | Global: 0.5542 | mean local: 0.5123 | lr=0.00019
  Round 060 | Global: 0.5644 | mean local: 0.5230 | lr=0.00016
  Round 070 | Global: 0.5715 | mean local: 0.5308 | lr=0.00014
  Round 080 | Global: 0.5779 | mean local: 0.5380 | lr=0.00012
  Round 090 | Global: 0.5857 | mean local: 0.5447 | lr=0.00011

  *** Sudden drift at round 100 ***
  Group A [0, 1, 2, 10, 11, 12]: swap 1<->2
  Group B [3, 4, 5, 13, 14, 15]: swap 3<->4
  Group C [6, 7, 8, 9, 16, 17, 18, 19]: swap 5<->6
  Round 100 | Global: 0.5669 | mean local: 0.4785 | lr=0.00016  <-- DRIFT
  Round 110 | Global: 0.5455 | mean local: 0.4769 | lr=0.00008
  Round 120 | Global: 0.5338 | mean local: 0.4781 | lr=0.00008
  Round 130 | Global: 0.5296 | mean local: 0.4800 | lr=0.00007
  Round 140 | Global: 0.5280 | mean local: 0.4821 | lr=0.00007
  Round 150 | Global: 0.5257 | mean local: 0.4830 | lr=0.00007
  Round 160 | Global: 0.5249 | mean local: 0.4863 | lr=0.00006
  Round 170 | Global: 0.5283 | mean local: 0.4894 | lr=0.00006
  Round 180 | Global: 0.5275 | mean local: 0.4890 | lr=0.00005
  Round 190 | Global: 0.5276 | mean local: 0.4906 | lr=0.00005
  Results: results_AdaptiveFedAvg_seed1.csv

============================================================
METHOD 4: OurMethod — Drift-Triggered Selective Layer Adaptation
  EMA alpha=0.3 | TAU=1.4 | Warmup=10
============================================================
  Round 000 | Global: 0.2140 | Flagged: 0/20 (L3:0, L4:0) IDs: []
  Round 010 | Global: 0.5779 | Flagged: 0/20 (L3:0, L4:0) IDs: []
  Round 020 | Global: 0.6543 | Flagged: 0/20 (L3:0, L4:0) IDs: []
  Round 030 | Global: 0.6863 | Flagged: 0/20 (L3:0, L4:0) IDs: []
  Round 040 | Global: 0.7023 | Flagged: 0/20 (L3:0, L4:0) IDs: []
  Round 050 | Global: 0.7171 | Flagged: 0/20 (L3:0, L4:0) IDs: []
  Round 060 | Global: 0.7243 | Flagged: 0/20 (L3:0, L4:0) IDs: []
  Round 070 | Global: 0.7297 | Flagged: 0/20 (L3:0, L4:0) IDs: []
  Round 080 | Global: 0.7341 | Flagged: 0/20 (L3:0, L4:0) IDs: []
  Round 090 | Global: 0.7321 | Flagged: 0/20 (L3:0, L4:0) IDs: []

  *** Sudden drift at round 100 ***
  Group A [0, 1, 2, 10, 11, 12]: swap 1<->2
  Group B [3, 4, 5, 13, 14, 15]: swap 3<->4
  Group C [6, 7, 8, 9, 16, 17, 18, 19]: swap 5<->6
  Round 100 | Global: 0.6522 | Flagged: 6/20 (L3:6, L4:6) IDs: [3, 4, 5, 9, 13, 14]  <-- DRIFT
  Round 101 | Global: 0.6659 | Flagged: 6/20 (L3:6, L4:6) IDs: [3, 4, 5, 9, 13, 14]
  Round 102 | Global: 0.6525 | Flagged: 6/20 (L3:6, L4:6) IDs: [3, 4, 5, 9, 13, 14]
  Round 103 | Global: 0.6510 | Flagged: 6/20 (L3:5, L4:6) IDs: [3, 4, 5, 9, 13, 14]
  Round 104 | Global: 0.6548 | Flagged: 4/20 (L3:2, L4:4) IDs: [3, 4, 9, 13]
  Round 105 | Global: 0.6358 | Flagged: 1/20 (L3:1, L4:1) IDs: [9]
  Round 106 | Global: 0.6275 | Flagged: 1/20 (L3:0, L4:1) IDs: [9]
  Round 107 | Global: 0.6428 | Flagged: 0/20 (L3:0, L4:0) IDs: []
  Round 108 | Global: 0.6372 | Flagged: 0/20 (L3:0, L4:0) IDs: []
  Round 109 | Global: 0.6368 | Flagged: 0/20 (L3:0, L4:0) IDs: []
  Round 110 | Global: 0.6260 | Flagged: 0/20 (L3:0, L4:0) IDs: []
  Round 111 | Global: 0.6406 | Flagged: 0/20 (L3:0, L4:0) IDs: []
  Round 112 | Global: 0.6321 | Flagged: 0/20 (L3:0, L4:0) IDs: []
  Round 113 | Global: 0.6372 | Flagged: 0/20 (L3:0, L4:0) IDs: []
  Round 114 | Global: 0.6316 | Flagged: 0/20 (L3:0, L4:0) IDs: []
  Round 115 | Global: 0.6308 | Flagged: 0/20 (L3:0, L4:0) IDs: []
  Round 116 | Global: 0.6414 | Flagged: 0/20 (L3:0, L4:0) IDs: []
  Round 117 | Global: 0.6327 | Flagged: 0/20 (L3:0, L4:0) IDs: []
  Round 118 | Global: 0.6312 | Flagged: 0/20 (L3:0, L4:0) IDs: []
  Round 119 | Global: 0.6346 | Flagged: 0/20 (L3:0, L4:0) IDs: []
  Round 120 | Global: 0.6462 | Flagged: 0/20 (L3:0, L4:0) IDs: []
  Round 130 | Global: 0.6337 | Flagged: 0/20 (L3:0, L4:0) IDs: []
  Round 140 | Global: 0.6406 | Flagged: 0/20 (L3:0, L4:0) IDs: []
  Round 150 | Global: 0.6402 | Flagged: 0/20 (L3:0, L4:0) IDs: []
  Round 160 | Global: 0.6306 | Flagged: 0/20 (L3:0, L4:0) IDs: []
  Round 170 | Global: 0.6491 | Flagged: 0/20 (L3:0, L4:0) IDs: []
  Round 180 | Global: 0.6318 | Flagged: 0/20 (L3:0, L4:0) IDs: []
  Round 190 | Global: 0.6332 | Flagged: 0/20 (L3:0, L4:0) IDs: []
  Results: results_OurMethod_seed1.csv
  Per-client flags: results_OurMethod_flags_seed1.csv

============================================================
FINAL RESULTS SUMMARY
============================================================

FedAvg:
  Pre-drift acc:     0.7119
  Accuracy dip:      0.0964
  Recovery rounds:   Not recovered
  Post-drift stable: 0.6140

Flash:
  Pre-drift acc:     0.6955
  Accuracy dip:      0.1613
  Recovery rounds:   0
  Post-drift stable: 0.6261

AdaptiveFedAvg:
  Pre-drift acc:     0.5870
  Accuracy dip:      0.0417
  Recovery rounds:   Not recovered
  Post-drift stable: 0.5271

OurMethod:
  Pre-drift acc:     0.7342
  Accuracy dip:      0.1067
  Recovery rounds:   Not recovered
  Post-drift stable: 0.6353

Finished at: 2026-05-27 05:36:32
Full output log: experiment_log_20260527_031902.txt
CSV files saved per method (live):
  - results_FedAvg.csv
  - results_Flash.csv
  - results_AdaptiveFedAvg.csv
  - results_OurMethod.csv
  - results_OurMethod_flags.csv (per-client per-round flag data)
============================================================
Experiment log: experiment_log_20260527_053638.txt
Started at: 2026-05-27 05:36:38
============================================================
Device: cuda
CPU cores detected: 4
Config: 20 clients | alpha=0.1 | 5 epochs | 200 rounds | drift at 100
Pipeline: GPU-resident dataset + GPU-side augmentation
Batch size: 64 | drop_last=True | num_workers=0
Downloading CIFAR-10...
/usr/local/lib/python3.12/dist-packages/torchvision/datasets/cifar.py:83: VisibleDeprecationWarning: dtype(): align should be passed as Python or NumPy boolean but got `align=0`. Did you mean to pass a tuple to create a subarray type? (Deprecated NumPy 2.4)
  entry = pickle.load(f, encoding="latin1")
Partitioning...
Samples/client: min=127 max=5338 mean=2500
Pre-loading GPU-resident tensors...
GPU-resident dataset memory: 703.6 MiB
Model: CifarCNN | Params: 107,690

[--seed override] re-seeding to 2 and re-partitioning...
  Re-partitioned: samples/client min=83 max=6776 mean=2500

============================================================
RUNNING METHODS: FedAvg -> Flash -> AdaptiveFedAvg -> OurMethod
Rounds per method: 200
============================================================

============================================================
METHOD 1: FedAvg
============================================================
  Round 000 | Global: 0.1833 | mean local: 0.1652
  Round 010 | Global: 0.5854 | mean local: 0.5560
  Round 020 | Global: 0.6521 | mean local: 0.6387
  Round 030 | Global: 0.6778 | mean local: 0.6669
  Round 040 | Global: 0.6943 | mean local: 0.6918
  Round 050 | Global: 0.7016 | mean local: 0.7068
  Round 060 | Global: 0.7106 | mean local: 0.7179
  Round 070 | Global: 0.7178 | mean local: 0.7266
  Round 080 | Global: 0.7196 | mean local: 0.7264
  Round 090 | Global: 0.7188 | mean local: 0.7285

  *** Sudden drift at round 100 ***
  Group A [0, 1, 2, 10, 11, 12]: swap 1<->2
  Group B [3, 4, 5, 13, 14, 15]: swap 3<->4
  Group C [6, 7, 8, 9, 16, 17, 18, 19]: swap 5<->6
  Round 100 | Global: 0.6241 | mean local: 0.5848  <-- DRIFT
  Round 110 | Global: 0.5870 | mean local: 0.6069
  Round 120 | Global: 0.5762 | mean local: 0.6115
  Round 130 | Global: 0.5810 | mean local: 0.6153
  Round 140 | Global: 0.5838 | mean local: 0.6204
  Round 150 | Global: 0.5899 | mean local: 0.6251
  Round 160 | Global: 0.5874 | mean local: 0.6151
  Round 170 | Global: 0.5833 | mean local: 0.6229
  Round 180 | Global: 0.5814 | mean local: 0.6208
  Round 190 | Global: 0.5815 | mean local: 0.6251
  Results: results_FedAvg_seed2.csv

============================================================
METHOD 2: Flash
============================================================
  Round 000 | Global: 0.1736 | mean local: 0.1618
  Round 010 | Global: 0.5235 | mean local: 0.5124
  Round 020 | Global: 0.6045 | mean local: 0.5987
  Round 030 | Global: 0.6436 | mean local: 0.6396
  Round 040 | Global: 0.6653 | mean local: 0.6613
  Round 050 | Global: 0.6804 | mean local: 0.6806
  Round 060 | Global: 0.6806 | mean local: 0.6874
  Round 070 | Global: 0.6821 | mean local: 0.6910
  Round 080 | Global: 0.6948 | mean local: 0.6981
  Round 090 | Global: 0.6909 | mean local: 0.7002

  *** Sudden drift at round 100 ***
  Group A [0, 1, 2, 10, 11, 12]: swap 1<->2
  Group B [3, 4, 5, 13, 14, 15]: swap 3<->4
  Group C [6, 7, 8, 9, 16, 17, 18, 19]: swap 5<->6
  Round 100 | Global: 0.6927 | mean local: 0.5960  <-- DRIFT
  Round 110 | Global: 0.4896 | mean local: 0.5758
  Round 120 | Global: 0.5855 | mean local: 0.6106
  Round 130 | Global: 0.5732 | mean local: 0.6097
  Round 140 | Global: 0.5795 | mean local: 0.6099
  Round 150 | Global: 0.5829 | mean local: 0.6208
  Round 160 | Global: 0.5816 | mean local: 0.6169
  Round 170 | Global: 0.5744 | mean local: 0.6224
  Round 180 | Global: 0.5763 | mean local: 0.6150
  Round 190 | Global: 0.5850 | mean local: 0.6220
  Results: results_Flash_seed2.csv

============================================================
METHOD 3: Adaptive-FedAvg (Canonji 2021, ported from FedCCFA)
  beta1=0.7 beta2=0.3 beta3=0.7
============================================================
  Round 000 | Global: 0.2001 | mean local: 0.1868 | lr=0.01000
  Round 010 | Global: 0.4483 | mean local: 0.4121 | lr=0.00070
  Round 020 | Global: 0.5064 | mean local: 0.4751 | lr=0.00042
  Round 030 | Global: 0.5348 | mean local: 0.5041 | lr=0.00029
  Round 040 | Global: 0.5509 | mean local: 0.5227 | lr=0.00023
  Round 050 | Global: 0.5616 | mean local: 0.5343 | lr=0.00019
  Round 060 | Global: 0.5744 | mean local: 0.5470 | lr=0.00016
  Round 070 | Global: 0.5797 | mean local: 0.5536 | lr=0.00014
  Round 080 | Global: 0.5835 | mean local: 0.5560 | lr=0.00012
  Round 090 | Global: 0.5867 | mean local: 0.5625 | lr=0.00011

  *** Sudden drift at round 100 ***
  Group A [0, 1, 2, 10, 11, 12]: swap 1<->2
  Group B [3, 4, 5, 13, 14, 15]: swap 3<->4
  Group C [6, 7, 8, 9, 16, 17, 18, 19]: swap 5<->6
  Round 100 | Global: 0.5459 | mean local: 0.4772 | lr=0.00022  <-- DRIFT
  Round 110 | Global: 0.4892 | mean local: 0.4744 | lr=0.00008
  Round 120 | Global: 0.4832 | mean local: 0.4782 | lr=0.00008
  Round 130 | Global: 0.4798 | mean local: 0.4832 | lr=0.00007
  Round 140 | Global: 0.4802 | mean local: 0.4890 | lr=0.00007
  Round 150 | Global: 0.4794 | mean local: 0.4920 | lr=0.00006
  Round 160 | Global: 0.4786 | mean local: 0.4946 | lr=0.00006
  Round 170 | Global: 0.4781 | mean local: 0.4982 | lr=0.00006
  Round 180 | Global: 0.4785 | mean local: 0.4979 | lr=0.00005
  Round 190 | Global: 0.4794 | mean local: 0.5016 | lr=0.00005
  Results: results_AdaptiveFedAvg_seed2.csv

============================================================
METHOD 4: OurMethod — Drift-Triggered Selective Layer Adaptation
  EMA alpha=0.3 | TAU=1.4 | Warmup=10
============================================================
  Round 000 | Global: 0.2052 | Flagged: 0/20 (L3:0, L4:0) IDs: []
  Round 010 | Global: 0.5809 | Flagged: 0/20 (L3:0, L4:0) IDs: []
  Round 020 | Global: 0.6459 | Flagged: 0/20 (L3:0, L4:0) IDs: []
  Round 030 | Global: 0.6805 | Flagged: 0/20 (L3:0, L4:0) IDs: []
  Round 040 | Global: 0.6977 | Flagged: 0/20 (L3:0, L4:0) IDs: []
  Round 050 | Global: 0.7072 | Flagged: 0/20 (L3:0, L4:0) IDs: []
  Round 060 | Global: 0.7107 | Flagged: 0/20 (L3:0, L4:0) IDs: []
  Round 070 | Global: 0.7169 | Flagged: 0/20 (L3:0, L4:0) IDs: []
  Round 080 | Global: 0.7156 | Flagged: 0/20 (L3:0, L4:0) IDs: []
  Round 090 | Global: 0.7163 | Flagged: 0/20 (L3:0, L4:0) IDs: []

  *** Sudden drift at round 100 ***
  Group A [0, 1, 2, 10, 11, 12]: swap 1<->2
  Group B [3, 4, 5, 13, 14, 15]: swap 3<->4
  Group C [6, 7, 8, 9, 16, 17, 18, 19]: swap 5<->6
  Round 100 | Global: 0.6159 | Flagged: 8/20 (L3:4, L4:7) IDs: [0, 1, 2, 3, 9, 10, 14, 18]  <-- DRIFT
  Round 101 | Global: 0.6069 | Flagged: 8/20 (L3:4, L4:7) IDs: [0, 1, 2, 3, 9, 10, 14, 18]
  Round 102 | Global: 0.5885 | Flagged: 8/20 (L3:4, L4:7) IDs: [0, 1, 2, 3, 9, 10, 14, 18]
  Round 103 | Global: 0.5782 | Flagged: 8/20 (L3:3, L4:7) IDs: [0, 1, 2, 3, 9, 10, 14, 18]
  Round 104 | Global: 0.5780 | Flagged: 7/20 (L3:2, L4:6) IDs: [0, 2, 3, 9, 10, 14, 18]
  Round 105 | Global: 0.6205 | Flagged: 2/20 (L3:2, L4:1) IDs: [9, 18]
  Round 106 | Global: 0.5968 | Flagged: 2/20 (L3:2, L4:0) IDs: [9, 18]
  Round 107 | Global: 0.6039 | Flagged: 0/20 (L3:0, L4:0) IDs: []
  Round 108 | Global: 0.5995 | Flagged: 0/20 (L3:0, L4:0) IDs: []
  Round 109 | Global: 0.5898 | Flagged: 0/20 (L3:0, L4:0) IDs: []
  Round 110 | Global: 0.5943 | Flagged: 0/20 (L3:0, L4:0) IDs: []
  Round 111 | Global: 0.5892 | Flagged: 0/20 (L3:0, L4:0) IDs: []
  Round 112 | Global: 0.5897 | Flagged: 0/20 (L3:0, L4:0) IDs: []
  Round 113 | Global: 0.5907 | Flagged: 0/20 (L3:0, L4:0) IDs: []
  Round 114 | Global: 0.5862 | Flagged: 0/20 (L3:0, L4:0) IDs: []
  Round 115 | Global: 0.5903 | Flagged: 0/20 (L3:0, L4:0) IDs: []
  Round 116 | Global: 0.5874 | Flagged: 0/20 (L3:0, L4:0) IDs: []
  Round 117 | Global: 0.5851 | Flagged: 0/20 (L3:0, L4:0) IDs: []
  Round 118 | Global: 0.5900 | Flagged: 0/20 (L3:0, L4:0) IDs: []
  Round 119 | Global: 0.5908 | Flagged: 0/20 (L3:0, L4:0) IDs: []
  Round 120 | Global: 0.5845 | Flagged: 0/20 (L3:0, L4:0) IDs: []
  Round 130 | Global: 0.5900 | Flagged: 0/20 (L3:0, L4:0) IDs: []
  Round 140 | Global: 0.5848 | Flagged: 0/20 (L3:0, L4:0) IDs: []
  Round 150 | Global: 0.5724 | Flagged: 0/20 (L3:0, L4:0) IDs: []
  Round 160 | Global: 0.5846 | Flagged: 0/20 (L3:0, L4:0) IDs: []
  Round 170 | Global: 0.5727 | Flagged: 0/20 (L3:0, L4:0) IDs: []
  Round 180 | Global: 0.5736 | Flagged: 0/20 (L3:0, L4:0) IDs: []
  Round 190 | Global: 0.5761 | Flagged: 0/20 (L3:0, L4:0) IDs: []
  Results: results_OurMethod_seed2.csv
  Per-client flags: results_OurMethod_flags_seed2.csv

============================================================
FINAL RESULTS SUMMARY
============================================================

FedAvg:
  Pre-drift acc:     0.7184
  Accuracy dip:      0.1416
  Recovery rounds:   Not recovered
  Post-drift stable: 0.5824

Flash:
  Pre-drift acc:     0.6934
  Accuracy dip:      0.2178
  Recovery rounds:   0
  Post-drift stable: 0.5809

AdaptiveFedAvg:
  Pre-drift acc:     0.5888
  Accuracy dip:      0.0967
  Recovery rounds:   Not recovered
  Post-drift stable: 0.4796

OurMethod:
  Pre-drift acc:     0.7185
  Accuracy dip:      0.1405
  Recovery rounds:   Not recovered
  Post-drift stable: 0.5791

Finished at: 2026-05-27 07:55:12
Full output log: experiment_log_20260527_053638.txt
CSV files saved per method (live):
  - results_FedAvg.csv
  - results_Flash.csv
  - results_AdaptiveFedAvg.csv
  - results_OurMethod.csv
  - results_OurMethod_flags.csv (per-client per-round flag data)
