============================================================
Experiment log: experiment_log_20260604_203839.txt
Started at: 2026-06-04 20:38:39
============================================================
Device: cuda
CPU cores detected: 12
Config: 20 clients | alpha=0.1 | 5 epochs | 200 rounds | drift schedule [100]
Pipeline: GPU-resident dataset + GPU-side augmentation
Batch size: 64 | drop_last=True | num_workers=0
Downloading CIFAR-10...
Files already downloaded and verified
D:\projects\Seminars in AI\Paper\Proposal\Second Semester\Implementation\Experiment\fl_experiment\venv\Lib\site-packages\torchvision\datasets\cifar.py:83: VisibleDeprecationWarning: dtype(): align should be passed as Python or NumPy boolean but got `align=0`. Did you mean to pass a tuple to create a subarray type? (Deprecated NumPy 2.4)
  entry = pickle.load(f, encoding="latin1")
Files already downloaded and verified
Partitioning...
Samples/client: min=127 max=5338 mean=2500
Pre-loading GPU-resident tensors...
GPU-resident dataset memory: 703.6 MiB
Model: CifarCNN | Params: 107,690
[--ablation-all-layers] DRIFT_LAYERS = ['layer1', 'layer2', 'layer3', 'layer4']
[--out-dir] CSVs will be written to: runs/2026-06-04-ablations/all-layers/

============================================================
RUNNING METHODS: OurMethod
Rounds per method: 200
============================================================

============================================================
METHOD 4: OurMethod — Drift-Triggered Selective Layer Adaptation
  EMA alpha=0.3 | TAU=1.4 | Warmup=10
============================================================
  Round 000 | Global: 0.2074 | Flagged: 0/20 (L3:0, L4:0) IDs: []
  Round 010 | Global: 0.5483 | Flagged: 0/20 (L3:0, L4:0) IDs: []
  Round 020 | Global: 0.6321 | Flagged: 0/20 (L3:0, L4:0) IDs: []
  Round 030 | Global: 0.6662 | Flagged: 0/20 (L3:0, L4:0) IDs: []
  Round 040 | Global: 0.6753 | Flagged: 0/20 (L3:0, L4:0) IDs: []
  Round 050 | Global: 0.6919 | Flagged: 0/20 (L3:0, L4:0) IDs: []
  Round 060 | Global: 0.6948 | Flagged: 0/20 (L3:0, L4:0) IDs: []
  Round 070 | Global: 0.7037 | Flagged: 0/20 (L3:0, L4:0) IDs: []
  Round 080 | Global: 0.7010 | Flagged: 0/20 (L3:0, L4:0) IDs: []
  Round 090 | Global: 0.7039 | Flagged: 0/20 (L3:0, L4:0) IDs: []

  *** Drift event 0 at round 100 ***
  Group A [0, 1, 2, 10, 11, 12]: swap 1<->2
  Group B [3, 4, 5, 13, 14, 15]: swap 3<->4
  Group C [6, 7, 8, 9, 16, 17, 18, 19]: swap 5<->6
  Round 100 | Global: 0.6454 | Flagged: 7/20 (L3:5, L4:7) IDs: [5, 7, 8, 9, 12, 13, 15] | hyb-lift(flagged): +0.4625  <-- DRIFT
  Round 101 | Global: 0.6449 | Flagged: 7/20 (L3:5, L4:7) IDs: [5, 7, 8, 9, 12, 13, 15] | hyb-lift(flagged): +0.4984
  Round 102 | Global: 0.6233 | Flagged: 7/20 (L3:5, L4:7) IDs: [5, 7, 8, 9, 12, 13, 15] | hyb-lift(flagged): +0.5313
  Round 103 | Global: 0.5973 | Flagged: 6/20 (L3:4, L4:6) IDs: [5, 8, 9, 12, 13, 15] | hyb-lift(flagged): +0.5035
  Round 104 | Global: 0.5810 | Flagged: 5/20 (L3:1, L4:5) IDs: [5, 8, 9, 13, 15] | hyb-lift(flagged): +0.5039
  Round 105 | Global: 0.6026 | Flagged: 2/20 (L3:1, L4:2) IDs: [9, 13] | hyb-lift(flagged): +0.4652
  Round 106 | Global: 0.5950 | Flagged: 1/20 (L3:1, L4:0) IDs: [5] | hyb-lift(flagged): +0.1452
  Round 107 | Global: 0.5852 | Flagged: 1/20 (L3:1, L4:0) IDs: [5] | hyb-lift(flagged): +0.2560
  Round 108 | Global: 0.5915 | Flagged: 1/20 (L3:1, L4:0) IDs: [5] | hyb-lift(flagged): +0.2904
  Round 109 | Global: 0.5751 | Flagged: 1/20 (L3:1, L4:0) IDs: [5] | hyb-lift(flagged): +0.3174
  Round 110 | Global: 0.5783 | Flagged: 1/20 (L3:1, L4:0) IDs: [5] | hyb-lift(flagged): +0.2829
  Round 111 | Global: 0.5867 | Flagged: 1/20 (L3:1, L4:0) IDs: [5] | hyb-lift(flagged): +0.3533
  Round 112 | Global: 0.5941 | Flagged: 0/20 (L3:0, L4:0) IDs: []
  Round 113 | Global: 0.5839 | Flagged: 0/20 (L3:0, L4:0) IDs: []
  Round 114 | Global: 0.6022 | Flagged: 0/20 (L3:0, L4:0) IDs: []
  Round 115 | Global: 0.5906 | Flagged: 0/20 (L3:0, L4:0) IDs: []
  Round 116 | Global: 0.5969 | Flagged: 0/20 (L3:0, L4:0) IDs: []
  Round 117 | Global: 0.5994 | Flagged: 0/20 (L3:0, L4:0) IDs: []
  Round 118 | Global: 0.5905 | Flagged: 0/20 (L3:0, L4:0) IDs: []
  Round 119 | Global: 0.5841 | Flagged: 0/20 (L3:0, L4:0) IDs: []
  Round 120 | Global: 0.5942 | Flagged: 0/20 (L3:0, L4:0) IDs: []
  Round 130 | Global: 0.5975 | Flagged: 0/20 (L3:0, L4:0) IDs: []
  Round 140 | Global: 0.5907 | Flagged: 0/20 (L3:0, L4:0) IDs: []
  Round 150 | Global: 0.5834 | Flagged: 0/20 (L3:0, L4:0) IDs: []
  Round 160 | Global: 0.5899 | Flagged: 0/20 (L3:0, L4:0) IDs: []
  Round 170 | Global: 0.5937 | Flagged: 0/20 (L3:0, L4:0) IDs: []
  Round 180 | Global: 0.5879 | Flagged: 0/20 (L3:0, L4:0) IDs: []
  Round 190 | Global: 0.5977 | Flagged: 0/20 (L3:0, L4:0) IDs: []
  Results: runs/2026-06-04-ablations/all-layers\results_OurMethod.csv
  Per-client flags: runs/2026-06-04-ablations/all-layers\results_OurMethod_flags.csv

============================================================
FINAL RESULTS SUMMARY
============================================================

OurMethod:
  Pre-drift acc:     0.7047
  Accuracy dip:      0.1296  (at first drift event, round 100)
  Recovery rounds:   Not recovered
  Post-drift stable: 0.5894
  Per-event per-group local-acc dips (using local_cXX):
    event   round     pre(A)     min(A)     dip(A)     pre(B)     min(B)     dip(B)     pre(C)     min(C)     dip(C)
    0         100     0.7744     0.6193     0.1551     0.6384     0.3661     0.2723     0.7698     0.5839     0.1859

Finished at: 2026-06-04 21:47:23
Full output log: experiment_log_20260604_203839.txt
CSV files saved per method (live):
  - results_OurMethod.csv
  - results_OurMethod_flags.csv (per-client per-round flag data)
