============================================================
Experiment log: experiment_log_20260604_214903.txt
Started at: 2026-06-04 21:49:03
============================================================
Device: cuda
CPU cores detected: 12
Config: 20 clients | alpha=0.1 | 5 epochs | 200 rounds | drift schedule [100]
Pipeline: GPU-resident dataset + GPU-side augmentation
Batch size: 64 | drop_last=True | num_workers=0
Downloading CIFAR-10...
Files already downloaded and verified
D:\projects\Seminars in AI\Paper\Proposal\Second Semester\Implementation\Experiment\fl_experiment\venv\Lib\site-packages\torchvision\datasets\cifar.py:83: VisibleDeprecationWarning: dtype(): align should be passed as Python or NumPy boolean but got `align=0`. Did you mean to pass a tuple to create a subarray type? (Deprecated NumPy 2.4)
  entry = pickle.load(f, encoding="latin1")
Files already downloaded and verified
Partitioning...
Samples/client: min=127 max=5338 mean=2500
Pre-loading GPU-resident tensors...
GPU-resident dataset memory: 703.6 MiB
Model: CifarCNN | Params: 107,690
[--ablation-tau] TAU_OUR = 1.6
[--out-dir] CSVs will be written to: runs/2026-06-04-ablations/tau-high/

============================================================
RUNNING METHODS: OurMethod
Rounds per method: 200
============================================================

============================================================
METHOD 4: OurMethod — Drift-Triggered Selective Layer Adaptation
  EMA alpha=0.3 | TAU=1.6 | Warmup=10
============================================================
  Round 000 | Global: 0.2058 | Flagged: 0/20 (L3:0, L4:0) IDs: []
  Round 010 | Global: 0.5471 | Flagged: 0/20 (L3:0, L4:0) IDs: []
  Round 020 | Global: 0.6311 | Flagged: 0/20 (L3:0, L4:0) IDs: []
  Round 030 | Global: 0.6675 | Flagged: 0/20 (L3:0, L4:0) IDs: []
  Round 040 | Global: 0.6763 | Flagged: 0/20 (L3:0, L4:0) IDs: []
  Round 050 | Global: 0.6961 | Flagged: 0/20 (L3:0, L4:0) IDs: []
  Round 060 | Global: 0.6968 | Flagged: 0/20 (L3:0, L4:0) IDs: []
  Round 070 | Global: 0.7049 | Flagged: 0/20 (L3:0, L4:0) IDs: []
  Round 080 | Global: 0.7006 | Flagged: 0/20 (L3:0, L4:0) IDs: []
  Round 090 | Global: 0.7053 | Flagged: 0/20 (L3:0, L4:0) IDs: []

  *** Drift event 0 at round 100 ***
  Group A [0, 1, 2, 10, 11, 12]: swap 1<->2
  Group B [3, 4, 5, 13, 14, 15]: swap 3<->4
  Group C [6, 7, 8, 9, 16, 17, 18, 19]: swap 5<->6
  Round 100 | Global: 0.6173 | Flagged: 3/20 (L3:2, L4:3) IDs: [7, 12, 13] | hyb-lift(flagged): +0.5049  <-- DRIFT
  Round 101 | Global: 0.6279 | Flagged: 2/20 (L3:1, L4:2) IDs: [12, 13] | hyb-lift(flagged): +0.4575
  Round 102 | Global: 0.6108 | Flagged: 1/20 (L3:1, L4:1) IDs: [13] | hyb-lift(flagged): +0.5906
  Round 103 | Global: 0.6017 | Flagged: 1/20 (L3:1, L4:1) IDs: [13] | hyb-lift(flagged): +0.6614
  Round 104 | Global: 0.5922 | Flagged: 1/20 (L3:0, L4:1) IDs: [13] | hyb-lift(flagged): +0.5906
  Round 105 | Global: 0.5882 | Flagged: 0/20 (L3:0, L4:0) IDs: []
  Round 106 | Global: 0.5940 | Flagged: 0/20 (L3:0, L4:0) IDs: []
  Round 107 | Global: 0.5906 | Flagged: 0/20 (L3:0, L4:0) IDs: []
  Round 108 | Global: 0.5834 | Flagged: 0/20 (L3:0, L4:0) IDs: []
  Round 109 | Global: 0.5873 | Flagged: 0/20 (L3:0, L4:0) IDs: []
  Round 110 | Global: 0.5776 | Flagged: 0/20 (L3:0, L4:0) IDs: []
  Round 111 | Global: 0.5892 | Flagged: 0/20 (L3:0, L4:0) IDs: []
  Round 112 | Global: 0.5870 | Flagged: 0/20 (L3:0, L4:0) IDs: []
  Round 113 | Global: 0.5873 | Flagged: 0/20 (L3:0, L4:0) IDs: []
  Round 114 | Global: 0.6014 | Flagged: 0/20 (L3:0, L4:0) IDs: []
  Round 115 | Global: 0.5959 | Flagged: 0/20 (L3:0, L4:0) IDs: []
  Round 116 | Global: 0.5853 | Flagged: 0/20 (L3:0, L4:0) IDs: []
  Round 117 | Global: 0.5907 | Flagged: 0/20 (L3:0, L4:0) IDs: []
  Round 118 | Global: 0.5930 | Flagged: 0/20 (L3:0, L4:0) IDs: []
  Round 119 | Global: 0.5866 | Flagged: 0/20 (L3:0, L4:0) IDs: []
  Round 120 | Global: 0.5889 | Flagged: 0/20 (L3:0, L4:0) IDs: []
  Round 130 | Global: 0.5957 | Flagged: 0/20 (L3:0, L4:0) IDs: []
  Round 140 | Global: 0.5928 | Flagged: 0/20 (L3:0, L4:0) IDs: []
  Round 150 | Global: 0.5839 | Flagged: 0/20 (L3:0, L4:0) IDs: []
  Round 160 | Global: 0.5901 | Flagged: 0/20 (L3:0, L4:0) IDs: []
  Round 170 | Global: 0.5998 | Flagged: 0/20 (L3:0, L4:0) IDs: []
  Round 180 | Global: 0.5918 | Flagged: 0/20 (L3:0, L4:0) IDs: []
  Round 190 | Global: 0.5976 | Flagged: 0/20 (L3:0, L4:0) IDs: []
  Results: runs/2026-06-04-ablations/tau-high\results_OurMethod.csv
  Per-client flags: runs/2026-06-04-ablations/tau-high\results_OurMethod_flags.csv

============================================================
FINAL RESULTS SUMMARY
============================================================

OurMethod:
  Pre-drift acc:     0.7057
  Accuracy dip:      0.1223  (at first drift event, round 100)
  Recovery rounds:   Not recovered
  Post-drift stable: 0.5965
  Per-event per-group local-acc dips (using local_cXX):
    event   round     pre(A)     min(A)     dip(A)     pre(B)     min(B)     dip(B)     pre(C)     min(C)     dip(C)
    0         100     0.7756     0.6310     0.1445     0.6373     0.3766     0.2607     0.7649     0.5852     0.1798

Finished at: 2026-06-04 22:43:28
Full output log: experiment_log_20260604_214903.txt
CSV files saved per method (live):
  - results_OurMethod.csv
  - results_OurMethod_flags.csv (per-client per-round flag data)
