============================================================
Experiment log: experiment_log_20260604_203845.txt
Started at: 2026-06-04 20:38:45
============================================================
Device: cuda
CPU cores detected: 12
Config: 20 clients | alpha=0.1 | 5 epochs | 200 rounds | drift schedule [100]
Pipeline: GPU-resident dataset + GPU-side augmentation
Batch size: 64 | drop_last=True | num_workers=0
Downloading CIFAR-10...
Files already downloaded and verified
D:\projects\Seminars in AI\Paper\Proposal\Second Semester\Implementation\Experiment\fl_experiment\venv\Lib\site-packages\torchvision\datasets\cifar.py:83: VisibleDeprecationWarning: dtype(): align should be passed as Python or NumPy boolean but got `align=0`. Did you mean to pass a tuple to create a subarray type? (Deprecated NumPy 2.4)
  entry = pickle.load(f, encoding="latin1")
Files already downloaded and verified
Partitioning...
Samples/client: min=127 max=5338 mean=2500
Pre-loading GPU-resident tensors...
GPU-resident dataset memory: 703.6 MiB
Model: CifarCNN | Params: 107,690
[--ablation-tau] TAU_OUR = 1.2
[--out-dir] CSVs will be written to: runs/2026-06-04-ablations/tau-low/

============================================================
RUNNING METHODS: OurMethod
Rounds per method: 200
============================================================

============================================================
METHOD 4: OurMethod — Drift-Triggered Selective Layer Adaptation
  EMA alpha=0.3 | TAU=1.2 | Warmup=10
============================================================
  Round 000 | Global: 0.2088 | Flagged: 0/20 (L3:0, L4:0) IDs: []
  Round 010 | Global: 0.5452 | Flagged: 0/20 (L3:0, L4:0) IDs: []
  Round 020 | Global: 0.6309 | Flagged: 0/20 (L3:0, L4:0) IDs: []
  Round 030 | Global: 0.6702 | Flagged: 0/20 (L3:0, L4:0) IDs: []
  Round 040 | Global: 0.6856 | Flagged: 0/20 (L3:0, L4:0) IDs: []
  Round 050 | Global: 0.6943 | Flagged: 0/20 (L3:0, L4:0) IDs: []
  Round 060 | Global: 0.7031 | Flagged: 0/20 (L3:0, L4:0) IDs: []
  Round 070 | Global: 0.7076 | Flagged: 0/20 (L3:0, L4:0) IDs: []
  Round 080 | Global: 0.7065 | Flagged: 0/20 (L3:0, L4:0) IDs: []
  Round 090 | Global: 0.7065 | Flagged: 0/20 (L3:0, L4:0) IDs: []

  *** Drift event 0 at round 100 ***
  Group A [0, 1, 2, 10, 11, 12]: swap 1<->2
  Group B [3, 4, 5, 13, 14, 15]: swap 3<->4
  Group C [6, 7, 8, 9, 16, 17, 18, 19]: swap 5<->6
  Round 100 | Global: 0.6641 | Flagged: 10/20 (L3:8, L4:10) IDs: [5, 7, 8, 9, 10, 11, 12, 13, 15, 17] | hyb-lift(flagged): +0.4189  <-- DRIFT
  Round 101 | Global: 0.6666 | Flagged: 10/20 (L3:8, L4:10) IDs: [5, 7, 8, 9, 10, 11, 12, 13, 15, 17] | hyb-lift(flagged): +0.4640
  Round 102 | Global: 0.6522 | Flagged: 10/20 (L3:8, L4:10) IDs: [5, 7, 8, 9, 10, 11, 12, 13, 15, 17] | hyb-lift(flagged): +0.4836
  Round 103 | Global: 0.6498 | Flagged: 10/20 (L3:8, L4:10) IDs: [5, 7, 8, 9, 10, 11, 12, 13, 15, 17] | hyb-lift(flagged): +0.4873
  Round 104 | Global: 0.6423 | Flagged: 10/20 (L3:8, L4:10) IDs: [5, 7, 8, 9, 10, 11, 12, 13, 15, 17] | hyb-lift(flagged): +0.5049
  Round 105 | Global: 0.6385 | Flagged: 10/20 (L3:8, L4:10) IDs: [5, 7, 8, 9, 10, 11, 12, 13, 15, 17] | hyb-lift(flagged): +0.4940
  Round 106 | Global: 0.6376 | Flagged: 10/20 (L3:8, L4:10) IDs: [5, 7, 8, 9, 10, 11, 12, 13, 15, 17] | hyb-lift(flagged): +0.5002
  Round 107 | Global: 0.6365 | Flagged: 10/20 (L3:8, L4:10) IDs: [5, 7, 8, 9, 10, 11, 12, 13, 15, 17] | hyb-lift(flagged): +0.5149
  Round 108 | Global: 0.6383 | Flagged: 10/20 (L3:8, L4:9) IDs: [5, 7, 8, 9, 10, 11, 12, 13, 15, 17] | hyb-lift(flagged): +0.4961
  Round 109 | Global: 0.6337 | Flagged: 5/20 (L3:4, L4:3) IDs: [7, 9, 12, 13, 17] | hyb-lift(flagged): +0.3716
  Round 110 | Global: 0.6055 | Flagged: 2/20 (L3:2, L4:0) IDs: [10, 12] | hyb-lift(flagged): +0.2326
  Round 111 | Global: 0.6071 | Flagged: 1/20 (L3:1, L4:0) IDs: [10] | hyb-lift(flagged): +0.1782
  Round 112 | Global: 0.5923 | Flagged: 1/20 (L3:1, L4:0) IDs: [10] | hyb-lift(flagged): +0.1861
  Round 113 | Global: 0.5981 | Flagged: 1/20 (L3:1, L4:0) IDs: [10] | hyb-lift(flagged): +0.2180
  Round 114 | Global: 0.5982 | Flagged: 1/20 (L3:1, L4:0) IDs: [10] | hyb-lift(flagged): +0.2379
  Round 115 | Global: 0.6076 | Flagged: 1/20 (L3:1, L4:0) IDs: [10] | hyb-lift(flagged): +0.2292
  Round 116 | Global: 0.6018 | Flagged: 1/20 (L3:1, L4:0) IDs: [10] | hyb-lift(flagged): +0.2654
  Round 117 | Global: 0.5873 | Flagged: 1/20 (L3:1, L4:0) IDs: [10] | hyb-lift(flagged): +0.2521
  Round 118 | Global: 0.5959 | Flagged: 1/20 (L3:1, L4:0) IDs: [10] | hyb-lift(flagged): +0.2464
  Round 119 | Global: 0.5863 | Flagged: 1/20 (L3:1, L4:0) IDs: [10] | hyb-lift(flagged): +0.2657
  Round 120 | Global: 0.5951 | Flagged: 1/20 (L3:1, L4:0) IDs: [10] | hyb-lift(flagged): +0.2820
  Round 130 | Global: 0.6023 | Flagged: 0/20 (L3:0, L4:0) IDs: []
  Round 140 | Global: 0.6024 | Flagged: 0/20 (L3:0, L4:0) IDs: []
  Round 150 | Global: 0.5873 | Flagged: 0/20 (L3:0, L4:0) IDs: []
  Round 160 | Global: 0.5973 | Flagged: 0/20 (L3:0, L4:0) IDs: []
  Round 170 | Global: 0.5853 | Flagged: 0/20 (L3:0, L4:0) IDs: []
  Round 180 | Global: 0.5935 | Flagged: 0/20 (L3:0, L4:0) IDs: []
  Round 190 | Global: 0.5950 | Flagged: 0/20 (L3:0, L4:0) IDs: []
  Results: runs/2026-06-04-ablations/tau-low\results_OurMethod.csv
  Per-client flags: runs/2026-06-04-ablations/tau-low\results_OurMethod_flags.csv

============================================================
FINAL RESULTS SUMMARY
============================================================

OurMethod:
  Pre-drift acc:     0.7077
  Accuracy dip:      0.0740  (at first drift event, round 100)
  Recovery rounds:   Not recovered
  Post-drift stable: 0.5924
  Per-event per-group local-acc dips (using local_cXX):
    event   round     pre(A)     min(A)     dip(A)     pre(B)     min(B)     dip(B)     pre(C)     min(C)     dip(C)
    0         100     0.7734     0.6418     0.1315     0.6484     0.3757     0.2727     0.7717     0.5713     0.2003

Finished at: 2026-06-04 21:48:18
Full output log: experiment_log_20260604_203845.txt
CSV files saved per method (live):
  - results_OurMethod.csv
  - results_OurMethod_flags.csv (per-client per-round flag data)
