============================================================
Experiment log: experiment_log_20260604_191127.txt
Started at: 2026-06-04 19:11:27
============================================================
Device: cuda
CPU cores detected: 12
Config: 20 clients | alpha=0.1 | 5 epochs | 200 rounds | drift schedule [100]
Pipeline: GPU-resident dataset + GPU-side augmentation
Batch size: 64 | drop_last=True | num_workers=0
Downloading CIFAR-10...
Files already downloaded and verified
D:\projects\Seminars in AI\Paper\Proposal\Second Semester\Implementation\Experiment\fl_experiment\venv\Lib\site-packages\torchvision\datasets\cifar.py:83: VisibleDeprecationWarning: dtype(): align should be passed as Python or NumPy boolean but got `align=0`. Did you mean to pass a tuple to create a subarray type? (Deprecated NumPy 2.4)
  entry = pickle.load(f, encoding="latin1")
Files already downloaded and verified
Partitioning...
Samples/client: min=127 max=5338 mean=2500
Pre-loading GPU-resident tensors...
GPU-resident dataset memory: 703.6 MiB
Model: CifarCNN | Params: 107,690
[--ablation-tau] TAU_OUR = inf (detection disabled — no layer will ever flag)
[--out-dir] CSVs will be written to: runs/2026-06-04-ablations/no-detection/

============================================================
RUNNING METHODS: OurMethod
Rounds per method: 200
============================================================

============================================================
METHOD 4: OurMethod — Drift-Triggered Selective Layer Adaptation
  EMA alpha=0.3 | TAU=inf | Warmup=10
============================================================
  Round 000 | Global: 0.2084 | Flagged: 0/20 (L3:0, L4:0) IDs: []
  Round 010 | Global: 0.5432 | Flagged: 0/20 (L3:0, L4:0) IDs: []
  Round 020 | Global: 0.6291 | Flagged: 0/20 (L3:0, L4:0) IDs: []
  Round 030 | Global: 0.6664 | Flagged: 0/20 (L3:0, L4:0) IDs: []
  Round 040 | Global: 0.6754 | Flagged: 0/20 (L3:0, L4:0) IDs: []
  Round 050 | Global: 0.6955 | Flagged: 0/20 (L3:0, L4:0) IDs: []
  Round 060 | Global: 0.6969 | Flagged: 0/20 (L3:0, L4:0) IDs: []
  Round 070 | Global: 0.7035 | Flagged: 0/20 (L3:0, L4:0) IDs: []
  Round 080 | Global: 0.7035 | Flagged: 0/20 (L3:0, L4:0) IDs: []
  Round 090 | Global: 0.7055 | Flagged: 0/20 (L3:0, L4:0) IDs: []

  *** Drift event 0 at round 100 ***
  Group A [0, 1, 2, 10, 11, 12]: swap 1<->2
  Group B [3, 4, 5, 13, 14, 15]: swap 3<->4
  Group C [6, 7, 8, 9, 16, 17, 18, 19]: swap 5<->6
  Round 100 | Global: 0.6122 | Flagged: 0/20 (L3:0, L4:0) IDs: []  <-- DRIFT
  Round 101 | Global: 0.6335 | Flagged: 0/20 (L3:0, L4:0) IDs: []
  Round 102 | Global: 0.6093 | Flagged: 0/20 (L3:0, L4:0) IDs: []
  Round 103 | Global: 0.5967 | Flagged: 0/20 (L3:0, L4:0) IDs: []
  Round 104 | Global: 0.5946 | Flagged: 0/20 (L3:0, L4:0) IDs: []
  Round 105 | Global: 0.5854 | Flagged: 0/20 (L3:0, L4:0) IDs: []
  Round 106 | Global: 0.5997 | Flagged: 0/20 (L3:0, L4:0) IDs: []
  Round 107 | Global: 0.6000 | Flagged: 0/20 (L3:0, L4:0) IDs: []
  Round 108 | Global: 0.5939 | Flagged: 0/20 (L3:0, L4:0) IDs: []
  Round 109 | Global: 0.5806 | Flagged: 0/20 (L3:0, L4:0) IDs: []
  Round 110 | Global: 0.5816 | Flagged: 0/20 (L3:0, L4:0) IDs: []
  Round 111 | Global: 0.5951 | Flagged: 0/20 (L3:0, L4:0) IDs: []
  Round 112 | Global: 0.5919 | Flagged: 0/20 (L3:0, L4:0) IDs: []
  Round 113 | Global: 0.5911 | Flagged: 0/20 (L3:0, L4:0) IDs: []
  Round 114 | Global: 0.5996 | Flagged: 0/20 (L3:0, L4:0) IDs: []
  Round 115 | Global: 0.5924 | Flagged: 0/20 (L3:0, L4:0) IDs: []
  Round 116 | Global: 0.5963 | Flagged: 0/20 (L3:0, L4:0) IDs: []
  Round 117 | Global: 0.5966 | Flagged: 0/20 (L3:0, L4:0) IDs: []
  Round 118 | Global: 0.5961 | Flagged: 0/20 (L3:0, L4:0) IDs: []
  Round 119 | Global: 0.5961 | Flagged: 0/20 (L3:0, L4:0) IDs: []
  Round 120 | Global: 0.5917 | Flagged: 0/20 (L3:0, L4:0) IDs: []
  Round 130 | Global: 0.5966 | Flagged: 0/20 (L3:0, L4:0) IDs: []
  Round 140 | Global: 0.5978 | Flagged: 0/20 (L3:0, L4:0) IDs: []
  Round 150 | Global: 0.5859 | Flagged: 0/20 (L3:0, L4:0) IDs: []
  Round 160 | Global: 0.5948 | Flagged: 0/20 (L3:0, L4:0) IDs: []
  Round 170 | Global: 0.5837 | Flagged: 0/20 (L3:0, L4:0) IDs: []
  Round 180 | Global: 0.5928 | Flagged: 0/20 (L3:0, L4:0) IDs: []
  Round 190 | Global: 0.5925 | Flagged: 0/20 (L3:0, L4:0) IDs: []
  Results: runs/2026-06-04-ablations/no-detection\results_OurMethod.csv
  Per-client flags: runs/2026-06-04-ablations/no-detection\results_OurMethod_flags.csv

============================================================
FINAL RESULTS SUMMARY
============================================================

OurMethod:
  Pre-drift acc:     0.7071
  Accuracy dip:      0.1265  (at first drift event, round 100)
  Recovery rounds:   Not recovered
  Post-drift stable: 0.5876
  Per-event per-group local-acc dips (using local_cXX):
    event   round     pre(A)     min(A)     dip(A)     pre(B)     min(B)     dip(B)     pre(C)     min(C)     dip(C)
    0         100     0.7726     0.6296     0.1430     0.6399     0.3663     0.2736     0.7703     0.5702     0.2001

Finished at: 2026-06-04 20:38:03
Full output log: experiment_log_20260604_191127.txt
CSV files saved per method (live):
  - results_OurMethod.csv
  - results_OurMethod_flags.csv (per-client per-round flag data)
