============================================================
Experiment log: experiment_log_20260604_191127.txt
Started at: 2026-06-04 19:11:27
============================================================
Device: cuda
CPU cores detected: 12
Config: 20 clients | alpha=0.1 | 5 epochs | 200 rounds | drift schedule [100]
Pipeline: GPU-resident dataset + GPU-side augmentation
Batch size: 64 | drop_last=True | num_workers=0
Downloading CIFAR-10...
Files already downloaded and verified
D:\projects\Seminars in AI\Paper\Proposal\Second Semester\Implementation\Experiment\fl_experiment\venv\Lib\site-packages\torchvision\datasets\cifar.py:83: VisibleDeprecationWarning: dtype(): align should be passed as Python or NumPy boolean but got `align=0`. Did you mean to pass a tuple to create a subarray type? (Deprecated NumPy 2.4)
  entry = pickle.load(f, encoding="latin1")
Files already downloaded and verified
Partitioning...
Samples/client: min=127 max=5338 mean=2500
Pre-loading GPU-resident tensors...
GPU-resident dataset memory: 703.6 MiB
Model: CifarCNN | Params: 107,690
[--out-dir] CSVs will be written to: runs/2026-06-04-ablations/baseline/

============================================================
RUNNING METHODS: OurMethod
Rounds per method: 200
============================================================

============================================================
METHOD 4: OurMethod — Drift-Triggered Selective Layer Adaptation
  EMA alpha=0.3 | TAU=1.4 | Warmup=10
============================================================
  Round 000 | Global: 0.2071 | Flagged: 0/20 (L3:0, L4:0) IDs: []
  Round 010 | Global: 0.5460 | Flagged: 0/20 (L3:0, L4:0) IDs: []
  Round 020 | Global: 0.6292 | Flagged: 0/20 (L3:0, L4:0) IDs: []
  Round 030 | Global: 0.6651 | Flagged: 0/20 (L3:0, L4:0) IDs: []
  Round 040 | Global: 0.6788 | Flagged: 0/20 (L3:0, L4:0) IDs: []
  Round 050 | Global: 0.6879 | Flagged: 0/20 (L3:0, L4:0) IDs: []
  Round 060 | Global: 0.7014 | Flagged: 0/20 (L3:0, L4:0) IDs: []
  Round 070 | Global: 0.7001 | Flagged: 0/20 (L3:0, L4:0) IDs: []
  Round 080 | Global: 0.7004 | Flagged: 0/20 (L3:0, L4:0) IDs: []
  Round 090 | Global: 0.6986 | Flagged: 0/20 (L3:0, L4:0) IDs: []

  *** Drift event 0 at round 100 ***
  Group A [0, 1, 2, 10, 11, 12]: swap 1<->2
  Group B [3, 4, 5, 13, 14, 15]: swap 3<->4
  Group C [6, 7, 8, 9, 16, 17, 18, 19]: swap 5<->6
  Round 100 | Global: 0.6284 | Flagged: 6/20 (L3:4, L4:6) IDs: [5, 7, 8, 9, 12, 13] | hyb-lift(flagged): +0.4273  <-- DRIFT
  Round 101 | Global: 0.6412 | Flagged: 6/20 (L3:4, L4:6) IDs: [5, 7, 8, 9, 12, 13] | hyb-lift(flagged): +0.4893
  Round 102 | Global: 0.6268 | Flagged: 6/20 (L3:4, L4:6) IDs: [5, 7, 8, 9, 12, 13] | hyb-lift(flagged): +0.4997
  Round 103 | Global: 0.6261 | Flagged: 6/20 (L3:4, L4:6) IDs: [5, 7, 8, 9, 12, 13] | hyb-lift(flagged): +0.5230
  Round 104 | Global: 0.5906 | Flagged: 3/20 (L3:1, L4:3) IDs: [5, 9, 13] | hyb-lift(flagged): +0.5463
  Round 105 | Global: 0.5936 | Flagged: 1/20 (L3:1, L4:1) IDs: [13] | hyb-lift(flagged): +0.6457
  Round 106 | Global: 0.5911 | Flagged: 1/20 (L3:1, L4:0) IDs: [9] | hyb-lift(flagged): +0.1250
  Round 107 | Global: 0.5911 | Flagged: 1/20 (L3:1, L4:0) IDs: [9] | hyb-lift(flagged): +0.1562
  Round 108 | Global: 0.5904 | Flagged: 1/20 (L3:1, L4:0) IDs: [9] | hyb-lift(flagged): +0.1920
  Round 109 | Global: 0.5830 | Flagged: 1/20 (L3:1, L4:0) IDs: [9] | hyb-lift(flagged): +0.2054
  Round 110 | Global: 0.5876 | Flagged: 1/20 (L3:1, L4:0) IDs: [9] | hyb-lift(flagged): +0.2054
  Round 111 | Global: 0.5882 | Flagged: 1/20 (L3:1, L4:0) IDs: [9] | hyb-lift(flagged): +0.2545
  Round 112 | Global: 0.5950 | Flagged: 1/20 (L3:1, L4:0) IDs: [9] | hyb-lift(flagged): +0.2366
  Round 113 | Global: 0.5865 | Flagged: 0/20 (L3:0, L4:0) IDs: []
  Round 114 | Global: 0.5974 | Flagged: 0/20 (L3:0, L4:0) IDs: []
  Round 115 | Global: 0.6009 | Flagged: 0/20 (L3:0, L4:0) IDs: []
  Round 116 | Global: 0.5890 | Flagged: 0/20 (L3:0, L4:0) IDs: []
  Round 117 | Global: 0.5956 | Flagged: 0/20 (L3:0, L4:0) IDs: []
  Round 118 | Global: 0.5911 | Flagged: 0/20 (L3:0, L4:0) IDs: []
  Round 119 | Global: 0.5919 | Flagged: 0/20 (L3:0, L4:0) IDs: []
  Round 120 | Global: 0.5937 | Flagged: 0/20 (L3:0, L4:0) IDs: []
  Round 130 | Global: 0.5941 | Flagged: 0/20 (L3:0, L4:0) IDs: []
  Round 140 | Global: 0.6061 | Flagged: 0/20 (L3:0, L4:0) IDs: []
  Round 150 | Global: 0.5884 | Flagged: 0/20 (L3:0, L4:0) IDs: []
  Round 160 | Global: 0.5831 | Flagged: 0/20 (L3:0, L4:0) IDs: []
  Round 170 | Global: 0.5922 | Flagged: 0/20 (L3:0, L4:0) IDs: []
  Round 180 | Global: 0.5831 | Flagged: 0/20 (L3:0, L4:0) IDs: []
  Round 190 | Global: 0.5984 | Flagged: 0/20 (L3:0, L4:0) IDs: []
  Results: runs/2026-06-04-ablations/baseline\results_OurMethod.csv
  Per-client flags: runs/2026-06-04-ablations/baseline\results_OurMethod_flags.csv

============================================================
FINAL RESULTS SUMMARY
============================================================

OurMethod:
  Pre-drift acc:     0.7026
  Accuracy dip:      0.1196  (at first drift event, round 100)
  Recovery rounds:   Not recovered
  Post-drift stable: 0.5884
  Per-event per-group local-acc dips (using local_cXX):
    event   round     pre(A)     min(A)     dip(A)     pre(B)     min(B)     dip(B)     pre(C)     min(C)     dip(C)
    0         100     0.7733     0.6296     0.1438     0.6312     0.3724     0.2587     0.7683     0.5817     0.1866

Finished at: 2026-06-04 20:38:02
Full output log: experiment_log_20260604_191127.txt
CSV files saved per method (live):
  - results_OurMethod.csv
  - results_OurMethod_flags.csv (per-client per-round flag data)
