============================================================
Experiment log: experiment_log_20260609_140529.txt
Started at: 2026-06-09 14:05:29
============================================================
Device: cuda
CPU cores detected: 4
Config: 20 clients | alpha=0.1 | 5 epochs | 200 rounds | drift schedule [100]
Pipeline: GPU-resident dataset + GPU-side augmentation
Batch size: 64 | drop_last=True | num_workers=0
Downloading CIFAR-10...
/usr/local/lib/python3.12/dist-packages/torchvision/datasets/cifar.py:83: VisibleDeprecationWarning: dtype(): align should be passed as Python or NumPy boolean but got `align=0`. Did you mean to pass a tuple to create a subarray type? (Deprecated NumPy 2.4)
  entry = pickle.load(f, encoding="latin1")
Partitioning...
Samples/client: min=127 max=5338 mean=2500
Pre-loading GPU-resident tensors...
GPU-resident dataset memory: 703.6 MiB
Model: CifarCNN | Params: 107,690

[--rounds override] NUM_ROUNDS=200
[--adaptive-init-lr] ADAPTIVE_INIT_LR = 0.001
[--out-dir] CSVs will be written to: runs/2026-06-09-adaptive-lr-sweep/lr_0p001//

============================================================
RUNNING METHODS: AdaptiveFedAvg
Rounds per method: 200
============================================================

============================================================
METHOD 3: Adaptive-FedAvg (Canonji 2021, ported from FedCCFA)
  beta1=0.7 beta2=0.3 beta3=0.7
============================================================
  Round 000 | Global: 0.1602 | per-client: 0.1602 | mean local: 0.1849 | lr=0.00100
  Round 010 | Global: 0.2935 | per-client: 0.2935 | mean local: 0.2782 | lr=0.00095
  Round 020 | Global: 0.3884 | per-client: 0.3884 | mean local: 0.3801 | lr=0.00098
  Round 030 | Global: 0.4475 | per-client: 0.4475 | mean local: 0.4376 | lr=0.00097
  Round 040 | Global: 0.5001 | per-client: 0.5001 | mean local: 0.4843 | lr=0.00099
  Round 050 | Global: 0.5355 | per-client: 0.5355 | mean local: 0.5203 | lr=0.00098
  Round 060 | Global: 0.5628 | per-client: 0.5628 | mean local: 0.5548 | lr=0.00098
  Round 070 | Global: 0.5806 | per-client: 0.5806 | mean local: 0.5735 | lr=0.00099
  Round 080 | Global: 0.5985 | per-client: 0.5985 | mean local: 0.5958 | lr=0.00099
  Round 090 | Global: 0.6117 | per-client: 0.6117 | mean local: 0.6097 | lr=0.00099

  *** Drift event 0 at round 100 ***
  Group A [0, 1, 2, 10, 11, 12]: swap 1<->2
  Group B [3, 4, 5, 13, 14, 15]: swap 3<->4
  Group C [6, 7, 8, 9, 16, 17, 18, 19]: swap 5<->6
  Round 100 | Global: 0.5759 | per-client: 0.4933 | mean local: 0.5131 | lr=0.00100  <-- DRIFT
  Round 110 | Global: 0.5214 | per-client: 0.4858 | mean local: 0.5010 | lr=0.00096
  Round 120 | Global: 0.5104 | per-client: 0.4901 | mean local: 0.5080 | lr=0.00098
  Round 130 | Global: 0.5068 | per-client: 0.4922 | mean local: 0.5103 | lr=0.00099
  Round 140 | Global: 0.5158 | per-client: 0.4989 | mean local: 0.5182 | lr=0.00099
  Round 150 | Global: 0.5237 | per-client: 0.5053 | mean local: 0.5282 | lr=0.00099
  Round 160 | Global: 0.5282 | per-client: 0.5074 | mean local: 0.5271 | lr=0.00099
  Round 170 | Global: 0.5334 | per-client: 0.5110 | mean local: 0.5309 | lr=0.00100
  Round 180 | Global: 0.5341 | per-client: 0.5112 | mean local: 0.5357 | lr=0.00100
  Round 190 | Global: 0.5399 | per-client: 0.5152 | mean local: 0.5385 | lr=0.00100
  Results: runs/2026-06-09-adaptive-lr-sweep/lr_0p001/results_AdaptiveFedAvg.csv

============================================================
FINAL RESULTS SUMMARY
============================================================

AdaptiveFedAvg:
  Pre-drift acc:     0.6143
  Accuracy dip:      0.0920  (at first drift event, round 100)
  Recovery rounds:   Not recovered
  Post-drift stable: 0.5423
  Per-event per-group local-acc dips (using local_cXX):
    event   round     pre(A)     min(A)     dip(A)     pre(B)     min(B)     dip(B)     pre(C)     min(C)     dip(C)
    0         100     0.6681     0.5745     0.0936     0.5097     0.3783     0.1313     0.6533     0.4787     0.1746

Finished at: 2026-06-09 14:42:56
Full output log: experiment_log_20260609_140529.txt
CSV files saved per method (live):
  - results_AdaptiveFedAvg.csv
