============================================================
Experiment log: experiment_log_20260609_132727.txt
Started at: 2026-06-09 13:27:27
============================================================
Device: cuda
CPU cores detected: 4
Config: 20 clients | alpha=0.1 | 5 epochs | 200 rounds | drift schedule [100]
Pipeline: GPU-resident dataset + GPU-side augmentation
Batch size: 64 | drop_last=True | num_workers=0
Downloading CIFAR-10...
/usr/local/lib/python3.12/dist-packages/torchvision/datasets/cifar.py:83: VisibleDeprecationWarning: dtype(): align should be passed as Python or NumPy boolean but got `align=0`. Did you mean to pass a tuple to create a subarray type? (Deprecated NumPy 2.4)
  entry = pickle.load(f, encoding="latin1")
Partitioning...
Samples/client: min=127 max=5338 mean=2500
Pre-loading GPU-resident tensors...
GPU-resident dataset memory: 703.6 MiB
Model: CifarCNN | Params: 107,690

[--rounds override] NUM_ROUNDS=200
[--adaptive-init-lr] ADAPTIVE_INIT_LR = 0.01
[--out-dir] CSVs will be written to: runs/2026-06-09-adaptive-lr-sweep/lr_0p01//

============================================================
RUNNING METHODS: AdaptiveFedAvg
Rounds per method: 200
============================================================

============================================================
METHOD 3: Adaptive-FedAvg (Canonji 2021, ported from FedCCFA)
  beta1=0.7 beta2=0.3 beta3=0.7
============================================================
  Round 000 | Global: 0.2147 | per-client: 0.2147 | mean local: 0.2091 | lr=0.01000
  Round 010 | Global: 0.5239 | per-client: 0.5239 | mean local: 0.5050 | lr=0.01000
  Round 020 | Global: 0.6248 | per-client: 0.6248 | mean local: 0.6303 | lr=0.00945
  Round 030 | Global: 0.6615 | per-client: 0.6615 | mean local: 0.6654 | lr=0.00974
  Round 040 | Global: 0.6837 | per-client: 0.6837 | mean local: 0.6934 | lr=0.00985
  Round 050 | Global: 0.6898 | per-client: 0.6898 | mean local: 0.7040 | lr=0.00988
  Round 060 | Global: 0.6924 | per-client: 0.6924 | mean local: 0.7126 | lr=0.00993
  Round 070 | Global: 0.7009 | per-client: 0.7009 | mean local: 0.7230 | lr=0.00998
  Round 080 | Global: 0.7023 | per-client: 0.7023 | mean local: 0.7263 | lr=0.00998
  Round 090 | Global: 0.6999 | per-client: 0.6999 | mean local: 0.7285 | lr=0.00998

  *** Drift event 0 at round 100 ***
  Group A [0, 1, 2, 10, 11, 12]: swap 1<->2
  Group B [3, 4, 5, 13, 14, 15]: swap 3<->4
  Group C [6, 7, 8, 9, 16, 17, 18, 19]: swap 5<->6
  Round 100 | Global: 0.6179 | per-client: 0.5407 | mean local: 0.5588 | lr=0.01000  <-- DRIFT
  Round 110 | Global: 0.5795 | per-client: 0.5409 | mean local: 0.5714 | lr=0.00967
  Round 120 | Global: 0.5793 | per-client: 0.5431 | mean local: 0.5757 | lr=0.00991
  Round 130 | Global: 0.5708 | per-client: 0.5403 | mean local: 0.5723 | lr=0.00994
  Round 140 | Global: 0.5695 | per-client: 0.5372 | mean local: 0.5668 | lr=0.00999
  Round 150 | Global: 0.5732 | per-client: 0.5373 | mean local: 0.5748 | lr=0.00996
  Round 160 | Global: 0.5865 | per-client: 0.5449 | mean local: 0.5780 | lr=0.01000
  Round 170 | Global: 0.5801 | per-client: 0.5415 | mean local: 0.5774 | lr=0.01000
  Round 180 | Global: 0.5889 | per-client: 0.5438 | mean local: 0.5782 | lr=0.01000
  Round 190 | Global: 0.5698 | per-client: 0.5381 | mean local: 0.5771 | lr=0.00998
  Results: runs/2026-06-09-adaptive-lr-sweep/lr_0p01/results_AdaptiveFedAvg.csv

============================================================
FINAL RESULTS SUMMARY
============================================================

AdaptiveFedAvg:
  Pre-drift acc:     0.7007
  Accuracy dip:      0.1278  (at first drift event, round 100)
  Recovery rounds:   Not recovered
  Post-drift stable: 0.5812
  Per-event per-group local-acc dips (using local_cXX):
    event   round     pre(A)     min(A)     dip(A)     pre(B)     min(B)     dip(B)     pre(C)     min(C)     dip(C)
    0         100     0.7735     0.6371     0.1364     0.6283     0.3833     0.2450     0.7658     0.5746     0.1912

Finished at: 2026-06-09 14:05:03
Full output log: experiment_log_20260609_132727.txt
CSV files saved per method (live):
  - results_AdaptiveFedAvg.csv
