============================================================
Experiment log: experiment_log_20260609_132727.txt
Started at: 2026-06-09 13:27:27
============================================================
Device: cuda
CPU cores detected: 4
Config: 20 clients | alpha=0.1 | 5 epochs | 200 rounds | drift schedule [100]
Pipeline: GPU-resident dataset + GPU-side augmentation
Batch size: 64 | drop_last=True | num_workers=0
Downloading CIFAR-10...
/usr/local/lib/python3.12/dist-packages/torchvision/datasets/cifar.py:83: VisibleDeprecationWarning: dtype(): align should be passed as Python or NumPy boolean but got `align=0`. Did you mean to pass a tuple to create a subarray type? (Deprecated NumPy 2.4)
  entry = pickle.load(f, encoding="latin1")
Partitioning...
Samples/client: min=127 max=5338 mean=2500
Pre-loading GPU-resident tensors...
GPU-resident dataset memory: 703.6 MiB
Model: CifarCNN | Params: 107,690

[--rounds override] NUM_ROUNDS=200
[--adaptive-init-lr] ADAPTIVE_INIT_LR = 0.1
[--out-dir] CSVs will be written to: runs/2026-06-09-adaptive-lr-sweep/lr_0p1//

============================================================
RUNNING METHODS: AdaptiveFedAvg
Rounds per method: 200
============================================================

============================================================
METHOD 3: Adaptive-FedAvg (Canonji 2021, ported from FedCCFA)
  beta1=0.7 beta2=0.3 beta3=0.7
============================================================
  Round 000 | Global: 0.1000 | per-client: 0.1000 | mean local: 0.1332 | lr=0.10000
  Round 010 | Global: 0.1000 | per-client: 0.1000 | mean local: 0.1332 | lr=0.10000
  Round 020 | Global: 0.1000 | per-client: 0.1000 | mean local: 0.1332 | lr=0.10000
  Round 030 | Global: 0.1000 | per-client: 0.1000 | mean local: 0.1332 | lr=0.10000
  Round 040 | Global: 0.1000 | per-client: 0.1000 | mean local: 0.1332 | lr=0.10000
  Round 050 | Global: 0.1000 | per-client: 0.1000 | mean local: 0.1332 | lr=0.10000
  Round 060 | Global: 0.1000 | per-client: 0.1000 | mean local: 0.1332 | lr=0.10000
  Round 070 | Global: 0.1000 | per-client: 0.1000 | mean local: 0.1332 | lr=0.10000
  Round 080 | Global: 0.1000 | per-client: 0.1000 | mean local: 0.1332 | lr=0.10000
  Round 090 | Global: 0.1000 | per-client: 0.1000 | mean local: 0.1332 | lr=0.10000

  *** Drift event 0 at round 100 ***
  Group A [0, 1, 2, 10, 11, 12]: swap 1<->2
  Group B [3, 4, 5, 13, 14, 15]: swap 3<->4
  Group C [6, 7, 8, 9, 16, 17, 18, 19]: swap 5<->6
  Round 100 | Global: 0.1000 | per-client: 0.1000 | mean local: 0.1332 | lr=0.10000  <-- DRIFT
  Round 110 | Global: 0.1000 | per-client: 0.1000 | mean local: 0.1332 | lr=0.10000
  Round 120 | Global: 0.1000 | per-client: 0.1000 | mean local: 0.1332 | lr=0.10000
  Round 130 | Global: 0.1000 | per-client: 0.1000 | mean local: 0.1332 | lr=0.10000
  Round 140 | Global: 0.1000 | per-client: 0.1000 | mean local: 0.1332 | lr=0.10000
  Round 150 | Global: 0.1000 | per-client: 0.1000 | mean local: 0.1332 | lr=0.10000
  Round 160 | Global: 0.1000 | per-client: 0.1000 | mean local: 0.1332 | lr=0.10000
  Round 170 | Global: 0.1000 | per-client: 0.1000 | mean local: 0.1332 | lr=0.10000
  Round 180 | Global: 0.1000 | per-client: 0.1000 | mean local: 0.1332 | lr=0.10000
  Round 190 | Global: 0.1000 | per-client: 0.1000 | mean local: 0.1332 | lr=0.10000
  Results: runs/2026-06-09-adaptive-lr-sweep/lr_0p1/results_AdaptiveFedAvg.csv

============================================================
FINAL RESULTS SUMMARY
============================================================

AdaptiveFedAvg:
  Pre-drift acc:     0.1000
  Accuracy dip:      0.0000  (at first drift event, round 100)
  Recovery rounds:   0
  Post-drift stable: 0.1000
  Per-event per-group local-acc dips (using local_cXX):
    event   round     pre(A)     min(A)     dip(A)     pre(B)     min(B)     dip(B)     pre(C)     min(C)     dip(C)
    0         100     0.1217     0.1217    -0.0000     0.1909     0.1909     0.0000     0.0985     0.0985     0.0000

Finished at: 2026-06-09 14:05:04
Full output log: experiment_log_20260609_132727.txt
CSV files saved per method (live):
  - results_AdaptiveFedAvg.csv
