============================================================
Experiment log: experiment_log_20260609_140533.txt
Started at: 2026-06-09 14:05:33
============================================================
Device: cuda
CPU cores detected: 4
Config: 20 clients | alpha=0.1 | 5 epochs | 200 rounds | drift schedule [100]
Pipeline: GPU-resident dataset + GPU-side augmentation
Batch size: 64 | drop_last=True | num_workers=0
Downloading CIFAR-10...
/usr/local/lib/python3.12/dist-packages/torchvision/datasets/cifar.py:83: VisibleDeprecationWarning: dtype(): align should be passed as Python or NumPy boolean but got `align=0`. Did you mean to pass a tuple to create a subarray type? (Deprecated NumPy 2.4)
  entry = pickle.load(f, encoding="latin1")
Partitioning...
Samples/client: min=127 max=5338 mean=2500
Pre-loading GPU-resident tensors...
GPU-resident dataset memory: 703.6 MiB
Model: CifarCNN | Params: 107,690

[--rounds override] NUM_ROUNDS=200
[--adaptive-init-lr] ADAPTIVE_INIT_LR = 0.0001
[--out-dir] CSVs will be written to: runs/2026-06-09-adaptive-lr-sweep/lr_0p0001//

============================================================
RUNNING METHODS: AdaptiveFedAvg
Rounds per method: 200
============================================================

============================================================
METHOD 3: Adaptive-FedAvg (Canonji 2021, ported from FedCCFA)
  beta1=0.7 beta2=0.3 beta3=0.7
============================================================
  Round 000 | Global: 0.1005 | per-client: 0.1005 | mean local: 0.1313 | lr=0.00010
  Round 010 | Global: 0.1775 | per-client: 0.1775 | mean local: 0.1674 | lr=0.00007
  Round 020 | Global: 0.2089 | per-client: 0.2089 | mean local: 0.1940 | lr=0.00010
  Round 030 | Global: 0.2403 | per-client: 0.2403 | mean local: 0.2228 | lr=0.00010
  Round 040 | Global: 0.2748 | per-client: 0.2748 | mean local: 0.2582 | lr=0.00010
  Round 050 | Global: 0.3028 | per-client: 0.3028 | mean local: 0.2866 | lr=0.00010
  Round 060 | Global: 0.3233 | per-client: 0.3233 | mean local: 0.3089 | lr=0.00010
  Round 070 | Global: 0.3442 | per-client: 0.3442 | mean local: 0.3259 | lr=0.00010
  Round 080 | Global: 0.3549 | per-client: 0.3549 | mean local: 0.3412 | lr=0.00010
  Round 090 | Global: 0.3699 | per-client: 0.3699 | mean local: 0.3576 | lr=0.00010

  *** Drift event 0 at round 100 ***
  Group A [0, 1, 2, 10, 11, 12]: swap 1<->2
  Group B [3, 4, 5, 13, 14, 15]: swap 3<->4
  Group C [6, 7, 8, 9, 16, 17, 18, 19]: swap 5<->6
  Round 100 | Global: 0.3765 | per-client: 0.3271 | mean local: 0.3386 | lr=0.00010  <-- DRIFT
  Round 110 | Global: 0.3631 | per-client: 0.3273 | mean local: 0.3405 | lr=0.00010
  Round 120 | Global: 0.3433 | per-client: 0.3245 | mean local: 0.3365 | lr=0.00010
  Round 130 | Global: 0.3389 | per-client: 0.3273 | mean local: 0.3404 | lr=0.00010
  Round 140 | Global: 0.3414 | per-client: 0.3343 | mean local: 0.3493 | lr=0.00010
  Round 150 | Global: 0.3437 | per-client: 0.3387 | mean local: 0.3528 | lr=0.00010
  Round 160 | Global: 0.3491 | per-client: 0.3452 | mean local: 0.3610 | lr=0.00010
  Round 170 | Global: 0.3522 | per-client: 0.3493 | mean local: 0.3679 | lr=0.00010
  Round 180 | Global: 0.3564 | per-client: 0.3551 | mean local: 0.3742 | lr=0.00010
  Round 190 | Global: 0.3627 | per-client: 0.3610 | mean local: 0.3780 | lr=0.00010
  Results: runs/2026-06-09-adaptive-lr-sweep/lr_0p0001/results_AdaptiveFedAvg.csv

============================================================
FINAL RESULTS SUMMARY
============================================================

AdaptiveFedAvg:
  Pre-drift acc:     0.3736
  Accuracy dip:      0.0124  (at first drift event, round 100)
  Recovery rounds:   0
  Post-drift stable: 0.3654
  Per-event per-group local-acc dips (using local_cXX):
    event   round     pre(A)     min(A)     dip(A)     pre(B)     min(B)     dip(B)     pre(C)     min(C)     dip(C)
    0         100     0.4118     0.3785     0.0333     0.2205     0.3064    -0.0859     0.4277     0.3091     0.1186

Finished at: 2026-06-09 14:43:07
Full output log: experiment_log_20260609_140533.txt
CSV files saved per method (live):
  - results_AdaptiveFedAvg.csv
