============================================================
Experiment log: experiment_log_20260610_133008.txt
Started at: 2026-06-10 13:30:08
============================================================
Device: cuda
CPU cores detected: 4
Config: 20 clients | alpha=0.1 | 5 epochs | 200 rounds | drift schedule [100]
Pipeline: GPU-resident dataset + GPU-side augmentation
Batch size: 64 | drop_last=True | num_workers=0
Downloading CIFAR-10...
/usr/local/lib/python3.12/dist-packages/torchvision/datasets/cifar.py:83: VisibleDeprecationWarning: dtype(): align should be passed as Python or NumPy boolean but got `align=0`. Did you mean to pass a tuple to create a subarray type? (Deprecated NumPy 2.4)
  entry = pickle.load(f, encoding="latin1")
Partitioning...
Samples/client: min=127 max=5338 mean=2500
Pre-loading GPU-resident tensors...
GPU-resident dataset memory: 703.6 MiB
Model: CifarCNN | Params: 107,690

[--rounds override] NUM_ROUNDS=200
[--adaptive-init-lr] ADAPTIVE_INIT_LR = 0.01
[--out-dir] CSVs will be written to: /home/suraf/runs/2026-06-09-adaptivefedavg-fix/seed2//

[--seed override] re-seeding to 2 and re-partitioning...
  Re-partitioned: samples/client min=83 max=6776 mean=2500

============================================================
RUNNING METHODS: AdaptiveFedAvg
Rounds per method: 200
============================================================

============================================================
METHOD 3: Adaptive-FedAvg (Canonji 2021, ported from FedCCFA)
  beta1=0.7 beta2=0.3 beta3=0.7
============================================================
  Round 000 | Global: 0.1833 | per-client: 0.1833 | mean local: 0.1652 | lr=0.01000
  Round 010 | Global: 0.5524 | per-client: 0.5524 | mean local: 0.5223 | lr=0.01000
  Round 020 | Global: 0.6413 | per-client: 0.6413 | mean local: 0.6330 | lr=0.00933
  Round 030 | Global: 0.6681 | per-client: 0.6681 | mean local: 0.6634 | lr=0.00974
  Round 040 | Global: 0.6893 | per-client: 0.6893 | mean local: 0.6904 | lr=0.00986
  Round 050 | Global: 0.6952 | per-client: 0.6952 | mean local: 0.7048 | lr=0.00990
  Round 060 | Global: 0.7043 | per-client: 0.7043 | mean local: 0.7082 | lr=0.00995
  Round 070 | Global: 0.7128 | per-client: 0.7128 | mean local: 0.7163 | lr=0.00998
  Round 080 | Global: 0.7143 | per-client: 0.7143 | mean local: 0.7264 | lr=0.00995
  Round 090 | Global: 0.7209 | per-client: 0.7209 | mean local: 0.7269 | lr=0.01000

  *** Drift event 0 at round 100 ***
  Group A [0, 1, 2, 10, 11, 12]: swap 1<->2
  Group B [3, 4, 5, 13, 14, 15]: swap 3<->4
  Group C [6, 7, 8, 9, 16, 17, 18, 19]: swap 5<->6
  Round 100 | Global: 0.6293 | per-client: 0.5461 | mean local: 0.5896 | lr=0.01000  <-- DRIFT
  Round 110 | Global: 0.5875 | per-client: 0.5478 | mean local: 0.6110 | lr=0.00961
  Round 120 | Global: 0.5745 | per-client: 0.5440 | mean local: 0.6116 | lr=0.00995
  Round 130 | Global: 0.5833 | per-client: 0.5473 | mean local: 0.6216 | lr=0.00993
  Round 140 | Global: 0.5730 | per-client: 0.5447 | mean local: 0.6180 | lr=0.00995
  Round 150 | Global: 0.5871 | per-client: 0.5508 | mean local: 0.6222 | lr=0.01000
  Round 160 | Global: 0.5843 | per-client: 0.5483 | mean local: 0.6204 | lr=0.00999
  Round 170 | Global: 0.5682 | per-client: 0.5425 | mean local: 0.6156 | lr=0.01000
  Round 180 | Global: 0.5760 | per-client: 0.5454 | mean local: 0.6250 | lr=0.01000
  Round 190 | Global: 0.5725 | per-client: 0.5444 | mean local: 0.6235 | lr=0.00996
  Results: /home/suraf/runs/2026-06-09-adaptivefedavg-fix/seed2/results_AdaptiveFedAvg.csv

============================================================
FINAL RESULTS SUMMARY
============================================================

AdaptiveFedAvg:
  Pre-drift acc:     0.7185
  Accuracy dip:      0.1386  (at first drift event, round 100)
  Recovery rounds:   Not recovered
  Post-drift stable: 0.5789
  Per-event per-group local-acc dips (using local_cXX):
    event   round     pre(A)     min(A)     dip(A)     pre(B)     min(B)     dip(B)     pre(C)     min(C)     dip(C)
    0         100     0.7328     0.5444     0.1884     0.6601     0.5694     0.0907     0.7691     0.6223     0.1468

Finished at: 2026-06-10 14:07:36
Full output log: experiment_log_20260610_133008.txt
CSV files saved per method (live):
  - results_AdaptiveFedAvg.csv
