============================================================
Experiment log: experiment_log_20260610_133005.txt
Started at: 2026-06-10 13:30:05
============================================================
Device: cuda
CPU cores detected: 4
Config: 20 clients | alpha=0.1 | 5 epochs | 200 rounds | drift schedule [100]
Pipeline: GPU-resident dataset + GPU-side augmentation
Batch size: 64 | drop_last=True | num_workers=0
Downloading CIFAR-10...
/usr/local/lib/python3.12/dist-packages/torchvision/datasets/cifar.py:83: VisibleDeprecationWarning: dtype(): align should be passed as Python or NumPy boolean but got `align=0`. Did you mean to pass a tuple to create a subarray type? (Deprecated NumPy 2.4)
  entry = pickle.load(f, encoding="latin1")
Partitioning...
Samples/client: min=127 max=5338 mean=2500
Pre-loading GPU-resident tensors...
GPU-resident dataset memory: 703.6 MiB
Model: CifarCNN | Params: 107,690

[--rounds override] NUM_ROUNDS=200
[--adaptive-init-lr] ADAPTIVE_INIT_LR = 0.01
[--out-dir] CSVs will be written to: /home/suraf/runs/2026-06-09-adaptivefedavg-fix/seed1//

[--seed override] re-seeding to 1 and re-partitioning...
  Re-partitioned: samples/client min=121 max=6775 mean=2500

============================================================
RUNNING METHODS: AdaptiveFedAvg
Rounds per method: 200
============================================================

============================================================
METHOD 3: Adaptive-FedAvg (Canonji 2021, ported from FedCCFA)
  beta1=0.7 beta2=0.3 beta3=0.7
============================================================
  Round 000 | Global: 0.2159 | per-client: 0.2159 | mean local: 0.2109 | lr=0.01000
  Round 010 | Global: 0.5490 | per-client: 0.5490 | mean local: 0.5032 | lr=0.01000
  Round 020 | Global: 0.6426 | per-client: 0.6426 | mean local: 0.6038 | lr=0.00944
  Round 030 | Global: 0.6731 | per-client: 0.6731 | mean local: 0.6418 | lr=0.00978
  Round 040 | Global: 0.6940 | per-client: 0.6940 | mean local: 0.6732 | lr=0.00983
  Round 050 | Global: 0.7033 | per-client: 0.7033 | mean local: 0.6865 | lr=0.00994
  Round 060 | Global: 0.7025 | per-client: 0.7025 | mean local: 0.6950 | lr=0.00992
  Round 070 | Global: 0.7118 | per-client: 0.7118 | mean local: 0.7041 | lr=0.00999
  Round 080 | Global: 0.7148 | per-client: 0.7148 | mean local: 0.7039 | lr=0.01000
  Round 090 | Global: 0.7159 | per-client: 0.7159 | mean local: 0.7096 | lr=0.00995

  *** Drift event 0 at round 100 ***
  Group A [0, 1, 2, 10, 11, 12]: swap 1<->2
  Group B [3, 4, 5, 13, 14, 15]: swap 3<->4
  Group C [6, 7, 8, 9, 16, 17, 18, 19]: swap 5<->6
  Round 100 | Global: 0.6424 | per-client: 0.5584 | mean local: 0.5760 | lr=0.01000  <-- DRIFT
  Round 110 | Global: 0.6216 | per-client: 0.5673 | mean local: 0.5883 | lr=0.00968
  Round 120 | Global: 0.6292 | per-client: 0.5707 | mean local: 0.5882 | lr=0.00995
  Round 130 | Global: 0.6084 | per-client: 0.5616 | mean local: 0.5899 | lr=0.00997
  Round 140 | Global: 0.6230 | per-client: 0.5682 | mean local: 0.5939 | lr=0.00998
  Round 150 | Global: 0.6160 | per-client: 0.5654 | mean local: 0.5928 | lr=0.00998
  Round 160 | Global: 0.6131 | per-client: 0.5638 | mean local: 0.5951 | lr=0.01000
  Round 170 | Global: 0.6143 | per-client: 0.5649 | mean local: 0.5927 | lr=0.00996
  Round 180 | Global: 0.6131 | per-client: 0.5646 | mean local: 0.5985 | lr=0.00999
  Round 190 | Global: 0.6115 | per-client: 0.5643 | mean local: 0.5963 | lr=0.01000
  Results: /home/suraf/runs/2026-06-09-adaptivefedavg-fix/seed1/results_AdaptiveFedAvg.csv

============================================================
FINAL RESULTS SUMMARY
============================================================

AdaptiveFedAvg:
  Pre-drift acc:     0.7158
  Accuracy dip:      0.0956  (at first drift event, round 100)
  Recovery rounds:   Not recovered
  Post-drift stable: 0.6148
  Per-event per-group local-acc dips (using local_cXX):
    event   round     pre(A)     min(A)     dip(A)     pre(B)     min(B)     dip(B)     pre(C)     min(C)     dip(C)
    0         100     0.7062     0.5976     0.1086     0.6347     0.4008     0.2339     0.7755     0.6476     0.1279

Finished at: 2026-06-10 14:07:37
Full output log: experiment_log_20260610_133005.txt
CSV files saved per method (live):
  - results_AdaptiveFedAvg.csv
