============================================================
Experiment log: experiment_log_20260614_153724.txt
Started at: 2026-06-14 15:37:24
============================================================
Device: cuda
CPU cores detected: 4
Config: 20 clients | alpha=0.1 | 5 epochs | 200 rounds | drift schedule [100]
Pipeline: GPU-resident dataset + GPU-side augmentation
Batch size: 64 | drop_last=True | num_workers=0
Downloading CIFAR-10...
/usr/local/lib/python3.12/dist-packages/torchvision/datasets/cifar.py:83: VisibleDeprecationWarning: dtype(): align should be passed as Python or NumPy boolean but got `align=0`. Did you mean to pass a tuple to create a subarray type? (Deprecated NumPy 2.4)
  entry = pickle.load(f, encoding="latin1")
Partitioning...
Samples/client: min=127 max=5338 mean=2500
Pre-loading GPU-resident tensors...
GPU-resident dataset memory: 703.6 MiB
Model: CifarCNN | Params: 107,690

[--rounds override] NUM_ROUNDS=200
[--out-dir] CSVs will be written to: /home/suraf/runs/2026-06-14-aggressive-concept-test/ourmethod//

[--aggressive-concept-drift] DRIFT_SCHEDULE = [100] (single sudden drift, per-cohort FULL permutation)
  P_A: [8, 1, 5, 0, 7, 2, 9, 4, 3, 6]
  P_B: [0, 1, 8, 5, 3, 4, 7, 9, 6, 2]
  P_C: [9, 2, 0, 6, 8, 5, 3, 7, 1, 4]
  Cross-cohort agreements (out of 10): P_A vs P_B = 1, P_B vs P_C = 0, P_A vs P_C = 0
  Fixed points (label kept unchanged): P_A = 1, P_B = 2, P_C = 2

============================================================
RUNNING METHODS: OurMethod
Rounds per method: 200
============================================================

============================================================
METHOD 4: OurMethod — Drift-Triggered Selective Layer Adaptation
  EMA alpha=0.3 | TAU=1.4 | Warmup=10
============================================================
  Round 000 | Global: 0.2147 | per-client: 0.2147 | Flagged: 0/20 (L3:0, L4:0) IDs: []
  Round 010 | Global: 0.5514 | per-client: 0.5514 | Flagged: 0/20 (L3:0, L4:0) IDs: []
  Round 020 | Global: 0.6358 | per-client: 0.6358 | Flagged: 0/20 (L3:0, L4:0) IDs: []
  Round 030 | Global: 0.6694 | per-client: 0.6694 | Flagged: 0/20 (L3:0, L4:0) IDs: []
  Round 040 | Global: 0.6863 | per-client: 0.6863 | Flagged: 0/20 (L3:0, L4:0) IDs: []
  Round 050 | Global: 0.6935 | per-client: 0.6935 | Flagged: 0/20 (L3:0, L4:0) IDs: []
  Round 060 | Global: 0.7021 | per-client: 0.7021 | Flagged: 0/20 (L3:0, L4:0) IDs: []
  Round 070 | Global: 0.7064 | per-client: 0.7064 | Flagged: 0/20 (L3:0, L4:0) IDs: []
  Round 080 | Global: 0.7056 | per-client: 0.7056 | Flagged: 0/20 (L3:0, L4:0) IDs: []
  Round 090 | Global: 0.7096 | per-client: 0.7096 | Flagged: 0/20 (L3:0, L4:0) IDs: []

  *** Drift event 0 at round 100 ***
  Group A [0, 1, 2, 10, 11, 12]: perm = [8, 1, 5, 0, 7, 2, 9, 4, 3, 6]
  Group B [3, 4, 5, 13, 14, 15]: perm = [0, 1, 8, 5, 3, 4, 7, 9, 6, 2]
  Group C [6, 7, 8, 9, 16, 17, 18, 19]: perm = [9, 2, 0, 6, 8, 5, 3, 7, 1, 4]
  Round 100 | Global: 0.3829 | per-client: 0.1866 | Flagged: 19/20 (L3:15, L4:19) IDs: [0, 1, 2, 3, 5, 6, 7, 8, 9, 10, 11, 12, 13, 14, 15, 16, 17, 18, 19] | hyb-lift(flagged): +0.6539  <-- DRIFT
  Round 101 | Global: 0.3655 | per-client: 0.1980 | Flagged: 19/20 (L3:15, L4:19) IDs: [0, 1, 2, 3, 5, 6, 7, 8, 9, 10, 11, 12, 13, 14, 15, 16, 17, 18, 19] | hyb-lift(flagged): +0.6980
  Round 102 | Global: 0.3261 | per-client: 0.1987 | Flagged: 19/20 (L3:15, L4:19) IDs: [0, 1, 2, 3, 5, 6, 7, 8, 9, 10, 11, 12, 13, 14, 15, 16, 17, 18, 19] | hyb-lift(flagged): +0.7170
  Round 103 | Global: 0.2951 | per-client: 0.1954 | Flagged: 19/20 (L3:15, L4:19) IDs: [0, 1, 2, 3, 5, 6, 7, 8, 9, 10, 11, 12, 13, 14, 15, 16, 17, 18, 19] | hyb-lift(flagged): +0.7338
  Round 104 | Global: 0.2780 | per-client: 0.1913 | Flagged: 19/20 (L3:11, L4:19) IDs: [0, 1, 2, 3, 5, 6, 7, 8, 9, 10, 11, 12, 13, 14, 15, 16, 17, 18, 19] | hyb-lift(flagged): +0.7383
  Round 105 | Global: 0.2916 | per-client: 0.2640 | Flagged: 9/20 (L3:0, L4:9) IDs: [1, 2, 3, 5, 7, 9, 10, 13, 18] | hyb-lift(flagged): +0.6128
  Round 106 | Global: 0.2908 | per-client: 0.2736 | Flagged: 1/20 (L3:0, L4:1) IDs: [4] | hyb-lift(flagged): +0.5579
  Round 107 | Global: 0.2270 | per-client: 0.2789 | Flagged: 1/20 (L3:0, L4:1) IDs: [4] | hyb-lift(flagged): +0.6189
  Round 108 | Global: 0.1992 | per-client: 0.2826 | Flagged: 1/20 (L3:0, L4:1) IDs: [4] | hyb-lift(flagged): +0.7365
  Round 109 | Global: 0.1888 | per-client: 0.2855 | Flagged: 1/20 (L3:0, L4:1) IDs: [4] | hyb-lift(flagged): +0.7704
  Round 110 | Global: 0.1810 | per-client: 0.2886 | Flagged: 1/20 (L3:0, L4:1) IDs: [4] | hyb-lift(flagged): +0.7811
  Round 111 | Global: 0.1735 | per-client: 0.2879 | Flagged: 1/20 (L3:0, L4:1) IDs: [4] | hyb-lift(flagged): +0.8157
  Round 112 | Global: 0.1706 | per-client: 0.2891 | Flagged: 0/20 (L3:0, L4:0) IDs: []
  Round 113 | Global: 0.1762 | per-client: 0.2913 | Flagged: 1/20 (L3:1, L4:0) IDs: [4] | hyb-lift(flagged): +0.4434
  Round 114 | Global: 0.1636 | per-client: 0.2874 | Flagged: 1/20 (L3:1, L4:0) IDs: [4] | hyb-lift(flagged): +0.5415
  Round 115 | Global: 0.1626 | per-client: 0.2898 | Flagged: 1/20 (L3:1, L4:0) IDs: [4] | hyb-lift(flagged): +0.6082
  Round 116 | Global: 0.1619 | per-client: 0.2902 | Flagged: 1/20 (L3:1, L4:0) IDs: [4] | hyb-lift(flagged): +0.6088
  Round 117 | Global: 0.1690 | per-client: 0.2930 | Flagged: 1/20 (L3:1, L4:0) IDs: [4] | hyb-lift(flagged): +0.6516
  Round 118 | Global: 0.1541 | per-client: 0.2878 | Flagged: 1/20 (L3:1, L4:0) IDs: [4] | hyb-lift(flagged): +0.6711
  Round 119 | Global: 0.1586 | per-client: 0.2907 | Flagged: 1/20 (L3:1, L4:0) IDs: [4] | hyb-lift(flagged): +0.6522
  Round 120 | Global: 0.1550 | per-client: 0.2887 | Flagged: 0/20 (L3:0, L4:0) IDs: []
  Round 130 | Global: 0.1546 | per-client: 0.2887 | Flagged: 0/20 (L3:0, L4:0) IDs: []
  Round 140 | Global: 0.1640 | per-client: 0.2909 | Flagged: 0/20 (L3:0, L4:0) IDs: []
  Round 150 | Global: 0.1403 | per-client: 0.2882 | Flagged: 0/20 (L3:0, L4:0) IDs: []
  Round 160 | Global: 0.1577 | per-client: 0.2901 | Flagged: 0/20 (L3:0, L4:0) IDs: []
  Round 170 | Global: 0.1585 | per-client: 0.2886 | Flagged: 0/20 (L3:0, L4:0) IDs: []
  Round 180 | Global: 0.1481 | per-client: 0.2869 | Flagged: 0/20 (L3:0, L4:0) IDs: []
  Round 190 | Global: 0.1559 | per-client: 0.2888 | Flagged: 0/20 (L3:0, L4:0) IDs: []
  Results: /home/suraf/runs/2026-06-14-aggressive-concept-test/ourmethod/results_OurMethod.csv
  Per-client flags: /home/suraf/runs/2026-06-14-aggressive-concept-test/ourmethod/results_OurMethod_flags.csv

============================================================
FINAL RESULTS SUMMARY
============================================================

OurMethod:
  Pre-drift acc:     0.7081
  Accuracy dip:      0.5193  (at first drift event, round 100)
  Recovery rounds:   Not recovered
  Post-drift stable: 0.1530
  Per-event per-group local-acc dips (using local_cXX):
    event   round     pre(A)     min(A)     dip(A)     pre(B)     min(B)     dip(B)     pre(C)     min(C)     dip(C)
    0         100     0.7761     0.0736     0.7025     0.6302     0.1922     0.4380     0.7664     0.1746     0.5918

Finished at: 2026-06-14 16:15:28
Full output log: experiment_log_20260614_153724.txt
CSV files saved per method (live):
  - results_OurMethod.csv
  - results_OurMethod_flags.csv (per-client per-round flag data)
