============================================================
Experiment log: experiment_log_20260614_153724.txt
Started at: 2026-06-14 15:37:24
============================================================
Device: cuda
CPU cores detected: 4
Config: 20 clients | alpha=0.1 | 5 epochs | 200 rounds | drift schedule [100]
Pipeline: GPU-resident dataset + GPU-side augmentation
Batch size: 64 | drop_last=True | num_workers=0
Downloading CIFAR-10...
/usr/local/lib/python3.12/dist-packages/torchvision/datasets/cifar.py:83: VisibleDeprecationWarning: dtype(): align should be passed as Python or NumPy boolean but got `align=0`. Did you mean to pass a tuple to create a subarray type? (Deprecated NumPy 2.4)
  entry = pickle.load(f, encoding="latin1")
Partitioning...
Samples/client: min=127 max=5338 mean=2500
Pre-loading GPU-resident tensors...
GPU-resident dataset memory: 703.6 MiB
Model: CifarCNN | Params: 107,690

[--rounds override] NUM_ROUNDS=200
[--out-dir] CSVs will be written to: /home/suraf/runs/2026-06-14-aggressive-concept-test/fedavg//

[--aggressive-concept-drift] DRIFT_SCHEDULE = [100] (single sudden drift, per-cohort FULL permutation)
  P_A: [8, 1, 5, 0, 7, 2, 9, 4, 3, 6]
  P_B: [0, 1, 8, 5, 3, 4, 7, 9, 6, 2]
  P_C: [9, 2, 0, 6, 8, 5, 3, 7, 1, 4]
  Cross-cohort agreements (out of 10): P_A vs P_B = 1, P_B vs P_C = 0, P_A vs P_C = 0
  Fixed points (label kept unchanged): P_A = 1, P_B = 2, P_C = 2

============================================================
RUNNING METHODS: FedAvg
Rounds per method: 200
============================================================

============================================================
METHOD 1: FedAvg
============================================================
  Round 000 | Global: 0.2147 | per-client: 0.2147 | mean local: 0.2091
  Round 010 | Global: 0.5514 | per-client: 0.5514 | mean local: 0.5377
  Round 020 | Global: 0.6358 | per-client: 0.6358 | mean local: 0.6454
  Round 030 | Global: 0.6694 | per-client: 0.6694 | mean local: 0.6774
  Round 040 | Global: 0.6863 | per-client: 0.6863 | mean local: 0.7039
  Round 050 | Global: 0.6935 | per-client: 0.6935 | mean local: 0.7102
  Round 060 | Global: 0.7021 | per-client: 0.7021 | mean local: 0.7203
  Round 070 | Global: 0.7064 | per-client: 0.7064 | mean local: 0.7202
  Round 080 | Global: 0.7056 | per-client: 0.7056 | mean local: 0.7268
  Round 090 | Global: 0.7096 | per-client: 0.7096 | mean local: 0.7282

  *** Drift event 0 at round 100 ***
  Group A [0, 1, 2, 10, 11, 12]: perm = [8, 1, 5, 0, 7, 2, 9, 4, 3, 6]
  Group B [3, 4, 5, 13, 14, 15]: perm = [0, 1, 8, 5, 3, 4, 7, 9, 6, 2]
  Group C [6, 7, 8, 9, 16, 17, 18, 19]: perm = [9, 2, 0, 6, 8, 5, 3, 7, 1, 4]
  Round 100 | Global: 0.3502 | per-client: 0.1898 | mean local: 0.2352  <-- DRIFT
  Round 110 | Global: 0.1754 | per-client: 0.2909 | mean local: 0.3768
  Round 120 | Global: 0.1588 | per-client: 0.2911 | mean local: 0.3778
  Round 130 | Global: 0.1567 | per-client: 0.2909 | mean local: 0.3827
  Round 140 | Global: 0.1708 | per-client: 0.2913 | mean local: 0.3800
  Round 150 | Global: 0.1414 | per-client: 0.2877 | mean local: 0.3877
  Round 160 | Global: 0.1534 | per-client: 0.2890 | mean local: 0.3805
  Round 170 | Global: 0.1507 | per-client: 0.2875 | mean local: 0.3900
  Round 180 | Global: 0.1520 | per-client: 0.2878 | mean local: 0.3908
  Round 190 | Global: 0.1510 | per-client: 0.2861 | mean local: 0.3865
  Results: /home/suraf/runs/2026-06-14-aggressive-concept-test/fedavg/results_FedAvg.csv

============================================================
FINAL RESULTS SUMMARY
============================================================

FedAvg:
  Pre-drift acc:     0.7081
  Accuracy dip:      0.5361  (at first drift event, round 100)
  Recovery rounds:   Not recovered
  Post-drift stable: 0.1512
  Per-event per-group local-acc dips (using local_cXX):
    event   round     pre(A)     min(A)     dip(A)     pre(B)     min(B)     dip(B)     pre(C)     min(C)     dip(C)
    0         100     0.7761     0.1714     0.6047     0.6302     0.2000     0.4301     0.7664     0.2799     0.4866

Finished at: 2026-06-14 16:15:00
Full output log: experiment_log_20260614_153724.txt
CSV files saved per method (live):
  - results_FedAvg.csv
