============================================================
Experiment log: experiment_log_20260614_171731.txt
Started at: 2026-06-14 17:17:31
============================================================
Device: cuda
CPU cores detected: 4
Config: 20 clients | alpha=0.1 | 5 epochs | 200 rounds | drift schedule [100]
Pipeline: GPU-resident dataset + GPU-side augmentation
Batch size: 64 | drop_last=True | num_workers=0
Downloading CIFAR-10...
/usr/local/lib/python3.12/dist-packages/torchvision/datasets/cifar.py:83: VisibleDeprecationWarning: dtype(): align should be passed as Python or NumPy boolean but got `align=0`. Did you mean to pass a tuple to create a subarray type? (Deprecated NumPy 2.4)
  entry = pickle.load(f, encoding="latin1")
Partitioning...
Samples/client: min=127 max=5338 mean=2500
Pre-loading GPU-resident tensors...
GPU-resident dataset memory: 703.6 MiB
Model: CifarCNN | Params: 107,690

[--rounds override] NUM_ROUNDS=200
[--out-dir] CSVs will be written to: /home/suraf/runs/2026-06-14-covariate-drift-test/fedavg//

[--covariate-drift] DRIFT_SCHEDULE = [100] (single sudden COVARIATE drift; per-cohort image corruption, labels untouched)
  cohort A (id%10 < 3): gauss_noise    (Gaussian noise std=0.15)
  cohort B (3<=id%10<6): gauss_blur   (Gaussian blur 5x5 sigma=1.5)
  cohort C (id%10 >= 6): contrast   (contrast x0.5 + shift 0.3)
  GPU memory: canonical X backup = 585.9 MiB; TEST_X variants = 468.8 MiB

============================================================
RUNNING METHODS: FedAvg
Rounds per method: 200
============================================================

============================================================
METHOD 1: FedAvg
============================================================
  Round 000 | Global: 0.2147 | per-client: 0.2147 | mean local: 0.2091
  Round 010 | Global: 0.5514 | per-client: 0.5514 | mean local: 0.5377
  Round 020 | Global: 0.6358 | per-client: 0.6358 | mean local: 0.6454
  Round 030 | Global: 0.6694 | per-client: 0.6694 | mean local: 0.6774
  Round 040 | Global: 0.6863 | per-client: 0.6863 | mean local: 0.7039
  Round 050 | Global: 0.6935 | per-client: 0.6935 | mean local: 0.7102
  Round 060 | Global: 0.7021 | per-client: 0.7021 | mean local: 0.7203
  Round 070 | Global: 0.7064 | per-client: 0.7064 | mean local: 0.7202
  Round 080 | Global: 0.7056 | per-client: 0.7056 | mean local: 0.7268
  Round 090 | Global: 0.7096 | per-client: 0.7096 | mean local: 0.7282

  *** Drift event 0 at round 100 ***
  Group A [0, 1, 2, 10, 11, 12]: corruption = gauss_noise
  Group B [3, 4, 5, 13, 14, 15]: corruption = gauss_blur
  Group C [6, 7, 8, 9, 16, 17, 18, 19]: corruption = contrast
  Round 100 | Global: 0.6664 | per-client: 0.6099 | mean local: 0.6473  <-- DRIFT
  Round 110 | Global: 0.6830 | per-client: 0.6327 | mean local: 0.6838
  Round 120 | Global: 0.6766 | per-client: 0.6322 | mean local: 0.6820
  Round 130 | Global: 0.6788 | per-client: 0.6334 | mean local: 0.6849
  Round 140 | Global: 0.6771 | per-client: 0.6325 | mean local: 0.6870
  Round 150 | Global: 0.6742 | per-client: 0.6343 | mean local: 0.6911
  Round 160 | Global: 0.6753 | per-client: 0.6332 | mean local: 0.6913
  Round 170 | Global: 0.6740 | per-client: 0.6302 | mean local: 0.6886
  Round 180 | Global: 0.6816 | per-client: 0.6309 | mean local: 0.6884
  Round 190 | Global: 0.6728 | per-client: 0.6314 | mean local: 0.6932
  Results: /home/suraf/runs/2026-06-14-covariate-drift-test/fedavg/results_FedAvg.csv

============================================================
FINAL RESULTS SUMMARY
============================================================

FedAvg:
  Pre-drift acc:     0.7081
  Accuracy dip:      0.0417  (at first drift event, round 100)
  Recovery rounds:   Not recovered
  Post-drift stable: 0.6770
  Per-event per-group local-acc dips (using local_cXX):
    event   round     pre(A)     min(A)     dip(A)     pre(B)     min(B)     dip(B)     pre(C)     min(C)     dip(C)
    0         100     0.7761     0.7334     0.0427     0.6302     0.4609     0.1693     0.7664     0.7226     0.0438

Finished at: 2026-06-14 17:55:12
Full output log: experiment_log_20260614_171731.txt
CSV files saved per method (live):
  - results_FedAvg.csv
