============================================================
Experiment log: experiment_log_20260613_224009.txt
Started at: 2026-06-13 22:40:09
============================================================
Device: cuda
CPU cores detected: 4
Config: 20 clients | alpha=0.1 | 5 epochs | 200 rounds | drift schedule [100]
Pipeline: GPU-resident dataset + GPU-side augmentation
Batch size: 64 | drop_last=True | num_workers=0
Downloading CIFAR-10...
/usr/local/lib/python3.12/dist-packages/torchvision/datasets/cifar.py:83: VisibleDeprecationWarning: dtype(): align should be passed as Python or NumPy boolean but got `align=0`. Did you mean to pass a tuple to create a subarray type? (Deprecated NumPy 2.4)
  entry = pickle.load(f, encoding="latin1")
Partitioning...
Samples/client: min=127 max=5338 mean=2500
Pre-loading GPU-resident tensors...
GPU-resident dataset memory: 703.6 MiB
Model: CifarCNN | Params: 107,690

[--rounds override] NUM_ROUNDS=200
[--out-dir] CSVs will be written to: /home/suraf/runs/2026-06-11-dir05-test/ourmethod//

[--alpha-dir override] ALPHA_DIR = 0.5
[re-partition] alpha=0.5, seed=0
  Re-partitioned: samples/client min=881 max=4665 mean=2500

============================================================
RUNNING METHODS: OurMethod
Rounds per method: 200
============================================================

============================================================
METHOD 4: OurMethod — Drift-Triggered Selective Layer Adaptation
  EMA alpha=0.3 | TAU=1.4 | Warmup=10
============================================================
  Round 000 | Global: 0.2666 | per-client: 0.2666 | Flagged: 0/20 (L3:0, L4:0) IDs: []
  Round 010 | Global: 0.6447 | per-client: 0.6447 | Flagged: 0/20 (L3:0, L4:0) IDs: []
  Round 020 | Global: 0.7095 | per-client: 0.7095 | Flagged: 0/20 (L3:0, L4:0) IDs: []
  Round 030 | Global: 0.7416 | per-client: 0.7416 | Flagged: 0/20 (L3:0, L4:0) IDs: []
  Round 040 | Global: 0.7521 | per-client: 0.7521 | Flagged: 0/20 (L3:0, L4:0) IDs: []
  Round 050 | Global: 0.7623 | per-client: 0.7623 | Flagged: 0/20 (L3:0, L4:0) IDs: []
  Round 060 | Global: 0.7708 | per-client: 0.7708 | Flagged: 0/20 (L3:0, L4:0) IDs: []
  Round 070 | Global: 0.7777 | per-client: 0.7777 | Flagged: 0/20 (L3:0, L4:0) IDs: []
  Round 080 | Global: 0.7803 | per-client: 0.7803 | Flagged: 0/20 (L3:0, L4:0) IDs: []
  Round 090 | Global: 0.7807 | per-client: 0.7807 | Flagged: 0/20 (L3:0, L4:0) IDs: []

  *** Drift event 0 at round 100 ***
  Group A [0, 1, 2, 10, 11, 12]: swap 1<->2
  Group B [3, 4, 5, 13, 14, 15]: swap 3<->4
  Group C [6, 7, 8, 9, 16, 17, 18, 19]: swap 5<->6
  Round 100 | Global: 0.7199 | per-client: 0.6153 | Flagged: 1/20 (L3:1, L4:1) IDs: [12] | hyb-lift(flagged): +0.4745  <-- DRIFT
  Round 101 | Global: 0.6733 | per-client: 0.6086 | Flagged: 1/20 (L3:1, L4:1) IDs: [12] | hyb-lift(flagged): +0.5718
  Round 102 | Global: 0.6675 | per-client: 0.6083 | Flagged: 1/20 (L3:1, L4:1) IDs: [12] | hyb-lift(flagged): +0.5991
  Round 103 | Global: 0.6603 | per-client: 0.6079 | Flagged: 1/20 (L3:1, L4:1) IDs: [12] | hyb-lift(flagged): +0.6011
  Round 104 | Global: 0.6495 | per-client: 0.6039 | Flagged: 0/20 (L3:0, L4:0) IDs: []
  Round 105 | Global: 0.6779 | per-client: 0.6120 | Flagged: 0/20 (L3:0, L4:0) IDs: []
  Round 106 | Global: 0.6578 | per-client: 0.6053 | Flagged: 0/20 (L3:0, L4:0) IDs: []
  Round 107 | Global: 0.6615 | per-client: 0.6059 | Flagged: 0/20 (L3:0, L4:0) IDs: []
  Round 108 | Global: 0.6570 | per-client: 0.6075 | Flagged: 0/20 (L3:0, L4:0) IDs: []
  Round 109 | Global: 0.6540 | per-client: 0.6048 | Flagged: 0/20 (L3:0, L4:0) IDs: []
  Round 110 | Global: 0.6595 | per-client: 0.6088 | Flagged: 0/20 (L3:0, L4:0) IDs: []
  Round 111 | Global: 0.6527 | per-client: 0.6043 | Flagged: 0/20 (L3:0, L4:0) IDs: []
  Round 112 | Global: 0.6702 | per-client: 0.6086 | Flagged: 0/20 (L3:0, L4:0) IDs: []
  Round 113 | Global: 0.6498 | per-client: 0.6064 | Flagged: 0/20 (L3:0, L4:0) IDs: []
  Round 114 | Global: 0.6641 | per-client: 0.6077 | Flagged: 0/20 (L3:0, L4:0) IDs: []
  Round 115 | Global: 0.6625 | per-client: 0.6075 | Flagged: 0/20 (L3:0, L4:0) IDs: []
  Round 116 | Global: 0.6666 | per-client: 0.6097 | Flagged: 0/20 (L3:0, L4:0) IDs: []
  Round 117 | Global: 0.6624 | per-client: 0.6086 | Flagged: 0/20 (L3:0, L4:0) IDs: []
  Round 118 | Global: 0.6604 | per-client: 0.6074 | Flagged: 0/20 (L3:0, L4:0) IDs: []
  Round 119 | Global: 0.6671 | per-client: 0.6091 | Flagged: 0/20 (L3:0, L4:0) IDs: []
  Round 120 | Global: 0.6410 | per-client: 0.6036 | Flagged: 0/20 (L3:0, L4:0) IDs: []
  Round 130 | Global: 0.6697 | per-client: 0.6120 | Flagged: 0/20 (L3:0, L4:0) IDs: []
  Round 140 | Global: 0.6508 | per-client: 0.6068 | Flagged: 0/20 (L3:0, L4:0) IDs: []
  Round 150 | Global: 0.6614 | per-client: 0.6095 | Flagged: 0/20 (L3:0, L4:0) IDs: []
  Round 160 | Global: 0.6694 | per-client: 0.6132 | Flagged: 0/20 (L3:0, L4:0) IDs: []
  Round 170 | Global: 0.6645 | per-client: 0.6129 | Flagged: 0/20 (L3:0, L4:0) IDs: []
  Round 180 | Global: 0.6658 | per-client: 0.6106 | Flagged: 0/20 (L3:0, L4:0) IDs: []
  Round 190 | Global: 0.6455 | per-client: 0.6057 | Flagged: 0/20 (L3:0, L4:0) IDs: []
  Results: /home/suraf/runs/2026-06-11-dir05-test/ourmethod/results_OurMethod.csv
  Per-client flags: /home/suraf/runs/2026-06-11-dir05-test/ourmethod/results_OurMethod_flags.csv

============================================================
FINAL RESULTS SUMMARY
============================================================

OurMethod:
  Pre-drift acc:     0.7810
  Accuracy dip:      0.1315  (at first drift event, round 100)
  Recovery rounds:   Not recovered
  Post-drift stable: 0.6673
  Per-event per-group local-acc dips (using local_cXX):
    event   round     pre(A)     min(A)     dip(A)     pre(B)     min(B)     dip(B)     pre(C)     min(C)     dip(C)
    0         100     0.8219     0.5674     0.2544     0.7855     0.5176     0.2679     0.8307     0.6534     0.1773

Finished at: 2026-06-13 23:18:28
Full output log: experiment_log_20260613_224009.txt
CSV files saved per method (live):
  - results_OurMethod.csv
  - results_OurMethod_flags.csv (per-client per-round flag data)
