============================================================
Experiment log: experiment_log_20260613_224009.txt
Started at: 2026-06-13 22:40:09
============================================================
Device: cuda
CPU cores detected: 4
Config: 20 clients | alpha=0.1 | 5 epochs | 200 rounds | drift schedule [100]
Pipeline: GPU-resident dataset + GPU-side augmentation
Batch size: 64 | drop_last=True | num_workers=0
Downloading CIFAR-10...
/usr/local/lib/python3.12/dist-packages/torchvision/datasets/cifar.py:83: VisibleDeprecationWarning: dtype(): align should be passed as Python or NumPy boolean but got `align=0`. Did you mean to pass a tuple to create a subarray type? (Deprecated NumPy 2.4)
  entry = pickle.load(f, encoding="latin1")
Partitioning...
Samples/client: min=127 max=5338 mean=2500
Pre-loading GPU-resident tensors...
GPU-resident dataset memory: 703.6 MiB
Model: CifarCNN | Params: 107,690

[--rounds override] NUM_ROUNDS=200
[--out-dir] CSVs will be written to: /home/suraf/runs/2026-06-11-dir05-test/fedavg//

[--alpha-dir override] ALPHA_DIR = 0.5
[re-partition] alpha=0.5, seed=0
  Re-partitioned: samples/client min=881 max=4665 mean=2500

============================================================
RUNNING METHODS: FedAvg
Rounds per method: 200
============================================================

============================================================
METHOD 1: FedAvg
============================================================
  Round 000 | Global: 0.2666 | per-client: 0.2666 | mean local: 0.2524
  Round 010 | Global: 0.6447 | per-client: 0.6447 | mean local: 0.6423
  Round 020 | Global: 0.7095 | per-client: 0.7095 | mean local: 0.7139
  Round 030 | Global: 0.7416 | per-client: 0.7416 | mean local: 0.7528
  Round 040 | Global: 0.7521 | per-client: 0.7521 | mean local: 0.7742
  Round 050 | Global: 0.7623 | per-client: 0.7623 | mean local: 0.7885
  Round 060 | Global: 0.7708 | per-client: 0.7708 | mean local: 0.7959
  Round 070 | Global: 0.7777 | per-client: 0.7777 | mean local: 0.8030
  Round 080 | Global: 0.7803 | per-client: 0.7803 | mean local: 0.8086
  Round 090 | Global: 0.7807 | per-client: 0.7807 | mean local: 0.8139

  *** Drift event 0 at round 100 ***
  Group A [0, 1, 2, 10, 11, 12]: swap 1<->2
  Group B [3, 4, 5, 13, 14, 15]: swap 3<->4
  Group C [6, 7, 8, 9, 16, 17, 18, 19]: swap 5<->6
  Round 100 | Global: 0.7191 | per-client: 0.6129 | mean local: 0.6191  <-- DRIFT
  Round 110 | Global: 0.6554 | per-client: 0.6070 | mean local: 0.6314
  Round 120 | Global: 0.6491 | per-client: 0.6056 | mean local: 0.6316
  Round 130 | Global: 0.6675 | per-client: 0.6112 | mean local: 0.6383
  Round 140 | Global: 0.6599 | per-client: 0.6071 | mean local: 0.6313
  Round 150 | Global: 0.6674 | per-client: 0.6117 | mean local: 0.6383
  Round 160 | Global: 0.6744 | per-client: 0.6133 | mean local: 0.6368
  Round 170 | Global: 0.6446 | per-client: 0.6070 | mean local: 0.6314
  Round 180 | Global: 0.6649 | per-client: 0.6119 | mean local: 0.6379
  Round 190 | Global: 0.6592 | per-client: 0.6104 | mean local: 0.6396
  Results: /home/suraf/runs/2026-06-11-dir05-test/fedavg/results_FedAvg.csv

============================================================
FINAL RESULTS SUMMARY
============================================================

FedAvg:
  Pre-drift acc:     0.7810
  Accuracy dip:      0.1249  (at first drift event, round 100)
  Recovery rounds:   Not recovered
  Post-drift stable: 0.6661
  Per-event per-group local-acc dips (using local_cXX):
    event   round     pre(A)     min(A)     dip(A)     pre(B)     min(B)     dip(B)     pre(C)     min(C)     dip(C)
    0         100     0.8219     0.5722     0.2496     0.7855     0.5200     0.2655     0.8307     0.6435     0.1871

Finished at: 2026-06-13 23:17:56
Full output log: experiment_log_20260613_224009.txt
CSV files saved per method (live):
  - results_FedAvg.csv
