============================================================
Experiment log: experiment_log_20260614_192001.txt
Started at: 2026-06-14 19:20:01
============================================================
Device: cuda
CPU cores detected: 4
Config: 20 clients | alpha=0.1 | 5 epochs | 200 rounds | drift schedule [100]
Pipeline: GPU-resident dataset + GPU-side augmentation
Batch size: 64 | drop_last=True | num_workers=0
Downloading CIFAR-10...
/usr/local/lib/python3.12/dist-packages/torchvision/datasets/cifar.py:83: VisibleDeprecationWarning: dtype(): align should be passed as Python or NumPy boolean but got `align=0`. Did you mean to pass a tuple to create a subarray type? (Deprecated NumPy 2.4)
  entry = pickle.load(f, encoding="latin1")
Partitioning...
Samples/client: min=127 max=5338 mean=2500
Pre-loading GPU-resident tensors...
GPU-resident dataset memory: 703.6 MiB
Model: CifarCNN | Params: 107,690

[--rounds override] NUM_ROUNDS=200
[--drift-layers] OurMethod DRIFT_LAYERS = ['layer1', 'layer2']
[--out-dir] CSVs will be written to: /home/suraf/runs/2026-06-14-covariate-l1l2-test/ourmethod//

[--covariate-drift] DRIFT_SCHEDULE = [100] (single sudden COVARIATE drift; per-cohort image corruption, labels untouched)
  cohort A (id%10 < 3): gauss_noise    (Gaussian noise std=0.15)
  cohort B (3<=id%10<6): gauss_blur   (Gaussian blur 5x5 sigma=1.5)
  cohort C (id%10 >= 6): contrast   (contrast x0.5 + shift 0.3)
  GPU memory: canonical X backup = 585.9 MiB; TEST_X variants = 468.8 MiB

============================================================
RUNNING METHODS: OurMethod
Rounds per method: 200
============================================================

============================================================
METHOD 4: OurMethod — Drift-Triggered Selective Layer Adaptation
  EMA alpha=0.3 | TAU=1.4 | Warmup=10
============================================================
  Round 000 | Global: 0.2147 | per-client: 0.2147 | Flagged: 0/20 (L3:0, L4:0) IDs: []
  Round 010 | Global: 0.5514 | per-client: 0.5514 | Flagged: 0/20 (L3:0, L4:0) IDs: []
  Round 020 | Global: 0.6358 | per-client: 0.6358 | Flagged: 0/20 (L3:0, L4:0) IDs: []
  Round 030 | Global: 0.6694 | per-client: 0.6694 | Flagged: 0/20 (L3:0, L4:0) IDs: []
  Round 040 | Global: 0.6863 | per-client: 0.6863 | Flagged: 0/20 (L3:0, L4:0) IDs: []
  Round 050 | Global: 0.6935 | per-client: 0.6935 | Flagged: 0/20 (L3:0, L4:0) IDs: []
  Round 060 | Global: 0.7021 | per-client: 0.7021 | Flagged: 0/20 (L3:0, L4:0) IDs: []
  Round 070 | Global: 0.7064 | per-client: 0.7064 | Flagged: 0/20 (L3:0, L4:0) IDs: []
  Round 080 | Global: 0.7056 | per-client: 0.7056 | Flagged: 0/20 (L3:0, L4:0) IDs: []
  Round 090 | Global: 0.7096 | per-client: 0.7096 | Flagged: 0/20 (L3:0, L4:0) IDs: []

  *** Drift event 0 at round 100 ***
  Group A [0, 1, 2, 10, 11, 12]: corruption = gauss_noise
  Group B [3, 4, 5, 13, 14, 15]: corruption = gauss_blur
  Group C [6, 7, 8, 9, 16, 17, 18, 19]: corruption = contrast
  Round 100 | Global: 0.6836 | per-client: 0.5968 | Flagged: 0/20 (L3:0, L4:0) IDs: []  <-- DRIFT
  Round 101 | Global: 0.6942 | per-client: 0.5942 | Flagged: 0/20 (L3:0, L4:0) IDs: []
  Round 102 | Global: 0.6956 | per-client: 0.5872 | Flagged: 0/20 (L3:0, L4:0) IDs: []
  Round 103 | Global: 0.6947 | per-client: 0.5844 | Flagged: 0/20 (L3:0, L4:0) IDs: []
  Round 104 | Global: 0.7034 | per-client: 0.5820 | Flagged: 0/20 (L3:0, L4:0) IDs: []
  Round 105 | Global: 0.7000 | per-client: 0.5816 | Flagged: 0/20 (L3:0, L4:0) IDs: []
  Round 106 | Global: 0.6806 | per-client: 0.6144 | Flagged: 0/20 (L3:0, L4:0) IDs: []
  Round 107 | Global: 0.6787 | per-client: 0.6223 | Flagged: 0/20 (L3:0, L4:0) IDs: []
  Round 108 | Global: 0.6789 | per-client: 0.6254 | Flagged: 0/20 (L3:0, L4:0) IDs: []
  Round 109 | Global: 0.6720 | per-client: 0.6252 | Flagged: 0/20 (L3:0, L4:0) IDs: []
  Round 110 | Global: 0.6709 | per-client: 0.6327 | Flagged: 0/20 (L3:0, L4:0) IDs: []
  Round 111 | Global: 0.6717 | per-client: 0.6251 | Flagged: 0/20 (L3:0, L4:0) IDs: []
  Round 112 | Global: 0.6773 | per-client: 0.6290 | Flagged: 0/20 (L3:0, L4:0) IDs: []
  Round 113 | Global: 0.6733 | per-client: 0.6259 | Flagged: 0/20 (L3:0, L4:0) IDs: []
  Round 114 | Global: 0.6815 | per-client: 0.6280 | Flagged: 0/20 (L3:0, L4:0) IDs: []
  Round 115 | Global: 0.6713 | per-client: 0.6270 | Flagged: 0/20 (L3:0, L4:0) IDs: []
  Round 116 | Global: 0.6787 | per-client: 0.6330 | Flagged: 0/20 (L3:0, L4:0) IDs: []
  Round 117 | Global: 0.6769 | per-client: 0.6246 | Flagged: 0/20 (L3:0, L4:0) IDs: []
  Round 118 | Global: 0.6709 | per-client: 0.6262 | Flagged: 0/20 (L3:0, L4:0) IDs: []
  Round 119 | Global: 0.6797 | per-client: 0.6293 | Flagged: 0/20 (L3:0, L4:0) IDs: []
  Round 120 | Global: 0.6789 | per-client: 0.6309 | Flagged: 0/20 (L3:0, L4:0) IDs: []
  Round 130 | Global: 0.6773 | per-client: 0.6321 | Flagged: 0/20 (L3:0, L4:0) IDs: []
  Round 140 | Global: 0.6749 | per-client: 0.6296 | Flagged: 0/20 (L3:0, L4:0) IDs: []
  Round 150 | Global: 0.6807 | per-client: 0.6321 | Flagged: 0/20 (L3:0, L4:0) IDs: []
  Round 160 | Global: 0.6714 | per-client: 0.6298 | Flagged: 0/20 (L3:0, L4:0) IDs: []
  Round 170 | Global: 0.6731 | per-client: 0.6281 | Flagged: 0/20 (L3:0, L4:0) IDs: []
  Round 180 | Global: 0.6788 | per-client: 0.6295 | Flagged: 0/20 (L3:0, L4:0) IDs: []
  Round 190 | Global: 0.6733 | per-client: 0.6278 | Flagged: 0/20 (L3:0, L4:0) IDs: []
  Results: /home/suraf/runs/2026-06-14-covariate-l1l2-test/ourmethod/results_OurMethod.csv
  Per-client flags: /home/suraf/runs/2026-06-14-covariate-l1l2-test/ourmethod/results_OurMethod_flags.csv

============================================================
FINAL RESULTS SUMMARY
============================================================

OurMethod:
  Pre-drift acc:     0.7081
  Accuracy dip:      0.0361  (at first drift event, round 100)
  Recovery rounds:   1
  Post-drift stable: 0.6752
  Per-event per-group local-acc dips (using local_cXX):
    event   round     pre(A)     min(A)     dip(A)     pre(B)     min(B)     dip(B)     pre(C)     min(C)     dip(C)
    0         100     0.7761     0.7522     0.0238     0.6302     0.4398     0.1904     0.7664     0.6478     0.1186

Finished at: 2026-06-14 19:58:16
Full output log: experiment_log_20260614_192001.txt
CSV files saved per method (live):
  - results_OurMethod.csv
  - results_OurMethod_flags.csv (per-client per-round flag data)
