============================================================
Experiment log: experiment_log_20260609_045356.txt
Started at: 2026-06-09 04:53:56
============================================================
Device: cuda
CPU cores detected: 4
Config: 20 clients | alpha=0.1 | 5 epochs | 200 rounds | drift schedule [100]
Pipeline: GPU-resident dataset + GPU-side augmentation
Batch size: 64 | drop_last=True | num_workers=0
Downloading CIFAR-10...
/usr/local/lib/python3.12/dist-packages/torchvision/datasets/cifar.py:83: VisibleDeprecationWarning: dtype(): align should be passed as Python or NumPy boolean but got `align=0`. Did you mean to pass a tuple to create a subarray type? (Deprecated NumPy 2.4)
  entry = pickle.load(f, encoding="latin1")
Partitioning...
Samples/client: min=127 max=5338 mean=2500
Pre-loading GPU-resident tensors...
GPU-resident dataset memory: 703.6 MiB
Model: CifarCNN | Params: 107,690

[--rounds override] NUM_ROUNDS=200
[--out-dir] CSVs will be written to: runs/2026-06-08-perclient-3seed/seed1/ourmethod//

[--seed override] re-seeding to 1 and re-partitioning...
  Re-partitioned: samples/client min=121 max=6775 mean=2500

============================================================
RUNNING METHODS: OurMethod
Rounds per method: 200
============================================================

============================================================
METHOD 4: OurMethod — Drift-Triggered Selective Layer Adaptation
  EMA alpha=0.3 | TAU=1.4 | Warmup=10
============================================================
  Round 000 | Global: 0.2159 | per-client: 0.2159 | Flagged: 0/20 (L3:0, L4:0) IDs: []
  Round 010 | Global: 0.5734 | per-client: 0.5734 | Flagged: 0/20 (L3:0, L4:0) IDs: []
  Round 020 | Global: 0.6491 | per-client: 0.6491 | Flagged: 0/20 (L3:0, L4:0) IDs: []
  Round 030 | Global: 0.6789 | per-client: 0.6789 | Flagged: 0/20 (L3:0, L4:0) IDs: []
  Round 040 | Global: 0.6919 | per-client: 0.6919 | Flagged: 0/20 (L3:0, L4:0) IDs: []
  Round 050 | Global: 0.6997 | per-client: 0.6997 | Flagged: 0/20 (L3:0, L4:0) IDs: []
  Round 060 | Global: 0.7034 | per-client: 0.7034 | Flagged: 0/20 (L3:0, L4:0) IDs: []
  Round 070 | Global: 0.7068 | per-client: 0.7068 | Flagged: 0/20 (L3:0, L4:0) IDs: []
  Round 080 | Global: 0.7122 | per-client: 0.7122 | Flagged: 0/20 (L3:0, L4:0) IDs: []
  Round 090 | Global: 0.7149 | per-client: 0.7149 | Flagged: 0/20 (L3:0, L4:0) IDs: []

  *** Drift event 0 at round 100 ***
  Group A [0, 1, 2, 10, 11, 12]: swap 1<->2
  Group B [3, 4, 5, 13, 14, 15]: swap 3<->4
  Group C [6, 7, 8, 9, 16, 17, 18, 19]: swap 5<->6
  Round 100 | Global: 0.6440 | per-client: 0.5613 | Flagged: 6/20 (L3:5, L4:6) IDs: [3, 4, 5, 9, 13, 14] | hyb-lift(flagged): +0.5075  <-- DRIFT
  Round 101 | Global: 0.6486 | per-client: 0.5691 | Flagged: 6/20 (L3:5, L4:6) IDs: [3, 4, 5, 9, 13, 14] | hyb-lift(flagged): +0.5584
  Round 102 | Global: 0.6397 | per-client: 0.5708 | Flagged: 6/20 (L3:5, L4:6) IDs: [3, 4, 5, 9, 13, 14] | hyb-lift(flagged): +0.5788
  Round 103 | Global: 0.6192 | per-client: 0.5618 | Flagged: 6/20 (L3:4, L4:6) IDs: [3, 4, 5, 9, 13, 14] | hyb-lift(flagged): +0.5997
  Round 104 | Global: 0.6215 | per-client: 0.5618 | Flagged: 5/20 (L3:1, L4:5) IDs: [3, 4, 9, 13, 14] | hyb-lift(flagged): +0.5604
  Round 105 | Global: 0.6260 | per-client: 0.5646 | Flagged: 2/20 (L3:0, L4:2) IDs: [9, 13] | hyb-lift(flagged): +0.3977
  Round 106 | Global: 0.6155 | per-client: 0.5594 | Flagged: 0/20 (L3:0, L4:0) IDs: []
  Round 107 | Global: 0.6218 | per-client: 0.5630 | Flagged: 1/20 (L3:1, L4:0) IDs: [9] | hyb-lift(flagged): +0.0744
  Round 108 | Global: 0.6192 | per-client: 0.5626 | Flagged: 1/20 (L3:1, L4:0) IDs: [9] | hyb-lift(flagged): +0.0992
  Round 109 | Global: 0.6216 | per-client: 0.5635 | Flagged: 1/20 (L3:1, L4:0) IDs: [9] | hyb-lift(flagged): +0.1074
  Round 110 | Global: 0.6225 | per-client: 0.5656 | Flagged: 1/20 (L3:1, L4:0) IDs: [9] | hyb-lift(flagged): +0.1736
  Round 111 | Global: 0.6197 | per-client: 0.5639 | Flagged: 1/20 (L3:1, L4:0) IDs: [9] | hyb-lift(flagged): +0.1818
  Round 112 | Global: 0.6175 | per-client: 0.5628 | Flagged: 1/20 (L3:1, L4:0) IDs: [9] | hyb-lift(flagged): +0.1983
  Round 113 | Global: 0.6203 | per-client: 0.5652 | Flagged: 1/20 (L3:1, L4:0) IDs: [9] | hyb-lift(flagged): +0.2231
  Round 114 | Global: 0.6187 | per-client: 0.5656 | Flagged: 0/20 (L3:0, L4:0) IDs: []
  Round 115 | Global: 0.6146 | per-client: 0.5653 | Flagged: 0/20 (L3:0, L4:0) IDs: []
  Round 116 | Global: 0.6213 | per-client: 0.5672 | Flagged: 0/20 (L3:0, L4:0) IDs: []
  Round 117 | Global: 0.6183 | per-client: 0.5649 | Flagged: 0/20 (L3:0, L4:0) IDs: []
  Round 118 | Global: 0.6218 | per-client: 0.5660 | Flagged: 0/20 (L3:0, L4:0) IDs: []
  Round 119 | Global: 0.6298 | per-client: 0.5699 | Flagged: 0/20 (L3:0, L4:0) IDs: []
  Round 120 | Global: 0.6193 | per-client: 0.5667 | Flagged: 0/20 (L3:0, L4:0) IDs: []
  Round 130 | Global: 0.6116 | per-client: 0.5621 | Flagged: 0/20 (L3:0, L4:0) IDs: []
  Round 140 | Global: 0.6220 | per-client: 0.5664 | Flagged: 0/20 (L3:0, L4:0) IDs: []
  Round 150 | Global: 0.6171 | per-client: 0.5629 | Flagged: 0/20 (L3:0, L4:0) IDs: []
  Round 160 | Global: 0.6158 | per-client: 0.5641 | Flagged: 0/20 (L3:0, L4:0) IDs: []
  Round 170 | Global: 0.6126 | per-client: 0.5601 | Flagged: 0/20 (L3:0, L4:0) IDs: []
  Round 180 | Global: 0.6243 | per-client: 0.5675 | Flagged: 0/20 (L3:0, L4:0) IDs: []
  Round 190 | Global: 0.6117 | per-client: 0.5607 | Flagged: 0/20 (L3:0, L4:0) IDs: []
  Results: runs/2026-06-08-perclient-3seed/seed1/ourmethod/results_OurMethod.csv
  Per-client flags: runs/2026-06-08-perclient-3seed/seed1/ourmethod/results_OurMethod_flags.csv

============================================================
FINAL RESULTS SUMMARY
============================================================

OurMethod:
  Pre-drift acc:     0.7119
  Accuracy dip:      0.0964  (at first drift event, round 100)
  Recovery rounds:   Not recovered
  Post-drift stable: 0.6170
  Per-event per-group local-acc dips (using local_cXX):
    event   round     pre(A)     min(A)     dip(A)     pre(B)     min(B)     dip(B)     pre(C)     min(C)     dip(C)
    0         100     0.7052     0.5893     0.1159     0.6417     0.3708     0.2709     0.7733     0.6687     0.1046

Finished at: 2026-06-09 05:28:16
Full output log: experiment_log_20260609_045356.txt
CSV files saved per method (live):
  - results_OurMethod.csv
  - results_OurMethod_flags.csv (per-client per-round flag data)
