============================================================
Experiment log: experiment_log_20260609_065315.txt
Started at: 2026-06-09 06:53:15
============================================================
Device: cuda
CPU cores detected: 4
Config: 20 clients | alpha=0.1 | 5 epochs | 200 rounds | drift schedule [100]
Pipeline: GPU-resident dataset + GPU-side augmentation
Batch size: 64 | drop_last=True | num_workers=0
Downloading CIFAR-10...
/usr/local/lib/python3.12/dist-packages/torchvision/datasets/cifar.py:83: VisibleDeprecationWarning: dtype(): align should be passed as Python or NumPy boolean but got `align=0`. Did you mean to pass a tuple to create a subarray type? (Deprecated NumPy 2.4)
  entry = pickle.load(f, encoding="latin1")
Partitioning...
Samples/client: min=127 max=5338 mean=2500
Pre-loading GPU-resident tensors...
GPU-resident dataset memory: 703.6 MiB
Model: CifarCNN | Params: 107,690

[--rounds override] NUM_ROUNDS=200
[--out-dir] CSVs will be written to: runs/2026-06-08-perclient-3seed/seed2/ourmethod//

[--seed override] re-seeding to 2 and re-partitioning...
  Re-partitioned: samples/client min=83 max=6776 mean=2500

============================================================
RUNNING METHODS: OurMethod
Rounds per method: 200
============================================================

============================================================
METHOD 4: OurMethod — Drift-Triggered Selective Layer Adaptation
  EMA alpha=0.3 | TAU=1.4 | Warmup=10
============================================================
  Round 000 | Global: 0.1833 | per-client: 0.1833 | Flagged: 0/20 (L3:0, L4:0) IDs: []
  Round 010 | Global: 0.5854 | per-client: 0.5854 | Flagged: 0/20 (L3:0, L4:0) IDs: []
  Round 020 | Global: 0.6521 | per-client: 0.6521 | Flagged: 0/20 (L3:0, L4:0) IDs: []
  Round 030 | Global: 0.6778 | per-client: 0.6778 | Flagged: 0/20 (L3:0, L4:0) IDs: []
  Round 040 | Global: 0.6943 | per-client: 0.6943 | Flagged: 0/20 (L3:0, L4:0) IDs: []
  Round 050 | Global: 0.7016 | per-client: 0.7016 | Flagged: 0/20 (L3:0, L4:0) IDs: []
  Round 060 | Global: 0.7106 | per-client: 0.7106 | Flagged: 0/20 (L3:0, L4:0) IDs: []
  Round 070 | Global: 0.7178 | per-client: 0.7178 | Flagged: 0/20 (L3:0, L4:0) IDs: []
  Round 080 | Global: 0.7196 | per-client: 0.7196 | Flagged: 0/20 (L3:0, L4:0) IDs: []
  Round 090 | Global: 0.7188 | per-client: 0.7188 | Flagged: 0/20 (L3:0, L4:0) IDs: []

  *** Drift event 0 at round 100 ***
  Group A [0, 1, 2, 10, 11, 12]: swap 1<->2
  Group B [3, 4, 5, 13, 14, 15]: swap 3<->4
  Group C [6, 7, 8, 9, 16, 17, 18, 19]: swap 5<->6
  Round 100 | Global: 0.6181 | per-client: 0.5508 | Flagged: 8/20 (L3:4, L4:8) IDs: [0, 1, 2, 3, 9, 10, 14, 18] | hyb-lift(flagged): +0.4283  <-- DRIFT
  Round 101 | Global: 0.5942 | per-client: 0.5494 | Flagged: 8/20 (L3:4, L4:8) IDs: [0, 1, 2, 3, 9, 10, 14, 18] | hyb-lift(flagged): +0.5091
  Round 102 | Global: 0.5894 | per-client: 0.5508 | Flagged: 8/20 (L3:4, L4:8) IDs: [0, 1, 2, 3, 9, 10, 14, 18] | hyb-lift(flagged): +0.5456
  Round 103 | Global: 0.5861 | per-client: 0.5483 | Flagged: 8/20 (L3:4, L4:8) IDs: [0, 1, 2, 3, 9, 10, 14, 18] | hyb-lift(flagged): +0.5684
  Round 104 | Global: 0.5874 | per-client: 0.5484 | Flagged: 6/20 (L3:2, L4:6) IDs: [0, 2, 9, 10, 14, 18] | hyb-lift(flagged): +0.4942
  Round 105 | Global: 0.6172 | per-client: 0.5532 | Flagged: 2/20 (L3:2, L4:2) IDs: [9, 18] | hyb-lift(flagged): +0.3410
  Round 106 | Global: 0.5961 | per-client: 0.5471 | Flagged: 2/20 (L3:2, L4:0) IDs: [9, 18] | hyb-lift(flagged): +0.0918
  Round 107 | Global: 0.5948 | per-client: 0.5473 | Flagged: 0/20 (L3:0, L4:0) IDs: []
  Round 108 | Global: 0.5942 | per-client: 0.5486 | Flagged: 0/20 (L3:0, L4:0) IDs: []
  Round 109 | Global: 0.5796 | per-client: 0.5426 | Flagged: 0/20 (L3:0, L4:0) IDs: []
  Round 110 | Global: 0.5874 | per-client: 0.5486 | Flagged: 0/20 (L3:0, L4:0) IDs: []
  Round 111 | Global: 0.5928 | per-client: 0.5470 | Flagged: 0/20 (L3:0, L4:0) IDs: []
  Round 112 | Global: 0.5926 | per-client: 0.5491 | Flagged: 0/20 (L3:0, L4:0) IDs: []
  Round 113 | Global: 0.5881 | per-client: 0.5469 | Flagged: 0/20 (L3:0, L4:0) IDs: []
  Round 114 | Global: 0.5859 | per-client: 0.5465 | Flagged: 0/20 (L3:0, L4:0) IDs: []
  Round 115 | Global: 0.5914 | per-client: 0.5483 | Flagged: 0/20 (L3:0, L4:0) IDs: []
  Round 116 | Global: 0.5883 | per-client: 0.5468 | Flagged: 0/20 (L3:0, L4:0) IDs: []
  Round 117 | Global: 0.5807 | per-client: 0.5460 | Flagged: 0/20 (L3:0, L4:0) IDs: []
  Round 118 | Global: 0.5717 | per-client: 0.5417 | Flagged: 0/20 (L3:0, L4:0) IDs: []
  Round 119 | Global: 0.5961 | per-client: 0.5515 | Flagged: 0/20 (L3:0, L4:0) IDs: []
  Round 120 | Global: 0.5820 | per-client: 0.5466 | Flagged: 0/20 (L3:0, L4:0) IDs: []
  Round 130 | Global: 0.5809 | per-client: 0.5472 | Flagged: 0/20 (L3:0, L4:0) IDs: []
  Round 140 | Global: 0.5765 | per-client: 0.5450 | Flagged: 0/20 (L3:0, L4:0) IDs: []
  Round 150 | Global: 0.5806 | per-client: 0.5447 | Flagged: 0/20 (L3:0, L4:0) IDs: []
  Round 160 | Global: 0.5807 | per-client: 0.5460 | Flagged: 0/20 (L3:0, L4:0) IDs: []
  Round 170 | Global: 0.5685 | per-client: 0.5421 | Flagged: 0/20 (L3:0, L4:0) IDs: []
  Round 180 | Global: 0.5785 | per-client: 0.5447 | Flagged: 0/20 (L3:0, L4:0) IDs: []
  Round 190 | Global: 0.5651 | per-client: 0.5408 | Flagged: 0/20 (L3:0, L4:0) IDs: []
  Results: runs/2026-06-08-perclient-3seed/seed2/ourmethod/results_OurMethod.csv
  Per-client flags: runs/2026-06-08-perclient-3seed/seed2/ourmethod/results_OurMethod_flags.csv

============================================================
FINAL RESULTS SUMMARY
============================================================

OurMethod:
  Pre-drift acc:     0.7184
  Accuracy dip:      0.1388  (at first drift event, round 100)
  Recovery rounds:   Not recovered
  Post-drift stable: 0.5775
  Per-event per-group local-acc dips (using local_cXX):
    event   round     pre(A)     min(A)     dip(A)     pre(B)     min(B)     dip(B)     pre(C)     min(C)     dip(C)
    0         100     0.7343     0.4726     0.2617     0.6550     0.5427     0.1123     0.7810     0.6638     0.1172

Finished at: 2026-06-09 07:27:57
Full output log: experiment_log_20260609_065315.txt
CSV files saved per method (live):
  - results_OurMethod.csv
  - results_OurMethod_flags.csv (per-client per-round flag data)
