============================================================
Experiment log: experiment_log_20260609_052833.txt
Started at: 2026-06-09 05:28:33
============================================================
Device: cuda
CPU cores detected: 4
Config: 20 clients | alpha=0.1 | 5 epochs | 200 rounds | drift schedule [100]
Pipeline: GPU-resident dataset + GPU-side augmentation
Batch size: 64 | drop_last=True | num_workers=0
Downloading CIFAR-10...
/usr/local/lib/python3.12/dist-packages/torchvision/datasets/cifar.py:83: VisibleDeprecationWarning: dtype(): align should be passed as Python or NumPy boolean but got `align=0`. Did you mean to pass a tuple to create a subarray type? (Deprecated NumPy 2.4)
  entry = pickle.load(f, encoding="latin1")
Partitioning...
Samples/client: min=127 max=5338 mean=2500
Pre-loading GPU-resident tensors...
GPU-resident dataset memory: 703.6 MiB
Model: CifarCNN | Params: 107,690

[--rounds override] NUM_ROUNDS=200
[--out-dir] CSVs will be written to: runs/2026-06-08-perclient-3seed/seed2/fedavgplus1//

[--seed override] re-seeding to 2 and re-partitioning...
  Re-partitioned: samples/client min=83 max=6776 mean=2500

============================================================
RUNNING METHODS: FedAvgPlus1
Rounds per method: 200
============================================================

============================================================
METHOD 5 (control): FedAvg + 1 local epoch
  global eval     -> global aggregated model, canonical TEST_Y
  per-client eval -> each client's (global + 1 local epoch) model
============================================================
  Round 000 | Global: 0.1851 | per-client(finetuned): 0.1532 | mean local: 0.1678
  Round 010 | Global: 0.5889 | per-client(finetuned): 0.3489 | mean local: 0.5622
  Round 020 | Global: 0.6494 | per-client(finetuned): 0.4162 | mean local: 0.6415
  Round 030 | Global: 0.6805 | per-client(finetuned): 0.4444 | mean local: 0.6712
  Round 040 | Global: 0.7005 | per-client(finetuned): 0.4730 | mean local: 0.6965
  Round 050 | Global: 0.7033 | per-client(finetuned): 0.4848 | mean local: 0.7022
  Round 060 | Global: 0.7042 | per-client(finetuned): 0.4936 | mean local: 0.7085
  Round 070 | Global: 0.7131 | per-client(finetuned): 0.4978 | mean local: 0.7181
  Round 080 | Global: 0.7138 | per-client(finetuned): 0.5004 | mean local: 0.7184
  Round 090 | Global: 0.7181 | per-client(finetuned): 0.5193 | mean local: 0.7195

  *** Drift event 0 at round 100 ***
  Group A [0, 1, 2, 10, 11, 12]: swap 1<->2
  Group B [3, 4, 5, 13, 14, 15]: swap 3<->4
  Group C [6, 7, 8, 9, 16, 17, 18, 19]: swap 5<->6
  Round 100 | Global: 0.6290 | per-client(finetuned): 0.4180 | mean local: 0.5898  <-- DRIFT
  Round 110 | Global: 0.5833 | per-client(finetuned): 0.4434 | mean local: 0.6083
  Round 120 | Global: 0.5931 | per-client(finetuned): 0.4437 | mean local: 0.6195
  Round 130 | Global: 0.5940 | per-client(finetuned): 0.4515 | mean local: 0.6200
  Round 140 | Global: 0.5876 | per-client(finetuned): 0.4612 | mean local: 0.6192
  Round 150 | Global: 0.5826 | per-client(finetuned): 0.4561 | mean local: 0.6151
  Round 160 | Global: 0.5889 | per-client(finetuned): 0.4605 | mean local: 0.6238
  Round 170 | Global: 0.5926 | per-client(finetuned): 0.4690 | mean local: 0.6232
  Round 180 | Global: 0.5882 | per-client(finetuned): 0.4684 | mean local: 0.6229
  Round 190 | Global: 0.5876 | per-client(finetuned): 0.4620 | mean local: 0.6253
  Results: runs/2026-06-08-perclient-3seed/seed2/fedavgplus1/results_FedAvgPlus1.csv

============================================================
FINAL RESULTS SUMMARY
============================================================

FedAvgPlus1:
  Pre-drift acc:     0.7155
  Accuracy dip:      0.1276  (at first drift event, round 100)
  Recovery rounds:   Not recovered
  Post-drift stable: 0.5857
  Per-event per-group local-acc dips (using local_cXX):
    event   round     pre(A)     min(A)     dip(A)     pre(B)     min(B)     dip(B)     pre(C)     min(C)     dip(C)
    0         100     0.7283     0.5437     0.1846     0.6501     0.5544     0.0957     0.7725     0.6310     0.1415

Finished at: 2026-06-09 06:13:20
Full output log: experiment_log_20260609_052833.txt
CSV files saved per method (live):
  - results_FedAvgPlus1.csv
