============================================================
Experiment log: experiment_log_20260609_032843.txt
Started at: 2026-06-09 03:28:43
============================================================
Device: cuda
CPU cores detected: 4
Config: 20 clients | alpha=0.1 | 5 epochs | 200 rounds | drift schedule [100]
Pipeline: GPU-resident dataset + GPU-side augmentation
Batch size: 64 | drop_last=True | num_workers=0
Downloading CIFAR-10...
/usr/local/lib/python3.12/dist-packages/torchvision/datasets/cifar.py:83: VisibleDeprecationWarning: dtype(): align should be passed as Python or NumPy boolean but got `align=0`. Did you mean to pass a tuple to create a subarray type? (Deprecated NumPy 2.4)
  entry = pickle.load(f, encoding="latin1")
Partitioning...
Samples/client: min=127 max=5338 mean=2500
Pre-loading GPU-resident tensors...
GPU-resident dataset memory: 703.6 MiB
Model: CifarCNN | Params: 107,690

[--rounds override] NUM_ROUNDS=200
[--out-dir] CSVs will be written to: runs/2026-06-08-perclient-3seed/seed1/fedavg//

[--seed override] re-seeding to 1 and re-partitioning...
  Re-partitioned: samples/client min=121 max=6775 mean=2500

============================================================
RUNNING METHODS: FedAvg
Rounds per method: 200
============================================================

============================================================
METHOD 1: FedAvg
============================================================
  Round 000 | Global: 0.2159 | per-client: 0.2159 | mean local: 0.2109
  Round 010 | Global: 0.5734 | per-client: 0.5734 | mean local: 0.5306
  Round 020 | Global: 0.6491 | per-client: 0.6491 | mean local: 0.6092
  Round 030 | Global: 0.6789 | per-client: 0.6789 | mean local: 0.6576
  Round 040 | Global: 0.6919 | per-client: 0.6919 | mean local: 0.6715
  Round 050 | Global: 0.6997 | per-client: 0.6997 | mean local: 0.6906
  Round 060 | Global: 0.7034 | per-client: 0.7034 | mean local: 0.6957
  Round 070 | Global: 0.7068 | per-client: 0.7068 | mean local: 0.7022
  Round 080 | Global: 0.7122 | per-client: 0.7122 | mean local: 0.7045
  Round 090 | Global: 0.7149 | per-client: 0.7149 | mean local: 0.7107

  *** Drift event 0 at round 100 ***
  Group A [0, 1, 2, 10, 11, 12]: swap 1<->2
  Group B [3, 4, 5, 13, 14, 15]: swap 3<->4
  Group C [6, 7, 8, 9, 16, 17, 18, 19]: swap 5<->6
  Round 100 | Global: 0.6386 | per-client: 0.5563 | mean local: 0.5735  <-- DRIFT
  Round 110 | Global: 0.6213 | per-client: 0.5662 | mean local: 0.5886
  Round 120 | Global: 0.6136 | per-client: 0.5638 | mean local: 0.5908
  Round 130 | Global: 0.6111 | per-client: 0.5622 | mean local: 0.5908
  Round 140 | Global: 0.6220 | per-client: 0.5658 | mean local: 0.5973
  Round 150 | Global: 0.6139 | per-client: 0.5622 | mean local: 0.5931
  Round 160 | Global: 0.6095 | per-client: 0.5612 | mean local: 0.5957
  Round 170 | Global: 0.6078 | per-client: 0.5599 | mean local: 0.5954
  Round 180 | Global: 0.6213 | per-client: 0.5653 | mean local: 0.6002
  Round 190 | Global: 0.6123 | per-client: 0.5620 | mean local: 0.5954
  Results: runs/2026-06-08-perclient-3seed/seed1/fedavg/results_FedAvg.csv

============================================================
FINAL RESULTS SUMMARY
============================================================

FedAvg:
  Pre-drift acc:     0.7119
  Accuracy dip:      0.0964  (at first drift event, round 100)
  Recovery rounds:   Not recovered
  Post-drift stable: 0.6140
  Per-event per-group local-acc dips (using local_cXX):
    event   round     pre(A)     min(A)     dip(A)     pre(B)     min(B)     dip(B)     pre(C)     min(C)     dip(C)
    0         100     0.7052     0.6039     0.1013     0.6417     0.4068     0.2349     0.7734     0.6326     0.1407

Finished at: 2026-06-09 04:06:20
Full output log: experiment_log_20260609_032843.txt
CSV files saved per method (live):
  - results_FedAvg.csv
