============================================================
Experiment log: experiment_log_20260609_041419.txt
Started at: 2026-06-09 04:14:19
============================================================
Device: cuda
CPU cores detected: 4
Config: 20 clients | alpha=0.1 | 5 epochs | 200 rounds | drift schedule [100]
Pipeline: GPU-resident dataset + GPU-side augmentation
Batch size: 64 | drop_last=True | num_workers=0
Downloading CIFAR-10...
/usr/local/lib/python3.12/dist-packages/torchvision/datasets/cifar.py:83: VisibleDeprecationWarning: dtype(): align should be passed as Python or NumPy boolean but got `align=0`. Did you mean to pass a tuple to create a subarray type? (Deprecated NumPy 2.4)
  entry = pickle.load(f, encoding="latin1")
Partitioning...
Samples/client: min=127 max=5338 mean=2500
Pre-loading GPU-resident tensors...
GPU-resident dataset memory: 703.6 MiB
Model: CifarCNN | Params: 107,690

[--rounds override] NUM_ROUNDS=200
[--out-dir] CSVs will be written to: runs/2026-06-08-perclient-3seed/seed1/flash//

[--seed override] re-seeding to 1 and re-partitioning...
  Re-partitioned: samples/client min=121 max=6775 mean=2500

============================================================
RUNNING METHODS: Flash
Rounds per method: 200
============================================================

============================================================
METHOD 2: Flash
============================================================
  Round 000 | Global: 0.1000 | per-client: 0.1000 | mean local: 0.0685
  Round 010 | Global: 0.5375 | per-client: 0.5375 | mean local: 0.5132
  Round 020 | Global: 0.6129 | per-client: 0.6129 | mean local: 0.5817
  Round 030 | Global: 0.6453 | per-client: 0.6453 | mean local: 0.6294
  Round 040 | Global: 0.6616 | per-client: 0.6616 | mean local: 0.6577
  Round 050 | Global: 0.6752 | per-client: 0.6752 | mean local: 0.6687
  Round 060 | Global: 0.6716 | per-client: 0.6716 | mean local: 0.6680
  Round 070 | Global: 0.6843 | per-client: 0.6843 | mean local: 0.6755
  Round 080 | Global: 0.6872 | per-client: 0.6872 | mean local: 0.6742
  Round 090 | Global: 0.6892 | per-client: 0.6892 | mean local: 0.6784

  *** Drift event 0 at round 100 ***
  Group A [0, 1, 2, 10, 11, 12]: swap 1<->2
  Group B [3, 4, 5, 13, 14, 15]: swap 3<->4
  Group C [6, 7, 8, 9, 16, 17, 18, 19]: swap 5<->6
  Round 100 | Global: 0.6921 | per-client: 0.5738 | mean local: 0.5761  <-- DRIFT
  Round 110 | Global: 0.5399 | per-client: 0.5384 | mean local: 0.5547
  Round 120 | Global: 0.6282 | per-client: 0.5579 | mean local: 0.5864
  Round 130 | Global: 0.6020 | per-client: 0.5537 | mean local: 0.5837
  Round 140 | Global: 0.6204 | per-client: 0.5598 | mean local: 0.5945
  Round 150 | Global: 0.6140 | per-client: 0.5593 | mean local: 0.5932
  Round 160 | Global: 0.6152 | per-client: 0.5563 | mean local: 0.5917
  Round 170 | Global: 0.6125 | per-client: 0.5584 | mean local: 0.6025
  Round 180 | Global: 0.6138 | per-client: 0.5613 | mean local: 0.5987
  Round 190 | Global: 0.6185 | per-client: 0.5636 | mean local: 0.5958
  Results: runs/2026-06-08-perclient-3seed/seed1/flash/results_Flash.csv

============================================================
FINAL RESULTS SUMMARY
============================================================

Flash:
  Pre-drift acc:     0.6881
  Accuracy dip:      0.1572  (at first drift event, round 100)
  Recovery rounds:   0
  Post-drift stable: 0.6163
  Per-event per-group local-acc dips (using local_cXX):
    event   round     pre(A)     min(A)     dip(A)     pre(B)     min(B)     dip(B)     pre(C)     min(C)     dip(C)
    0         100     0.6898     0.4888     0.2011     0.5807     0.3918     0.1888     0.7487     0.6321     0.1166

Finished at: 2026-06-09 04:53:51
Full output log: experiment_log_20260609_041419.txt
CSV files saved per method (live):
  - results_Flash.csv
