============================================================
Experiment log: experiment_log_20260609_041422.txt
Started at: 2026-06-09 04:14:22
============================================================
Device: cuda
CPU cores detected: 4
Config: 20 clients | alpha=0.1 | 5 epochs | 200 rounds | drift schedule [100]
Pipeline: GPU-resident dataset + GPU-side augmentation
Batch size: 64 | drop_last=True | num_workers=0
Downloading CIFAR-10...
/usr/local/lib/python3.12/dist-packages/torchvision/datasets/cifar.py:83: VisibleDeprecationWarning: dtype(): align should be passed as Python or NumPy boolean but got `align=0`. Did you mean to pass a tuple to create a subarray type? (Deprecated NumPy 2.4)
  entry = pickle.load(f, encoding="latin1")
Partitioning...
Samples/client: min=127 max=5338 mean=2500
Pre-loading GPU-resident tensors...
GPU-resident dataset memory: 703.6 MiB
Model: CifarCNN | Params: 107,690

[--rounds override] NUM_ROUNDS=200
[--out-dir] CSVs will be written to: runs/2026-06-08-perclient-3seed/seed1/adaptive//

[--seed override] re-seeding to 1 and re-partitioning...
  Re-partitioned: samples/client min=121 max=6775 mean=2500

============================================================
RUNNING METHODS: AdaptiveFedAvg
Rounds per method: 200
============================================================

============================================================
METHOD 3: Adaptive-FedAvg (Canonji 2021, ported from FedCCFA)
  beta1=0.7 beta2=0.3 beta3=0.7
============================================================
  Round 000 | Global: 0.2159 | per-client: 0.2159 | mean local: 0.2109 | lr=0.01000
  Round 010 | Global: 0.4596 | per-client: 0.4596 | mean local: 0.4271 | lr=0.00070
  Round 020 | Global: 0.5037 | per-client: 0.5037 | mean local: 0.4640 | lr=0.00042
  Round 030 | Global: 0.5253 | per-client: 0.5253 | mean local: 0.4824 | lr=0.00029
  Round 040 | Global: 0.5454 | per-client: 0.5454 | mean local: 0.5015 | lr=0.00023
  Round 050 | Global: 0.5550 | per-client: 0.5550 | mean local: 0.5121 | lr=0.00019
  Round 060 | Global: 0.5597 | per-client: 0.5597 | mean local: 0.5172 | lr=0.00016
  Round 070 | Global: 0.5680 | per-client: 0.5680 | mean local: 0.5258 | lr=0.00014
  Round 080 | Global: 0.5732 | per-client: 0.5732 | mean local: 0.5326 | lr=0.00012
  Round 090 | Global: 0.5780 | per-client: 0.5780 | mean local: 0.5369 | lr=0.00011

  *** Drift event 0 at round 100 ***
  Group A [0, 1, 2, 10, 11, 12]: swap 1<->2
  Group B [3, 4, 5, 13, 14, 15]: swap 3<->4
  Group C [6, 7, 8, 9, 16, 17, 18, 19]: swap 5<->6
  Round 100 | Global: 0.5591 | per-client: 0.4731 | mean local: 0.4741 | lr=0.00017  <-- DRIFT
  Round 110 | Global: 0.5491 | per-client: 0.4770 | mean local: 0.4792 | lr=0.00008
  Round 120 | Global: 0.5416 | per-client: 0.4759 | mean local: 0.4822 | lr=0.00008
  Round 130 | Global: 0.5402 | per-client: 0.4799 | mean local: 0.4849 | lr=0.00007
  Round 140 | Global: 0.5353 | per-client: 0.4781 | mean local: 0.4844 | lr=0.00007
  Round 150 | Global: 0.5377 | per-client: 0.4830 | mean local: 0.4879 | lr=0.00006
  Round 160 | Global: 0.5365 | per-client: 0.4829 | mean local: 0.4889 | lr=0.00006
  Round 170 | Global: 0.5341 | per-client: 0.4834 | mean local: 0.4889 | lr=0.00006
  Round 180 | Global: 0.5361 | per-client: 0.4858 | mean local: 0.4909 | lr=0.00005
  Round 190 | Global: 0.5351 | per-client: 0.4860 | mean local: 0.4918 | lr=0.00005
  Results: runs/2026-06-08-perclient-3seed/seed1/adaptive/results_AdaptiveFedAvg.csv

============================================================
FINAL RESULTS SUMMARY
============================================================

AdaptiveFedAvg:
  Pre-drift acc:     0.5799
  Accuracy dip:      0.0313  (at first drift event, round 100)
  Recovery rounds:   1
  Post-drift stable: 0.5360
  Per-event per-group local-acc dips (using local_cXX):
    event   round     pre(A)     min(A)     dip(A)     pre(B)     min(B)     dip(B)     pre(C)     min(C)     dip(C)
    0         100     0.5498     0.5359     0.0139     0.3912     0.3052     0.0860     0.6414     0.5326     0.1088

Finished at: 2026-06-09 04:51:27
Full output log: experiment_log_20260609_041422.txt
CSV files saved per method (live):
  - results_AdaptiveFedAvg.csv
