============================================================
Experiment log: experiment_log_20260609_052830.txt
Started at: 2026-06-09 05:28:30
============================================================
Device: cuda
CPU cores detected: 4
Config: 20 clients | alpha=0.1 | 5 epochs | 200 rounds | drift schedule [100]
Pipeline: GPU-resident dataset + GPU-side augmentation
Batch size: 64 | drop_last=True | num_workers=0
Downloading CIFAR-10...
/usr/local/lib/python3.12/dist-packages/torchvision/datasets/cifar.py:83: VisibleDeprecationWarning: dtype(): align should be passed as Python or NumPy boolean but got `align=0`. Did you mean to pass a tuple to create a subarray type? (Deprecated NumPy 2.4)
  entry = pickle.load(f, encoding="latin1")
Partitioning...
Samples/client: min=127 max=5338 mean=2500
Pre-loading GPU-resident tensors...
GPU-resident dataset memory: 703.6 MiB
Model: CifarCNN | Params: 107,690

[--rounds override] NUM_ROUNDS=200
[--out-dir] CSVs will be written to: runs/2026-06-08-perclient-3seed/seed2/fedavg//

[--seed override] re-seeding to 2 and re-partitioning...
  Re-partitioned: samples/client min=83 max=6776 mean=2500

============================================================
RUNNING METHODS: FedAvg
Rounds per method: 200
============================================================

============================================================
METHOD 1: FedAvg
============================================================
  Round 000 | Global: 0.1833 | per-client: 0.1833 | mean local: 0.1662
  Round 010 | Global: 0.5803 | per-client: 0.5803 | mean local: 0.5544
  Round 020 | Global: 0.6497 | per-client: 0.6497 | mean local: 0.6341
  Round 030 | Global: 0.6803 | per-client: 0.6803 | mean local: 0.6678
  Round 040 | Global: 0.6970 | per-client: 0.6970 | mean local: 0.6924
  Round 050 | Global: 0.7021 | per-client: 0.7021 | mean local: 0.6996
  Round 060 | Global: 0.7105 | per-client: 0.7105 | mean local: 0.7175
  Round 070 | Global: 0.7155 | per-client: 0.7155 | mean local: 0.7258
  Round 080 | Global: 0.7179 | per-client: 0.7179 | mean local: 0.7266
  Round 090 | Global: 0.7198 | per-client: 0.7198 | mean local: 0.7294

  *** Drift event 0 at round 100 ***
  Group A [0, 1, 2, 10, 11, 12]: swap 1<->2
  Group B [3, 4, 5, 13, 14, 15]: swap 3<->4
  Group C [6, 7, 8, 9, 16, 17, 18, 19]: swap 5<->6
  Round 100 | Global: 0.6238 | per-client: 0.5455 | mean local: 0.5902  <-- DRIFT
  Round 110 | Global: 0.5861 | per-client: 0.5480 | mean local: 0.6052
  Round 120 | Global: 0.5898 | per-client: 0.5518 | mean local: 0.6156
  Round 130 | Global: 0.5796 | per-client: 0.5477 | mean local: 0.6190
  Round 140 | Global: 0.5880 | per-client: 0.5521 | mean local: 0.6155
  Round 150 | Global: 0.5908 | per-client: 0.5527 | mean local: 0.6226
  Round 160 | Global: 0.5925 | per-client: 0.5548 | mean local: 0.6213
  Round 170 | Global: 0.5854 | per-client: 0.5490 | mean local: 0.6241
  Round 180 | Global: 0.5944 | per-client: 0.5539 | mean local: 0.6266
  Round 190 | Global: 0.5859 | per-client: 0.5487 | mean local: 0.6309
  Results: runs/2026-06-08-perclient-3seed/seed2/fedavg/results_FedAvg.csv

============================================================
FINAL RESULTS SUMMARY
============================================================

FedAvg:
  Pre-drift acc:     0.7184
  Accuracy dip:      0.1278  (at first drift event, round 100)
  Recovery rounds:   Not recovered
  Post-drift stable: 0.5848
  Per-event per-group local-acc dips (using local_cXX):
    event   round     pre(A)     min(A)     dip(A)     pre(B)     min(B)     dip(B)     pre(C)     min(C)     dip(C)
    0         100     0.7307     0.5441     0.1866     0.6598     0.5657     0.0941     0.7755     0.6390     0.1366

Finished at: 2026-06-09 06:05:34
Full output log: experiment_log_20260609_052830.txt
CSV files saved per method (live):
  - results_FedAvg.csv
