============================================================
Experiment log: experiment_log_20260609_061341.txt
Started at: 2026-06-09 06:13:41
============================================================
Device: cuda
CPU cores detected: 4
Config: 20 clients | alpha=0.1 | 5 epochs | 200 rounds | drift schedule [100]
Pipeline: GPU-resident dataset + GPU-side augmentation
Batch size: 64 | drop_last=True | num_workers=0
Downloading CIFAR-10...
/usr/local/lib/python3.12/dist-packages/torchvision/datasets/cifar.py:83: VisibleDeprecationWarning: dtype(): align should be passed as Python or NumPy boolean but got `align=0`. Did you mean to pass a tuple to create a subarray type? (Deprecated NumPy 2.4)
  entry = pickle.load(f, encoding="latin1")
Partitioning...
Samples/client: min=127 max=5338 mean=2500
Pre-loading GPU-resident tensors...
GPU-resident dataset memory: 703.6 MiB
Model: CifarCNN | Params: 107,690

[--rounds override] NUM_ROUNDS=200
[--out-dir] CSVs will be written to: runs/2026-06-08-perclient-3seed/seed2/adaptive//

[--seed override] re-seeding to 2 and re-partitioning...
  Re-partitioned: samples/client min=83 max=6776 mean=2500

============================================================
RUNNING METHODS: AdaptiveFedAvg
Rounds per method: 200
============================================================

============================================================
METHOD 3: Adaptive-FedAvg (Canonji 2021, ported from FedCCFA)
  beta1=0.7 beta2=0.3 beta3=0.7
============================================================
  Round 000 | Global: 0.1850 | per-client: 0.1850 | mean local: 0.1678 | lr=0.01000
  Round 010 | Global: 0.4774 | per-client: 0.4774 | mean local: 0.4426 | lr=0.00070
  Round 020 | Global: 0.5342 | per-client: 0.5342 | mean local: 0.5047 | lr=0.00042
  Round 030 | Global: 0.5562 | per-client: 0.5562 | mean local: 0.5320 | lr=0.00029
  Round 040 | Global: 0.5694 | per-client: 0.5694 | mean local: 0.5471 | lr=0.00023
  Round 050 | Global: 0.5785 | per-client: 0.5785 | mean local: 0.5572 | lr=0.00019
  Round 060 | Global: 0.5857 | per-client: 0.5857 | mean local: 0.5656 | lr=0.00016
  Round 070 | Global: 0.5921 | per-client: 0.5921 | mean local: 0.5727 | lr=0.00014
  Round 080 | Global: 0.5958 | per-client: 0.5958 | mean local: 0.5763 | lr=0.00012
  Round 090 | Global: 0.5995 | per-client: 0.5995 | mean local: 0.5821 | lr=0.00011

  *** Drift event 0 at round 100 ***
  Group A [0, 1, 2, 10, 11, 12]: swap 1<->2
  Group B [3, 4, 5, 13, 14, 15]: swap 3<->4
  Group C [6, 7, 8, 9, 16, 17, 18, 19]: swap 5<->6
  Round 100 | Global: 0.5609 | per-client: 0.4762 | mean local: 0.4970 | lr=0.00023  <-- DRIFT
  Round 110 | Global: 0.5102 | per-client: 0.4663 | mean local: 0.4982 | lr=0.00008
  Round 120 | Global: 0.4992 | per-client: 0.4646 | mean local: 0.5021 | lr=0.00008
  Round 130 | Global: 0.4932 | per-client: 0.4637 | mean local: 0.5055 | lr=0.00007
  Round 140 | Global: 0.4853 | per-client: 0.4597 | mean local: 0.5062 | lr=0.00007
  Round 150 | Global: 0.4850 | per-client: 0.4623 | mean local: 0.5087 | lr=0.00006
  Round 160 | Global: 0.4832 | per-client: 0.4624 | mean local: 0.5095 | lr=0.00006
  Round 170 | Global: 0.4831 | per-client: 0.4637 | mean local: 0.5124 | lr=0.00006
  Round 180 | Global: 0.4815 | per-client: 0.4643 | mean local: 0.5129 | lr=0.00005
  Round 190 | Global: 0.4812 | per-client: 0.4648 | mean local: 0.5141 | lr=0.00005
  Results: runs/2026-06-08-perclient-3seed/seed2/adaptive/results_AdaptiveFedAvg.csv

============================================================
FINAL RESULTS SUMMARY
============================================================

AdaptiveFedAvg:
  Pre-drift acc:     0.6005
  Accuracy dip:      0.0881  (at first drift event, round 100)
  Recovery rounds:   Not recovered
  Post-drift stable: 0.4808
  Per-event per-group local-acc dips (using local_cXX):
    event   round     pre(A)     min(A)     dip(A)     pre(B)     min(B)     dip(B)     pre(C)     min(C)     dip(C)
    0         100     0.5885     0.4690     0.1195     0.4885     0.4059     0.0826     0.6501     0.5467     0.1035

Finished at: 2026-06-09 06:50:34
Full output log: experiment_log_20260609_061341.txt
CSV files saved per method (live):
  - results_AdaptiveFedAvg.csv
