============================================================
Experiment log: experiment_log_20260609_061337.txt
Started at: 2026-06-09 06:13:37
============================================================
Device: cuda
CPU cores detected: 4
Config: 20 clients | alpha=0.1 | 5 epochs | 200 rounds | drift schedule [100]
Pipeline: GPU-resident dataset + GPU-side augmentation
Batch size: 64 | drop_last=True | num_workers=0
Downloading CIFAR-10...
/usr/local/lib/python3.12/dist-packages/torchvision/datasets/cifar.py:83: VisibleDeprecationWarning: dtype(): align should be passed as Python or NumPy boolean but got `align=0`. Did you mean to pass a tuple to create a subarray type? (Deprecated NumPy 2.4)
  entry = pickle.load(f, encoding="latin1")
Partitioning...
Samples/client: min=127 max=5338 mean=2500
Pre-loading GPU-resident tensors...
GPU-resident dataset memory: 703.6 MiB
Model: CifarCNN | Params: 107,690

[--rounds override] NUM_ROUNDS=200
[--out-dir] CSVs will be written to: runs/2026-06-08-perclient-3seed/seed2/flash//

[--seed override] re-seeding to 2 and re-partitioning...
  Re-partitioned: samples/client min=83 max=6776 mean=2500

============================================================
RUNNING METHODS: Flash
Rounds per method: 200
============================================================

============================================================
METHOD 2: Flash
============================================================
  Round 000 | Global: 0.1613 | per-client: 0.1613 | mean local: 0.1804
  Round 010 | Global: 0.5175 | per-client: 0.5175 | mean local: 0.5159
  Round 020 | Global: 0.6186 | per-client: 0.6186 | mean local: 0.6108
  Round 030 | Global: 0.6547 | per-client: 0.6547 | mean local: 0.6456
  Round 040 | Global: 0.6744 | per-client: 0.6744 | mean local: 0.6684
  Round 050 | Global: 0.6824 | per-client: 0.6824 | mean local: 0.6765
  Round 060 | Global: 0.6845 | per-client: 0.6845 | mean local: 0.6896
  Round 070 | Global: 0.6894 | per-client: 0.6894 | mean local: 0.6978
  Round 080 | Global: 0.6928 | per-client: 0.6928 | mean local: 0.7027
  Round 090 | Global: 0.6950 | per-client: 0.6950 | mean local: 0.7036

  *** Drift event 0 at round 100 ***
  Group A [0, 1, 2, 10, 11, 12]: swap 1<->2
  Group B [3, 4, 5, 13, 14, 15]: swap 3<->4
  Group C [6, 7, 8, 9, 16, 17, 18, 19]: swap 5<->6
  Round 100 | Global: 0.6858 | per-client: 0.5698 | mean local: 0.5897  <-- DRIFT
  Round 110 | Global: 0.5237 | per-client: 0.5197 | mean local: 0.5973
  Round 120 | Global: 0.5807 | per-client: 0.5337 | mean local: 0.6012
  Round 130 | Global: 0.5766 | per-client: 0.5341 | mean local: 0.6050
  Round 140 | Global: 0.5886 | per-client: 0.5444 | mean local: 0.6127
  Round 150 | Global: 0.5685 | per-client: 0.5352 | mean local: 0.6099
  Round 160 | Global: 0.5732 | per-client: 0.5376 | mean local: 0.6106
  Round 170 | Global: 0.5907 | per-client: 0.5432 | mean local: 0.6160
  Round 180 | Global: 0.5864 | per-client: 0.5409 | mean local: 0.6198
  Round 190 | Global: 0.5772 | per-client: 0.5383 | mean local: 0.6167
  Results: runs/2026-06-08-perclient-3seed/seed2/flash/results_Flash.csv

============================================================
FINAL RESULTS SUMMARY
============================================================

Flash:
  Pre-drift acc:     0.6940
  Accuracy dip:      0.1885  (at first drift event, round 100)
  Recovery rounds:   0
  Post-drift stable: 0.5823
  Per-event per-group local-acc dips (using local_cXX):
    event   round     pre(A)     min(A)     dip(A)     pre(B)     min(B)     dip(B)     pre(C)     min(C)     dip(C)
    0         100     0.7152     0.5327     0.1825     0.6292     0.5286     0.1006     0.7428     0.6258     0.1169

Finished at: 2026-06-09 06:52:52
Full output log: experiment_log_20260609_061337.txt
CSV files saved per method (live):
  - results_Flash.csv
