============================================================
Experiment log: experiment_log_20260608_154101.txt
Started at: 2026-06-08 15:41:01
============================================================
Device: cuda
CPU cores detected: 4
Config: 20 clients | alpha=0.1 | 5 epochs | 200 rounds | drift schedule [100]
Pipeline: GPU-resident dataset + GPU-side augmentation
Batch size: 64 | drop_last=True | num_workers=0
Downloading CIFAR-10...
/usr/local/lib/python3.12/dist-packages/torchvision/datasets/cifar.py:83: VisibleDeprecationWarning: dtype(): align should be passed as Python or NumPy boolean but got `align=0`. Did you mean to pass a tuple to create a subarray type? (Deprecated NumPy 2.4)
  entry = pickle.load(f, encoding="latin1")
Partitioning...
Samples/client: min=127 max=5338 mean=2500
Pre-loading GPU-resident tensors...
GPU-resident dataset memory: 703.6 MiB
Model: CifarCNN | Params: 107,690

[--rounds override] NUM_ROUNDS=200
[--out-dir] CSVs will be written to: runs/2026-06-08-perclient-smoke/adaptive//

============================================================
RUNNING METHODS: AdaptiveFedAvg
Rounds per method: 200
============================================================

============================================================
METHOD 3: Adaptive-FedAvg (Canonji 2021, ported from FedCCFA)
  beta1=0.7 beta2=0.3 beta3=0.7
============================================================
  Round 000 | Global: 0.2145 | per-client: 0.2145 | mean local: 0.2103 | lr=0.01000
  Round 010 | Global: 0.4105 | per-client: 0.4105 | mean local: 0.4012 | lr=0.00070
  Round 020 | Global: 0.4680 | per-client: 0.4680 | mean local: 0.4559 | lr=0.00043
  Round 030 | Global: 0.4949 | per-client: 0.4949 | mean local: 0.4792 | lr=0.00030
  Round 040 | Global: 0.5111 | per-client: 0.5111 | mean local: 0.4998 | lr=0.00023
  Round 050 | Global: 0.5204 | per-client: 0.5204 | mean local: 0.5076 | lr=0.00019
  Round 060 | Global: 0.5302 | per-client: 0.5302 | mean local: 0.5175 | lr=0.00016
  Round 070 | Global: 0.5351 | per-client: 0.5351 | mean local: 0.5235 | lr=0.00014
  Round 080 | Global: 0.5412 | per-client: 0.5412 | mean local: 0.5292 | lr=0.00012
  Round 090 | Global: 0.5420 | per-client: 0.5420 | mean local: 0.5357 | lr=0.00011

  *** Drift event 0 at round 100 ***
  Group A [0, 1, 2, 10, 11, 12]: swap 1<->2
  Group B [3, 4, 5, 13, 14, 15]: swap 3<->4
  Group C [6, 7, 8, 9, 16, 17, 18, 19]: swap 5<->6
  Round 100 | Global: 0.5374 | per-client: 0.4522 | mean local: 0.4623 | lr=0.00017  <-- DRIFT
  Round 110 | Global: 0.5137 | per-client: 0.4458 | mean local: 0.4584 | lr=0.00008
  Round 120 | Global: 0.5072 | per-client: 0.4475 | mean local: 0.4564 | lr=0.00008
  Round 130 | Global: 0.4959 | per-client: 0.4457 | mean local: 0.4525 | lr=0.00007
  Round 140 | Global: 0.4822 | per-client: 0.4426 | mean local: 0.4530 | lr=0.00007
  Round 150 | Global: 0.4773 | per-client: 0.4429 | mean local: 0.4514 | lr=0.00006
  Round 160 | Global: 0.4754 | per-client: 0.4447 | mean local: 0.4527 | lr=0.00006
  Round 170 | Global: 0.4729 | per-client: 0.4441 | mean local: 0.4536 | lr=0.00006
  Round 180 | Global: 0.4674 | per-client: 0.4431 | mean local: 0.4537 | lr=0.00005
  Round 190 | Global: 0.4682 | per-client: 0.4448 | mean local: 0.4544 | lr=0.00005
  Results: runs/2026-06-08-perclient-smoke/adaptive/results_AdaptiveFedAvg.csv

============================================================
FINAL RESULTS SUMMARY
============================================================

AdaptiveFedAvg:
  Pre-drift acc:     0.5461
  Accuracy dip:      0.0327  (at first drift event, round 100)
  Recovery rounds:   0
  Post-drift stable: 0.4656
  Per-event per-group local-acc dips (using local_cXX):
    event   round     pre(A)     min(A)     dip(A)     pre(B)     min(B)     dip(B)     pre(C)     min(C)     dip(C)
    0         100     0.5726     0.5002     0.0724     0.4175     0.4226    -0.0050     0.6021     0.4339     0.1682

Finished at: 2026-06-08 16:18:03
Full output log: experiment_log_20260608_154101.txt
CSV files saved per method (live):
  - results_AdaptiveFedAvg.csv
