============================================================
Experiment log: experiment_log_20260608_154059.txt
Started at: 2026-06-08 15:40:59
============================================================
Device: cuda
CPU cores detected: 4
Config: 20 clients | alpha=0.1 | 5 epochs | 200 rounds | drift schedule [100]
Pipeline: GPU-resident dataset + GPU-side augmentation
Batch size: 64 | drop_last=True | num_workers=0
Downloading CIFAR-10...
/usr/local/lib/python3.12/dist-packages/torchvision/datasets/cifar.py:83: VisibleDeprecationWarning: dtype(): align should be passed as Python or NumPy boolean but got `align=0`. Did you mean to pass a tuple to create a subarray type? (Deprecated NumPy 2.4)
  entry = pickle.load(f, encoding="latin1")
Partitioning...
Samples/client: min=127 max=5338 mean=2500
Pre-loading GPU-resident tensors...
GPU-resident dataset memory: 703.6 MiB
Model: CifarCNN | Params: 107,690

[--rounds override] NUM_ROUNDS=200
[--out-dir] CSVs will be written to: runs/2026-06-08-perclient-smoke/flash//

============================================================
RUNNING METHODS: Flash
Rounds per method: 200
============================================================

============================================================
METHOD 2: Flash
============================================================
  Round 000 | Global: 0.1471 | per-client: 0.1471 | mean local: 0.1524
  Round 010 | Global: 0.4901 | per-client: 0.4901 | mean local: 0.4916
  Round 020 | Global: 0.5772 | per-client: 0.5772 | mean local: 0.5829
  Round 030 | Global: 0.6189 | per-client: 0.6189 | mean local: 0.6341
  Round 040 | Global: 0.6457 | per-client: 0.6457 | mean local: 0.6707
  Round 050 | Global: 0.6494 | per-client: 0.6494 | mean local: 0.6758
  Round 060 | Global: 0.6570 | per-client: 0.6570 | mean local: 0.6806
  Round 070 | Global: 0.6669 | per-client: 0.6669 | mean local: 0.6873
  Round 080 | Global: 0.6636 | per-client: 0.6636 | mean local: 0.6933
  Round 090 | Global: 0.6748 | per-client: 0.6748 | mean local: 0.7013

  *** Drift event 0 at round 100 ***
  Group A [0, 1, 2, 10, 11, 12]: swap 1<->2
  Group B [3, 4, 5, 13, 14, 15]: swap 3<->4
  Group C [6, 7, 8, 9, 16, 17, 18, 19]: swap 5<->6
  Round 100 | Global: 0.6603 | per-client: 0.5500 | mean local: 0.5514  <-- DRIFT
  Round 110 | Global: 0.5339 | per-client: 0.5234 | mean local: 0.5523
  Round 120 | Global: 0.5890 | per-client: 0.5329 | mean local: 0.5548
  Round 130 | Global: 0.5507 | per-client: 0.5239 | mean local: 0.5570
  Round 140 | Global: 0.5652 | per-client: 0.5264 | mean local: 0.5578
  Round 150 | Global: 0.5840 | per-client: 0.5403 | mean local: 0.5663
  Round 160 | Global: 0.5751 | per-client: 0.5356 | mean local: 0.5739
  Round 170 | Global: 0.5712 | per-client: 0.5318 | mean local: 0.5619
  Round 180 | Global: 0.5723 | per-client: 0.5341 | mean local: 0.5688
  Round 190 | Global: 0.5684 | per-client: 0.5321 | mean local: 0.5621
  Results: runs/2026-06-08-perclient-smoke/flash/results_Flash.csv

============================================================
FINAL RESULTS SUMMARY
============================================================

Flash:
  Pre-drift acc:     0.6714
  Accuracy dip:      0.1652  (at first drift event, round 100)
  Recovery rounds:   0
  Post-drift stable: 0.5711
  Per-event per-group local-acc dips (using local_cXX):
    event   round     pre(A)     min(A)     dip(A)     pre(B)     min(B)     dip(B)     pre(C)     min(C)     dip(C)
    0         100     0.7503     0.5790     0.1712     0.6114     0.3250     0.2864     0.7407     0.5646     0.1760

Finished at: 2026-06-08 16:20:27
Full output log: experiment_log_20260608_154059.txt
CSV files saved per method (live):
  - results_Flash.csv
