============================================================
Experiment log: experiment_log_20260608_145625.txt
Started at: 2026-06-08 14:56:25
============================================================
Device: cuda
CPU cores detected: 4
Config: 20 clients | alpha=0.1 | 5 epochs | 200 rounds | drift schedule [100]
Pipeline: GPU-resident dataset + GPU-side augmentation
Batch size: 64 | drop_last=True | num_workers=0
Downloading CIFAR-10...
/usr/local/lib/python3.12/dist-packages/torchvision/datasets/cifar.py:83: VisibleDeprecationWarning: dtype(): align should be passed as Python or NumPy boolean but got `align=0`. Did you mean to pass a tuple to create a subarray type? (Deprecated NumPy 2.4)
  entry = pickle.load(f, encoding="latin1")
Partitioning...
Samples/client: min=127 max=5338 mean=2500
Pre-loading GPU-resident tensors...
GPU-resident dataset memory: 703.6 MiB
Model: CifarCNN | Params: 107,690

[--rounds override] NUM_ROUNDS=200
[--out-dir] CSVs will be written to: runs/2026-06-08-perclient-smoke/fedavgplus1//

============================================================
RUNNING METHODS: FedAvgPlus1
Rounds per method: 200
============================================================

============================================================
METHOD 5 (control): FedAvg + 1 local epoch
  global eval     -> global aggregated model, canonical TEST_Y
  per-client eval -> each client's (global + 1 local epoch) model
============================================================
  Round 000 | Global: 0.2134 | per-client(finetuned): 0.1541 | mean local: 0.2108
  Round 010 | Global: 0.5523 | per-client(finetuned): 0.3006 | mean local: 0.5468
  Round 020 | Global: 0.6320 | per-client(finetuned): 0.3726 | mean local: 0.6317
  Round 030 | Global: 0.6704 | per-client(finetuned): 0.4071 | mean local: 0.6783
  Round 040 | Global: 0.6860 | per-client(finetuned): 0.4400 | mean local: 0.6954
  Round 050 | Global: 0.6984 | per-client(finetuned): 0.4573 | mean local: 0.7121
  Round 060 | Global: 0.7026 | per-client(finetuned): 0.4762 | mean local: 0.7252
  Round 070 | Global: 0.7042 | per-client(finetuned): 0.4784 | mean local: 0.7259
  Round 080 | Global: 0.7127 | per-client(finetuned): 0.4827 | mean local: 0.7342
  Round 090 | Global: 0.7091 | per-client(finetuned): 0.4934 | mean local: 0.7329

  *** Drift event 0 at round 100 ***
  Group A [0, 1, 2, 10, 11, 12]: swap 1<->2
  Group B [3, 4, 5, 13, 14, 15]: swap 3<->4
  Group C [6, 7, 8, 9, 16, 17, 18, 19]: swap 5<->6
  Round 100 | Global: 0.6316 | per-client(finetuned): 0.4012 | mean local: 0.5735  <-- DRIFT
  Round 110 | Global: 0.6018 | per-client(finetuned): 0.4313 | mean local: 0.5700
  Round 120 | Global: 0.5885 | per-client(finetuned): 0.4343 | mean local: 0.5732
  Round 130 | Global: 0.5872 | per-client(finetuned): 0.4337 | mean local: 0.5815
  Round 140 | Global: 0.5893 | per-client(finetuned): 0.4431 | mean local: 0.5746
  Round 150 | Global: 0.5891 | per-client(finetuned): 0.4388 | mean local: 0.5814
  Round 160 | Global: 0.5874 | per-client(finetuned): 0.4428 | mean local: 0.5776
  Round 170 | Global: 0.5918 | per-client(finetuned): 0.4383 | mean local: 0.5768
  Round 180 | Global: 0.5883 | per-client(finetuned): 0.4418 | mean local: 0.5803
  Round 190 | Global: 0.5908 | per-client(finetuned): 0.4491 | mean local: 0.5801
  Results: runs/2026-06-08-perclient-smoke/fedavgplus1/results_FedAvgPlus1.csv

============================================================
FINAL RESULTS SUMMARY
============================================================

FedAvgPlus1:
  Pre-drift acc:     0.7111
  Accuracy dip:      0.1254  (at first drift event, round 100)
  Recovery rounds:   Not recovered
  Post-drift stable: 0.5871
  Per-event per-group local-acc dips (using local_cXX):
    event   round     pre(A)     min(A)     dip(A)     pre(B)     min(B)     dip(B)     pre(C)     min(C)     dip(C)
    0         100     0.7755     0.6442     0.1313     0.6459     0.3757     0.2702     0.7661     0.5867     0.1795

Finished at: 2026-06-08 15:40:54
Full output log: experiment_log_20260608_145625.txt
CSV files saved per method (live):
  - results_FedAvgPlus1.csv
