============================================================
Experiment log: experiment_log_20260608_145011.txt
Started at: 2026-06-08 14:50:11
============================================================
Device: cuda
CPU cores detected: 4
Config: 20 clients | alpha=0.1 | 5 epochs | 200 rounds | drift schedule [100]
Pipeline: GPU-resident dataset + GPU-side augmentation
Batch size: 64 | drop_last=True | num_workers=0
Downloading CIFAR-10...
/usr/local/lib/python3.12/dist-packages/torchvision/datasets/cifar.py:83: VisibleDeprecationWarning: dtype(): align should be passed as Python or NumPy boolean but got `align=0`. Did you mean to pass a tuple to create a subarray type? (Deprecated NumPy 2.4)
  entry = pickle.load(f, encoding="latin1")
Partitioning...
Samples/client: min=127 max=5338 mean=2500
Pre-loading GPU-resident tensors...
GPU-resident dataset memory: 703.6 MiB
Model: CifarCNN | Params: 107,690

[--rounds override] NUM_ROUNDS=200
[--out-dir] CSVs will be written to: runs/2026-06-08-perclient-smoke/fedavg//

============================================================
RUNNING METHODS: FedAvg
Rounds per method: 200
============================================================

============================================================
METHOD 1: FedAvg
============================================================
  Round 000 | Global: 0.2147 | per-client: 0.2147 | mean local: 0.2091
  Round 010 | Global: 0.5514 | per-client: 0.5514 | mean local: 0.5377
  Round 020 | Global: 0.6358 | per-client: 0.6358 | mean local: 0.6454
  Round 030 | Global: 0.6694 | per-client: 0.6694 | mean local: 0.6774
  Round 040 | Global: 0.6863 | per-client: 0.6863 | mean local: 0.7039
  Round 050 | Global: 0.6935 | per-client: 0.6935 | mean local: 0.7102
  Round 060 | Global: 0.7021 | per-client: 0.7021 | mean local: 0.7203
  Round 070 | Global: 0.7064 | per-client: 0.7064 | mean local: 0.7202
  Round 080 | Global: 0.7056 | per-client: 0.7056 | mean local: 0.7268
  Round 090 | Global: 0.7096 | per-client: 0.7096 | mean local: 0.7282

  *** Drift event 0 at round 100 ***
  Group A [0, 1, 2, 10, 11, 12]: swap 1<->2
  Group B [3, 4, 5, 13, 14, 15]: swap 3<->4
  Group C [6, 7, 8, 9, 16, 17, 18, 19]: swap 5<->6
  Round 100 | Global: 0.6274 | per-client: 0.5441 | mean local: 0.5631  <-- DRIFT
  Round 110 | Global: 0.5897 | per-client: 0.5477 | mean local: 0.5711
  Round 120 | Global: 0.5933 | per-client: 0.5515 | mean local: 0.5736
  Round 130 | Global: 0.5925 | per-client: 0.5499 | mean local: 0.5716
  Round 140 | Global: 0.5871 | per-client: 0.5469 | mean local: 0.5675
  Round 150 | Global: 0.5947 | per-client: 0.5503 | mean local: 0.5737
  Round 160 | Global: 0.5829 | per-client: 0.5464 | mean local: 0.5739
  Round 170 | Global: 0.5768 | per-client: 0.5432 | mean local: 0.5729
  Round 180 | Global: 0.5879 | per-client: 0.5501 | mean local: 0.5796
  Round 190 | Global: 0.5888 | per-client: 0.5488 | mean local: 0.5830
  Results: runs/2026-06-08-perclient-smoke/fedavg/results_FedAvg.csv

============================================================
FINAL RESULTS SUMMARY
============================================================

FedAvg:
  Pre-drift acc:     0.7081
  Accuracy dip:      0.1219  (at first drift event, round 100)
  Recovery rounds:   Not recovered
  Post-drift stable: 0.5887
  Per-event per-group local-acc dips (using local_cXX):
    event   round     pre(A)     min(A)     dip(A)     pre(B)     min(B)     dip(B)     pre(C)     min(C)     dip(C)
    0         100     0.7761     0.6341     0.1419     0.6302     0.3897     0.2404     0.7664     0.5743     0.1921

Finished at: 2026-06-08 15:27:33
Full output log: experiment_log_20260608_145011.txt
CSV files saved per method (live):
  - results_FedAvg.csv
