============================================================
Experiment log: experiment_log_20260608_162032.txt
Started at: 2026-06-08 16:20:32
============================================================
Device: cuda
CPU cores detected: 4
Config: 20 clients | alpha=0.1 | 5 epochs | 200 rounds | drift schedule [100]
Pipeline: GPU-resident dataset + GPU-side augmentation
Batch size: 64 | drop_last=True | num_workers=0
Downloading CIFAR-10...
/usr/local/lib/python3.12/dist-packages/torchvision/datasets/cifar.py:83: VisibleDeprecationWarning: dtype(): align should be passed as Python or NumPy boolean but got `align=0`. Did you mean to pass a tuple to create a subarray type? (Deprecated NumPy 2.4)
  entry = pickle.load(f, encoding="latin1")
Partitioning...
Samples/client: min=127 max=5338 mean=2500
Pre-loading GPU-resident tensors...
GPU-resident dataset memory: 703.6 MiB
Model: CifarCNN | Params: 107,690

[--rounds override] NUM_ROUNDS=200
[--out-dir] CSVs will be written to: runs/2026-06-08-perclient-smoke/ourmethod//

============================================================
RUNNING METHODS: OurMethod
Rounds per method: 200
============================================================

============================================================
METHOD 4: OurMethod — Drift-Triggered Selective Layer Adaptation
  EMA alpha=0.3 | TAU=1.4 | Warmup=10
============================================================
  Round 000 | Global: 0.2132 | per-client: 0.2132 | Flagged: 0/20 (L3:0, L4:0) IDs: []
  Round 010 | Global: 0.5493 | per-client: 0.5493 | Flagged: 0/20 (L3:0, L4:0) IDs: []
  Round 020 | Global: 0.6344 | per-client: 0.6344 | Flagged: 0/20 (L3:0, L4:0) IDs: []
  Round 030 | Global: 0.6655 | per-client: 0.6655 | Flagged: 0/20 (L3:0, L4:0) IDs: []
  Round 040 | Global: 0.6843 | per-client: 0.6843 | Flagged: 0/20 (L3:0, L4:0) IDs: []
  Round 050 | Global: 0.6968 | per-client: 0.6968 | Flagged: 0/20 (L3:0, L4:0) IDs: []
  Round 060 | Global: 0.7001 | per-client: 0.7001 | Flagged: 0/20 (L3:0, L4:0) IDs: []
  Round 070 | Global: 0.7058 | per-client: 0.7058 | Flagged: 0/20 (L3:0, L4:0) IDs: []
  Round 080 | Global: 0.7071 | per-client: 0.7071 | Flagged: 0/20 (L3:0, L4:0) IDs: []
  Round 090 | Global: 0.7050 | per-client: 0.7050 | Flagged: 0/20 (L3:0, L4:0) IDs: []

  *** Drift event 0 at round 100 ***
  Group A [0, 1, 2, 10, 11, 12]: swap 1<->2
  Group B [3, 4, 5, 13, 14, 15]: swap 3<->4
  Group C [6, 7, 8, 9, 16, 17, 18, 19]: swap 5<->6
  Round 100 | Global: 0.6460 | per-client: 0.5537 | Flagged: 7/20 (L3:5, L4:7) IDs: [5, 7, 8, 9, 12, 13, 15] | hyb-lift(flagged): +0.4804  <-- DRIFT
  Round 101 | Global: 0.6484 | per-client: 0.5600 | Flagged: 7/20 (L3:5, L4:7) IDs: [5, 7, 8, 9, 12, 13, 15] | hyb-lift(flagged): +0.5199
  Round 102 | Global: 0.6269 | per-client: 0.5533 | Flagged: 7/20 (L3:5, L4:7) IDs: [5, 7, 8, 9, 12, 13, 15] | hyb-lift(flagged): +0.5213
  Round 103 | Global: 0.6200 | per-client: 0.5512 | Flagged: 7/20 (L3:5, L4:7) IDs: [5, 7, 8, 9, 12, 13, 15] | hyb-lift(flagged): +0.5293
  Round 104 | Global: 0.5947 | per-client: 0.5464 | Flagged: 6/20 (L3:4, L4:4) IDs: [5, 7, 9, 12, 13, 15] | hyb-lift(flagged): +0.4382
  Round 105 | Global: 0.6108 | per-client: 0.5487 | Flagged: 1/20 (L3:1, L4:1) IDs: [13] | hyb-lift(flagged): +0.6378
  Round 106 | Global: 0.5965 | per-client: 0.5449 | Flagged: 1/20 (L3:1, L4:0) IDs: [5] | hyb-lift(flagged): +0.1497
  Round 107 | Global: 0.5984 | per-client: 0.5497 | Flagged: 1/20 (L3:1, L4:0) IDs: [5] | hyb-lift(flagged): +0.1692
  Round 108 | Global: 0.5934 | per-client: 0.5469 | Flagged: 1/20 (L3:1, L4:0) IDs: [5] | hyb-lift(flagged): +0.2111
  Round 109 | Global: 0.5844 | per-client: 0.5441 | Flagged: 1/20 (L3:1, L4:0) IDs: [5] | hyb-lift(flagged): +0.2275
  Round 110 | Global: 0.5911 | per-client: 0.5485 | Flagged: 1/20 (L3:1, L4:0) IDs: [5] | hyb-lift(flagged): +0.2769
  Round 111 | Global: 0.5952 | per-client: 0.5490 | Flagged: 1/20 (L3:1, L4:0) IDs: [5] | hyb-lift(flagged): +0.3428
  Round 112 | Global: 0.5814 | per-client: 0.5465 | Flagged: 1/20 (L3:1, L4:0) IDs: [5] | hyb-lift(flagged): +0.3623
  Round 113 | Global: 0.5862 | per-client: 0.5475 | Flagged: 0/20 (L3:0, L4:0) IDs: []
  Round 114 | Global: 0.5842 | per-client: 0.5458 | Flagged: 0/20 (L3:0, L4:0) IDs: []
  Round 115 | Global: 0.5882 | per-client: 0.5471 | Flagged: 0/20 (L3:0, L4:0) IDs: []
  Round 116 | Global: 0.5876 | per-client: 0.5477 | Flagged: 0/20 (L3:0, L4:0) IDs: []
  Round 117 | Global: 0.5876 | per-client: 0.5478 | Flagged: 0/20 (L3:0, L4:0) IDs: []
  Round 118 | Global: 0.5887 | per-client: 0.5501 | Flagged: 0/20 (L3:0, L4:0) IDs: []
  Round 119 | Global: 0.5911 | per-client: 0.5508 | Flagged: 0/20 (L3:0, L4:0) IDs: []
  Round 120 | Global: 0.5941 | per-client: 0.5493 | Flagged: 0/20 (L3:0, L4:0) IDs: []
  Round 130 | Global: 0.5835 | per-client: 0.5451 | Flagged: 0/20 (L3:0, L4:0) IDs: []
  Round 140 | Global: 0.5727 | per-client: 0.5395 | Flagged: 0/20 (L3:0, L4:0) IDs: []
  Round 150 | Global: 0.5813 | per-client: 0.5451 | Flagged: 0/20 (L3:0, L4:0) IDs: []
  Round 160 | Global: 0.5831 | per-client: 0.5475 | Flagged: 0/20 (L3:0, L4:0) IDs: []
  Round 170 | Global: 0.5635 | per-client: 0.5368 | Flagged: 0/20 (L3:0, L4:0) IDs: []
  Round 180 | Global: 0.5820 | per-client: 0.5464 | Flagged: 0/20 (L3:0, L4:0) IDs: []
  Round 190 | Global: 0.5721 | per-client: 0.5399 | Flagged: 0/20 (L3:0, L4:0) IDs: []
  Results: runs/2026-06-08-perclient-smoke/ourmethod/results_OurMethod.csv
  Per-client flags: runs/2026-06-08-perclient-smoke/ourmethod/results_OurMethod_flags.csv

============================================================
FINAL RESULTS SUMMARY
============================================================

OurMethod:
  Pre-drift acc:     0.7049
  Accuracy dip:      0.1205  (at first drift event, round 100)
  Recovery rounds:   Not recovered
  Post-drift stable: 0.5805
  Per-event per-group local-acc dips (using local_cXX):
    event   round     pre(A)     min(A)     dip(A)     pre(B)     min(B)     dip(B)     pre(C)     min(C)     dip(C)
    0         100     0.7790     0.6232     0.1558     0.6294     0.3888     0.2406     0.7654     0.5863     0.1790

Finished at: 2026-06-08 16:54:41
Full output log: experiment_log_20260608_162032.txt
CSV files saved per method (live):
  - results_OurMethod.csv
  - results_OurMethod_flags.csv (per-client per-round flag data)
