============================================================
Experiment log: experiment_log_20260614_124649.txt
Started at: 2026-06-14 12:46:49
============================================================
Device: cuda
CPU cores detected: 4
Config: 20 clients | alpha=0.1 | 5 epochs | 200 rounds | drift schedule [100]
Pipeline: GPU-resident dataset + GPU-side augmentation
Batch size: 64 | drop_last=True | num_workers=0
Downloading CIFAR-10...
/usr/local/lib/python3.12/dist-packages/torchvision/datasets/cifar.py:83: VisibleDeprecationWarning: dtype(): align should be passed as Python or NumPy boolean but got `align=0`. Did you mean to pass a tuple to create a subarray type? (Deprecated NumPy 2.4)
  entry = pickle.load(f, encoding="latin1")
Partitioning...
Samples/client: min=127 max=5338 mean=2500
Pre-loading GPU-resident tensors...
GPU-resident dataset memory: 703.6 MiB
Model: CifarCNN | Params: 107,690

[--rounds override] NUM_ROUNDS=200
[--alternating-drift] DRIFT_SCHEDULE = [40, 80, 120, 160]
[--alternating-drift] DRIFT_EVENTS = 4 x {'A': (1, 2), 'B': (3, 4), 'C': (5, 6)} (involution -> concept oscillates canonical/swapped/canonical/swapped/canonical)
[--out-dir] CSVs will be written to: /home/suraf/runs/2026-06-13-recurrent-gain-test/fedavg//

============================================================
RUNNING METHODS: FedAvg
Rounds per method: 200
============================================================

============================================================
METHOD 1: FedAvg
============================================================
  Round 000 | Global: 0.2147 | per-client: 0.2147 | mean local: 0.2091
  Round 010 | Global: 0.5514 | per-client: 0.5514 | mean local: 0.5377
  Round 020 | Global: 0.6358 | per-client: 0.6358 | mean local: 0.6454
  Round 030 | Global: 0.6694 | per-client: 0.6694 | mean local: 0.6774

  *** Drift event 0 at round 40 ***
  Group A [0, 1, 2, 10, 11, 12]: swap 1<->2
  Group B [3, 4, 5, 13, 14, 15]: swap 3<->4
  Group C [6, 7, 8, 9, 16, 17, 18, 19]: swap 5<->6
  Round 040 | Global: 0.6118 | per-client: 0.5342 | mean local: 0.5581  <-- DRIFT
  Round 050 | Global: 0.5586 | per-client: 0.5319 | mean local: 0.5539
  Round 060 | Global: 0.5706 | per-client: 0.5386 | mean local: 0.5609
  Round 070 | Global: 0.5866 | per-client: 0.5459 | mean local: 0.5683

  *** Drift event 1 at round 80 ***
  Group A [0, 1, 2, 10, 11, 12]: swap 1<->2
  Group B [3, 4, 5, 13, 14, 15]: swap 3<->4
  Group C [6, 7, 8, 9, 16, 17, 18, 19]: swap 5<->6
  Round 080 | Global: 0.6949 | per-client: 0.6949 | mean local: 0.7111  <-- DRIFT
  Round 090 | Global: 0.7092 | per-client: 0.7092 | mean local: 0.7271
  Round 100 | Global: 0.7096 | per-client: 0.7096 | mean local: 0.7285
  Round 110 | Global: 0.7129 | per-client: 0.7129 | mean local: 0.7351

  *** Drift event 2 at round 120 ***
  Group A [0, 1, 2, 10, 11, 12]: swap 1<->2
  Group B [3, 4, 5, 13, 14, 15]: swap 3<->4
  Group C [6, 7, 8, 9, 16, 17, 18, 19]: swap 5<->6
  Round 120 | Global: 0.6297 | per-client: 0.5516 | mean local: 0.5785  <-- DRIFT
  Round 130 | Global: 0.6049 | per-client: 0.5546 | mean local: 0.5736
  Round 140 | Global: 0.5841 | per-client: 0.5455 | mean local: 0.5768
  Round 150 | Global: 0.6049 | per-client: 0.5523 | mean local: 0.5831

  *** Drift event 3 at round 160 ***
  Group A [0, 1, 2, 10, 11, 12]: swap 1<->2
  Group B [3, 4, 5, 13, 14, 15]: swap 3<->4
  Group C [6, 7, 8, 9, 16, 17, 18, 19]: swap 5<->6
  Round 160 | Global: 0.6993 | per-client: 0.6993 | mean local: 0.7337  <-- DRIFT
  Round 170 | Global: 0.7068 | per-client: 0.7068 | mean local: 0.7357
  Round 180 | Global: 0.7054 | per-client: 0.7054 | mean local: 0.7462
  Round 190 | Global: 0.7022 | per-client: 0.7022 | mean local: 0.7397
  Results: /home/suraf/runs/2026-06-13-recurrent-gain-test/fedavg/results_FedAvg.csv

============================================================
FINAL RESULTS SUMMARY
============================================================

FedAvg:
  Pre-drift acc:     0.6769
  Accuracy dip:      0.1143  (at first drift event, round 40)
  Recovery rounds:   40
  Post-drift stable: 0.7046
  Per-event global dips:
    event   round       pre    min(+10)       dip
    0          40    0.6769      0.5626    0.1143
    1          80    0.5827      0.6949   -0.1122
    2         120    0.7111      0.5870    0.1241
    3         160    0.5920      0.6993   -0.1073
  Per-event per-group local-acc dips (using local_cXX):
    event   round     pre(A)     min(A)     dip(A)     pre(B)     min(B)     dip(B)     pre(C)     min(C)     dip(C)
    0          40     0.7317     0.6141     0.1176     0.5885     0.3579     0.2306     0.7244     0.5531     0.1713
    1          80     0.6368     0.7632    -0.1264     0.4107     0.6026    -0.1919     0.6437     0.7528    -0.1091
    2         120     0.7773     0.6437     0.1336     0.6350     0.4015     0.2335     0.7736     0.6050     0.1686
    3         160     0.6566     0.7706    -0.1140     0.4218     0.6325    -0.2107     0.6425     0.7716    -0.1290

Finished at: 2026-06-14 13:24:52
Full output log: experiment_log_20260614_124649.txt
CSV files saved per method (live):
  - results_FedAvg.csv
