============================================================
Experiment log: experiment_log_20260614_124649.txt
Started at: 2026-06-14 12:46:49
============================================================
Device: cuda
CPU cores detected: 4
Config: 20 clients | alpha=0.1 | 5 epochs | 200 rounds | drift schedule [100]
Pipeline: GPU-resident dataset + GPU-side augmentation
Batch size: 64 | drop_last=True | num_workers=0
Downloading CIFAR-10...
/usr/local/lib/python3.12/dist-packages/torchvision/datasets/cifar.py:83: VisibleDeprecationWarning: dtype(): align should be passed as Python or NumPy boolean but got `align=0`. Did you mean to pass a tuple to create a subarray type? (Deprecated NumPy 2.4)
  entry = pickle.load(f, encoding="latin1")
Partitioning...
Samples/client: min=127 max=5338 mean=2500
Pre-loading GPU-resident tensors...
GPU-resident dataset memory: 703.6 MiB
Model: CifarCNN | Params: 107,690

[--rounds override] NUM_ROUNDS=200
[--alternating-drift] DRIFT_SCHEDULE = [40, 80, 120, 160]
[--alternating-drift] DRIFT_EVENTS = 4 x {'A': (1, 2), 'B': (3, 4), 'C': (5, 6)} (involution -> concept oscillates canonical/swapped/canonical/swapped/canonical)
[--out-dir] CSVs will be written to: /home/suraf/runs/2026-06-13-recurrent-gain-test/ourmethod//

============================================================
RUNNING METHODS: OurMethod
Rounds per method: 200
============================================================

============================================================
METHOD 4: OurMethod — Drift-Triggered Selective Layer Adaptation
  EMA alpha=0.3 | TAU=1.4 | Warmup=10
============================================================
  Round 000 | Global: 0.2147 | per-client: 0.2147 | Flagged: 0/20 (L3:0, L4:0) IDs: []
  Round 010 | Global: 0.5514 | per-client: 0.5514 | Flagged: 0/20 (L3:0, L4:0) IDs: []
  Round 020 | Global: 0.6358 | per-client: 0.6358 | Flagged: 0/20 (L3:0, L4:0) IDs: []
  Round 030 | Global: 0.6694 | per-client: 0.6694 | Flagged: 0/20 (L3:0, L4:0) IDs: []

  *** Drift event 0 at round 40 ***
  Group A [0, 1, 2, 10, 11, 12]: swap 1<->2
  Group B [3, 4, 5, 13, 14, 15]: swap 3<->4
  Group C [6, 7, 8, 9, 16, 17, 18, 19]: swap 5<->6
  Round 040 | Global: 0.6177 | per-client: 0.5361 | Flagged: 6/20 (L3:4, L4:6) IDs: [5, 7, 8, 9, 12, 13] | hyb-lift(flagged): +0.4253  <-- DRIFT
  Round 041 | Global: 0.6449 | per-client: 0.5495 | Flagged: 6/20 (L3:4, L4:6) IDs: [5, 7, 8, 9, 12, 13] | hyb-lift(flagged): +0.4950
  Round 042 | Global: 0.6223 | per-client: 0.5427 | Flagged: 6/20 (L3:4, L4:6) IDs: [5, 7, 8, 9, 12, 13] | hyb-lift(flagged): +0.5030
  Round 043 | Global: 0.6156 | per-client: 0.5403 | Flagged: 6/20 (L3:4, L4:6) IDs: [5, 7, 8, 9, 12, 13] | hyb-lift(flagged): +0.5193
  Round 044 | Global: 0.6004 | per-client: 0.5373 | Flagged: 6/20 (L3:4, L4:6) IDs: [5, 7, 8, 9, 12, 13] | hyb-lift(flagged): +0.5165
  Round 045 | Global: 0.5894 | per-client: 0.5378 | Flagged: 4/20 (L3:2, L4:4) IDs: [5, 8, 9, 13] | hyb-lift(flagged): +0.4856
  Round 046 | Global: 0.5747 | per-client: 0.5359 | Flagged: 2/20 (L3:1, L4:2) IDs: [9, 13] | hyb-lift(flagged): +0.4635
  Round 047 | Global: 0.5697 | per-client: 0.5348 | Flagged: 0/20 (L3:0, L4:0) IDs: []
  Round 048 | Global: 0.5661 | per-client: 0.5339 | Flagged: 0/20 (L3:0, L4:0) IDs: []
  Round 049 | Global: 0.5682 | per-client: 0.5350 | Flagged: 0/20 (L3:0, L4:0) IDs: []
  Round 050 | Global: 0.5628 | per-client: 0.5353 | Flagged: 0/20 (L3:0, L4:0) IDs: []
  Round 051 | Global: 0.5623 | per-client: 0.5339 | Flagged: 0/20 (L3:0, L4:0) IDs: []
  Round 052 | Global: 0.5795 | per-client: 0.5392 | Flagged: 0/20 (L3:0, L4:0) IDs: []
  Round 053 | Global: 0.5638 | per-client: 0.5361 | Flagged: 0/20 (L3:0, L4:0) IDs: []
  Round 054 | Global: 0.5671 | per-client: 0.5384 | Flagged: 0/20 (L3:0, L4:0) IDs: []
  Round 055 | Global: 0.5676 | per-client: 0.5376 | Flagged: 0/20 (L3:0, L4:0) IDs: []
  Round 056 | Global: 0.5626 | per-client: 0.5356 | Flagged: 0/20 (L3:0, L4:0) IDs: []
  Round 057 | Global: 0.5749 | per-client: 0.5420 | Flagged: 0/20 (L3:0, L4:0) IDs: []
  Round 058 | Global: 0.5733 | per-client: 0.5383 | Flagged: 0/20 (L3:0, L4:0) IDs: []
  Round 059 | Global: 0.5737 | per-client: 0.5390 | Flagged: 0/20 (L3:0, L4:0) IDs: []
  Round 060 | Global: 0.5775 | per-client: 0.5425 | Flagged: 0/20 (L3:0, L4:0) IDs: []
  Round 070 | Global: 0.5902 | per-client: 0.5456 | Flagged: 0/20 (L3:0, L4:0) IDs: []

  *** Drift event 1 at round 80 ***
  Group A [0, 1, 2, 10, 11, 12]: swap 1<->2
  Group B [3, 4, 5, 13, 14, 15]: swap 3<->4
  Group C [6, 7, 8, 9, 16, 17, 18, 19]: swap 5<->6
  Round 080 | Global: 0.6927 | per-client: 0.6927 | Flagged: 0/20 (L3:0, L4:0) IDs: []  <-- DRIFT
  Round 081 | Global: 0.6981 | per-client: 0.6981 | Flagged: 0/20 (L3:0, L4:0) IDs: []
  Round 082 | Global: 0.7032 | per-client: 0.7032 | Flagged: 0/20 (L3:0, L4:0) IDs: []
  Round 083 | Global: 0.6998 | per-client: 0.6998 | Flagged: 0/20 (L3:0, L4:0) IDs: []
  Round 084 | Global: 0.6998 | per-client: 0.6998 | Flagged: 0/20 (L3:0, L4:0) IDs: []
  Round 085 | Global: 0.7058 | per-client: 0.7058 | Flagged: 0/20 (L3:0, L4:0) IDs: []
  Round 086 | Global: 0.7054 | per-client: 0.7054 | Flagged: 0/20 (L3:0, L4:0) IDs: []
  Round 087 | Global: 0.7058 | per-client: 0.7058 | Flagged: 0/20 (L3:0, L4:0) IDs: []
  Round 088 | Global: 0.7046 | per-client: 0.7046 | Flagged: 0/20 (L3:0, L4:0) IDs: []
  Round 089 | Global: 0.6983 | per-client: 0.6983 | Flagged: 0/20 (L3:0, L4:0) IDs: []
  Round 090 | Global: 0.7042 | per-client: 0.7042 | Flagged: 0/20 (L3:0, L4:0) IDs: []
  Round 091 | Global: 0.7018 | per-client: 0.7018 | Flagged: 0/20 (L3:0, L4:0) IDs: []
  Round 092 | Global: 0.7025 | per-client: 0.7025 | Flagged: 0/20 (L3:0, L4:0) IDs: []
  Round 093 | Global: 0.7049 | per-client: 0.7049 | Flagged: 0/20 (L3:0, L4:0) IDs: []
  Round 094 | Global: 0.7054 | per-client: 0.7054 | Flagged: 0/20 (L3:0, L4:0) IDs: []
  Round 095 | Global: 0.7060 | per-client: 0.7060 | Flagged: 0/20 (L3:0, L4:0) IDs: []
  Round 096 | Global: 0.7086 | per-client: 0.7086 | Flagged: 0/20 (L3:0, L4:0) IDs: []
  Round 097 | Global: 0.7062 | per-client: 0.7062 | Flagged: 0/20 (L3:0, L4:0) IDs: []
  Round 098 | Global: 0.7100 | per-client: 0.7100 | Flagged: 0/20 (L3:0, L4:0) IDs: []
  Round 099 | Global: 0.7078 | per-client: 0.7078 | Flagged: 0/20 (L3:0, L4:0) IDs: []
  Round 100 | Global: 0.7078 | per-client: 0.7078 | Flagged: 0/20 (L3:0, L4:0) IDs: []
  Round 110 | Global: 0.7112 | per-client: 0.7112 | Flagged: 0/20 (L3:0, L4:0) IDs: []

  *** Drift event 2 at round 120 ***
  Group A [0, 1, 2, 10, 11, 12]: swap 1<->2
  Group B [3, 4, 5, 13, 14, 15]: swap 3<->4
  Group C [6, 7, 8, 9, 16, 17, 18, 19]: swap 5<->6
  Round 120 | Global: 0.6303 | per-client: 0.5512 | Flagged: 5/20 (L3:1, L4:5) IDs: [5, 7, 9, 12, 13] | hyb-lift(flagged): +0.4394  <-- DRIFT
  Round 121 | Global: 0.6420 | per-client: 0.5583 | Flagged: 5/20 (L3:1, L4:5) IDs: [5, 7, 9, 12, 13] | hyb-lift(flagged): +0.5107
  Round 122 | Global: 0.6273 | per-client: 0.5568 | Flagged: 5/20 (L3:1, L4:5) IDs: [5, 7, 9, 12, 13] | hyb-lift(flagged): +0.5172
  Round 123 | Global: 0.6189 | per-client: 0.5539 | Flagged: 5/20 (L3:1, L4:5) IDs: [5, 7, 9, 12, 13] | hyb-lift(flagged): +0.5374
  Round 124 | Global: 0.5968 | per-client: 0.5467 | Flagged: 3/20 (L3:1, L4:3) IDs: [5, 9, 13] | hyb-lift(flagged): +0.5362
  Round 125 | Global: 0.6137 | per-client: 0.5537 | Flagged: 1/20 (L3:1, L4:1) IDs: [13] | hyb-lift(flagged): +0.6614
  Round 126 | Global: 0.5935 | per-client: 0.5483 | Flagged: 1/20 (L3:1, L4:0) IDs: [9] | hyb-lift(flagged): +0.1473
  Round 127 | Global: 0.6063 | per-client: 0.5511 | Flagged: 1/20 (L3:1, L4:0) IDs: [9] | hyb-lift(flagged): +0.1964
  Round 128 | Global: 0.5945 | per-client: 0.5514 | Flagged: 1/20 (L3:1, L4:0) IDs: [9] | hyb-lift(flagged): +0.1875
  Round 129 | Global: 0.5949 | per-client: 0.5477 | Flagged: 1/20 (L3:1, L4:0) IDs: [9] | hyb-lift(flagged): +0.2009
  Round 130 | Global: 0.6113 | per-client: 0.5544 | Flagged: 1/20 (L3:1, L4:0) IDs: [9] | hyb-lift(flagged): +0.2366
  Round 131 | Global: 0.5865 | per-client: 0.5478 | Flagged: 1/20 (L3:1, L4:0) IDs: [9] | hyb-lift(flagged): +0.2188
  Round 132 | Global: 0.5930 | per-client: 0.5480 | Flagged: 1/20 (L3:1, L4:0) IDs: [9] | hyb-lift(flagged): +0.2366
  Round 133 | Global: 0.5997 | per-client: 0.5532 | Flagged: 0/20 (L3:0, L4:0) IDs: []
  Round 134 | Global: 0.5886 | per-client: 0.5482 | Flagged: 0/20 (L3:0, L4:0) IDs: []
  Round 135 | Global: 0.5938 | per-client: 0.5459 | Flagged: 0/20 (L3:0, L4:0) IDs: []
  Round 136 | Global: 0.5914 | per-client: 0.5495 | Flagged: 0/20 (L3:0, L4:0) IDs: []
  Round 137 | Global: 0.6042 | per-client: 0.5530 | Flagged: 0/20 (L3:0, L4:0) IDs: []
  Round 138 | Global: 0.5925 | per-client: 0.5474 | Flagged: 0/20 (L3:0, L4:0) IDs: []
  Round 139 | Global: 0.5921 | per-client: 0.5482 | Flagged: 0/20 (L3:0, L4:0) IDs: []
  Round 140 | Global: 0.5891 | per-client: 0.5478 | Flagged: 0/20 (L3:0, L4:0) IDs: []
  Round 150 | Global: 0.5967 | per-client: 0.5503 | Flagged: 0/20 (L3:0, L4:0) IDs: []

  *** Drift event 3 at round 160 ***
  Group A [0, 1, 2, 10, 11, 12]: swap 1<->2
  Group B [3, 4, 5, 13, 14, 15]: swap 3<->4
  Group C [6, 7, 8, 9, 16, 17, 18, 19]: swap 5<->6
  Round 160 | Global: 0.6986 | per-client: 0.6986 | Flagged: 0/20 (L3:0, L4:0) IDs: []  <-- DRIFT
  Round 161 | Global: 0.7094 | per-client: 0.7094 | Flagged: 0/20 (L3:0, L4:0) IDs: []
  Round 162 | Global: 0.7091 | per-client: 0.7091 | Flagged: 0/20 (L3:0, L4:0) IDs: []
  Round 163 | Global: 0.7119 | per-client: 0.7119 | Flagged: 0/20 (L3:0, L4:0) IDs: []
  Round 164 | Global: 0.7061 | per-client: 0.7061 | Flagged: 0/20 (L3:0, L4:0) IDs: []
  Round 165 | Global: 0.7094 | per-client: 0.7094 | Flagged: 0/20 (L3:0, L4:0) IDs: []
  Round 166 | Global: 0.7085 | per-client: 0.7085 | Flagged: 0/20 (L3:0, L4:0) IDs: []
  Round 167 | Global: 0.7064 | per-client: 0.7064 | Flagged: 0/20 (L3:0, L4:0) IDs: []
  Round 168 | Global: 0.7086 | per-client: 0.7086 | Flagged: 0/20 (L3:0, L4:0) IDs: []
  Round 169 | Global: 0.7060 | per-client: 0.7060 | Flagged: 0/20 (L3:0, L4:0) IDs: []
  Round 170 | Global: 0.7095 | per-client: 0.7095 | Flagged: 0/20 (L3:0, L4:0) IDs: []
  Round 171 | Global: 0.7078 | per-client: 0.7078 | Flagged: 0/20 (L3:0, L4:0) IDs: []
  Round 172 | Global: 0.7083 | per-client: 0.7083 | Flagged: 0/20 (L3:0, L4:0) IDs: []
  Round 173 | Global: 0.7052 | per-client: 0.7052 | Flagged: 0/20 (L3:0, L4:0) IDs: []
  Round 174 | Global: 0.7129 | per-client: 0.7129 | Flagged: 0/20 (L3:0, L4:0) IDs: []
  Round 175 | Global: 0.7088 | per-client: 0.7088 | Flagged: 0/20 (L3:0, L4:0) IDs: []
  Round 176 | Global: 0.7085 | per-client: 0.7085 | Flagged: 0/20 (L3:0, L4:0) IDs: []
  Round 177 | Global: 0.7083 | per-client: 0.7083 | Flagged: 0/20 (L3:0, L4:0) IDs: []
  Round 178 | Global: 0.7141 | per-client: 0.7141 | Flagged: 0/20 (L3:0, L4:0) IDs: []
  Round 179 | Global: 0.7100 | per-client: 0.7100 | Flagged: 0/20 (L3:0, L4:0) IDs: []
  Round 180 | Global: 0.7097 | per-client: 0.7097 | Flagged: 0/20 (L3:0, L4:0) IDs: []
  Round 190 | Global: 0.7072 | per-client: 0.7072 | Flagged: 0/20 (L3:0, L4:0) IDs: []
  Results: /home/suraf/runs/2026-06-13-recurrent-gain-test/ourmethod/results_OurMethod.csv
  Per-client flags: /home/suraf/runs/2026-06-13-recurrent-gain-test/ourmethod/results_OurMethod_flags.csv

============================================================
FINAL RESULTS SUMMARY
============================================================

OurMethod:
  Pre-drift acc:     0.6769
  Accuracy dip:      0.1108  (at first drift event, round 40)
  Recovery rounds:   40
  Post-drift stable: 0.7073
  Per-event global dips:
    event   round       pre    min(+10)       dip
    0          40    0.6769      0.5661    0.1108
    1          80    0.5861      0.6927   -0.1066
    2         120    0.7090      0.5935    0.1155
    3         160    0.5930      0.6986   -0.1056
  Per-event per-group local-acc dips (using local_cXX):
    event   round     pre(A)     min(A)     dip(A)     pre(B)     min(B)     dip(B)     pre(C)     min(C)     dip(C)
    0          40     0.7317     0.6198     0.1120     0.5885     0.3661     0.2224     0.7244     0.5444     0.1801
    1          80     0.6378     0.7615    -0.1237     0.4119     0.6147    -0.2028     0.6448     0.7570    -0.1122
    2         120     0.7743     0.6451     0.1292     0.6334     0.4021     0.2313     0.7728     0.6085     0.1643
    3         160     0.6599     0.7760    -0.1161     0.4133     0.6258    -0.2125     0.6366     0.7647    -0.1281

Finished at: 2026-06-14 13:25:20
Full output log: experiment_log_20260614_124649.txt
CSV files saved per method (live):
  - results_OurMethod.csv
  - results_OurMethod_flags.csv (per-client per-round flag data)
