============================================================
Experiment log: experiment_log_20260624_090054.txt
Started at: 2026-06-24 09:00:54
============================================================
Device: cuda
CPU cores detected: 4
Config: 20 clients | alpha=0.1 | 5 epochs | 200 rounds | drift schedule [100]
Pipeline: GPU-resident dataset + GPU-side augmentation
Batch size: 64 | drop_last=True | num_workers=0
Downloading CIFAR-10...
/usr/local/lib/python3.12/dist-packages/torchvision/datasets/cifar.py:83: VisibleDeprecationWarning: dtype(): align should be passed as Python or NumPy boolean but got `align=0`. Did you mean to pass a tuple to create a subarray type? (Deprecated NumPy 2.4)
  entry = pickle.load(f, encoding="latin1")
Partitioning...
Samples/client: min=127 max=5338 mean=2500
Pre-loading GPU-resident tensors...
GPU-resident dataset memory: 703.6 MiB
Model: CifarCNN | Params: 107,690

[--rounds override] NUM_ROUNDS=200
[--alternating-drift] DRIFT_SCHEDULE = [40, 80, 120, 160]
[--alternating-drift] DRIFT_EVENTS = 4 x {'A': (1, 2), 'B': (3, 4), 'C': (5, 6)} (involution -> concept oscillates canonical/swapped/canonical/swapped/canonical)
[--saile-init-lr] SAILE_INIT_LR = 0.01
[--out-dir] CSVs will be written to: runs/2026-06-24-saile-gate/recurrent//

============================================================
RUNNING METHODS: Saile
Rounds per method: 200
============================================================

============================================================
METHOD 6: Saile (per-client loss-EMA dynamic LR)
  initial_lr=0.01 | lr_decay=0.99/round | b1=0.7 b2=0.3 b3=0.7
  Decay brings base_lr from 0.01 to 0.0037 at round 100, 0.0014 at round 199.
============================================================
  Round 000 | Global: 0.2119 | per-client: 0.2119 | base_lr=0.00990 | lr min/mean/max=0.01000/0.01000/0.01000
  Round 010 | Global: 0.5132 | per-client: 0.5132 | base_lr=0.00895 | lr min/mean/max=0.00452/0.00814/0.01000
  Round 020 | Global: 0.6028 | per-client: 0.6028 | base_lr=0.00810 | lr min/mean/max=0.00646/0.00914/0.01000
  Round 030 | Global: 0.6497 | per-client: 0.6497 | base_lr=0.00732 | lr min/mean/max=0.00548/0.00935/0.01000

  *** Drift event 0 at round 40 ***
  Group A [0, 1, 2, 10, 11, 12]: swap 1<->2
  Group B [3, 4, 5, 13, 14, 15]: swap 3<->4
  Group C [6, 7, 8, 9, 16, 17, 18, 19]: swap 5<->6
  Round 040 | Global: 0.6023 | per-client: 0.5222 | base_lr=0.00662 | lr min/mean/max=0.00627/0.00968/0.01000  <-- DRIFT
  Round 050 | Global: 0.5688 | per-client: 0.5360 | base_lr=0.00599 | lr min/mean/max=0.00475/0.00869/0.01000
  Round 060 | Global: 0.5781 | per-client: 0.5406 | base_lr=0.00542 | lr min/mean/max=0.00310/0.00854/0.01000
  Round 070 | Global: 0.5873 | per-client: 0.5463 | base_lr=0.00490 | lr min/mean/max=0.00501/0.00786/0.01000

  *** Drift event 1 at round 80 ***
  Group A [0, 1, 2, 10, 11, 12]: swap 1<->2
  Group B [3, 4, 5, 13, 14, 15]: swap 3<->4
  Group C [6, 7, 8, 9, 16, 17, 18, 19]: swap 5<->6
  Round 080 | Global: 0.6887 | per-client: 0.6887 | base_lr=0.00443 | lr min/mean/max=0.00368/0.00799/0.01000  <-- DRIFT
  Round 090 | Global: 0.7033 | per-client: 0.7033 | base_lr=0.00401 | lr min/mean/max=0.00357/0.00680/0.01000
  Round 100 | Global: 0.7054 | per-client: 0.7054 | base_lr=0.00362 | lr min/mean/max=0.00328/0.00785/0.01000
  Round 110 | Global: 0.7070 | per-client: 0.7070 | base_lr=0.00328 | lr min/mean/max=0.00305/0.00543/0.00874

  *** Drift event 2 at round 120 ***
  Group A [0, 1, 2, 10, 11, 12]: swap 1<->2
  Group B [3, 4, 5, 13, 14, 15]: swap 3<->4
  Group C [6, 7, 8, 9, 16, 17, 18, 19]: swap 5<->6
  Round 120 | Global: 0.6182 | per-client: 0.5466 | base_lr=0.00296 | lr min/mean/max=0.00354/0.00864/0.01000  <-- DRIFT
  Round 130 | Global: 0.5851 | per-client: 0.5447 | base_lr=0.00268 | lr min/mean/max=0.00234/0.00606/0.01000
  Round 140 | Global: 0.5796 | per-client: 0.5440 | base_lr=0.00242 | lr min/mean/max=0.00227/0.00495/0.01000
  Round 150 | Global: 0.5939 | per-client: 0.5495 | base_lr=0.00219 | lr min/mean/max=0.00172/0.00423/0.01000

  *** Drift event 3 at round 160 ***
  Group A [0, 1, 2, 10, 11, 12]: swap 1<->2
  Group B [3, 4, 5, 13, 14, 15]: swap 3<->4
  Group C [6, 7, 8, 9, 16, 17, 18, 19]: swap 5<->6
  Round 160 | Global: 0.7019 | per-client: 0.7019 | base_lr=0.00198 | lr min/mean/max=0.00193/0.00537/0.01000  <-- DRIFT
  Round 170 | Global: 0.7074 | per-client: 0.7074 | base_lr=0.00179 | lr min/mean/max=0.00125/0.00289/0.01000
  Round 180 | Global: 0.7092 | per-client: 0.7092 | base_lr=0.00162 | lr min/mean/max=0.00164/0.00352/0.00932
  Round 190 | Global: 0.7132 | per-client: 0.7132 | base_lr=0.00147 | lr min/mean/max=0.00113/0.00353/0.01000
  Results: runs/2026-06-24-saile-gate/recurrent/results_Saile.csv

============================================================
FINAL RESULTS SUMMARY
============================================================

Saile:
  Pre-drift acc:     0.6603
  Accuracy dip:      0.1006  (at first drift event, round 40)
  Recovery rounds:   40
  Post-drift stable: 0.7108
  Per-event global dips:
    event   round       pre    min(+10)       dip
    0          40    0.6603      0.5597    0.1006
    1          80    0.5858      0.6887   -0.1029
    2         120    0.7071      0.5780    0.1291
    3         160    0.5981      0.7019   -0.1038
  Per-event per-group local-acc dips (using local_cXX):
    event   round     pre(A)     min(A)     dip(A)     pre(B)     min(B)     dip(B)     pre(C)     min(C)     dip(C)
    0          40     0.7099     0.6016     0.1082     0.5796     0.3570     0.2226     0.7126     0.5315     0.1811
    1          80     0.6369     0.7533    -0.1164     0.3999     0.6028    -0.2030     0.6404     0.7440    -0.1036
    2         120     0.7693     0.6298     0.1395     0.6475     0.3768     0.2707     0.7695     0.5913     0.1782
    3         160     0.6563     0.7744    -0.1181     0.4237     0.6237    -0.2000     0.6373     0.7610    -0.1237

Finished at: 2026-06-24 09:38:26
Full output log: experiment_log_20260624_090054.txt
CSV files saved per method (live):
  - results_Saile.csv
