============================================================
Experiment log: experiment_log_20260611_133512.txt
Started at: 2026-06-11 13:35:12
============================================================
Device: cuda
CPU cores detected: 4
Config: 20 clients | alpha=0.1 | 5 epochs | 200 rounds | drift schedule [100]
Pipeline: GPU-resident dataset + GPU-side augmentation
Batch size: 64 | drop_last=True | num_workers=0
Downloading CIFAR-10...
/usr/local/lib/python3.12/dist-packages/torchvision/datasets/cifar.py:83: VisibleDeprecationWarning: dtype(): align should be passed as Python or NumPy boolean but got `align=0`. Did you mean to pass a tuple to create a subarray type? (Deprecated NumPy 2.4)
  entry = pickle.load(f, encoding="latin1")
Partitioning...
Samples/client: min=127 max=5338 mean=2500
Pre-loading GPU-resident tensors...
GPU-resident dataset memory: 703.6 MiB
Model: CifarCNN | Params: 107,690

[--rounds override] NUM_ROUNDS=200
[--saile-init-lr] SAILE_INIT_LR = 0.01
[--out-dir] CSVs will be written to: /home/suraf/runs/2026-06-11-saile-3seed/seed2//

[--seed override] re-seeding to 2 and re-partitioning...
  Re-partitioned: samples/client min=83 max=6776 mean=2500

============================================================
RUNNING METHODS: Saile
Rounds per method: 200
============================================================

============================================================
METHOD 6: Saile (per-client loss-EMA dynamic LR)
  initial_lr=0.01 | lr_decay=0.99/round | b1=0.7 b2=0.3 b3=0.7
  Decay brings base_lr from 0.01 to 0.0037 at round 100, 0.0014 at round 199.
============================================================
  Round 000 | Global: 0.2014 | per-client: 0.2014 | base_lr=0.00990 | lr min/mean/max=0.01000/0.01000/0.01000
  Round 010 | Global: 0.5605 | per-client: 0.5605 | base_lr=0.00895 | lr min/mean/max=0.00598/0.00860/0.01000
  Round 020 | Global: 0.6350 | per-client: 0.6350 | base_lr=0.00810 | lr min/mean/max=0.00671/0.00961/0.01000
  Round 030 | Global: 0.6748 | per-client: 0.6748 | base_lr=0.00732 | lr min/mean/max=0.00827/0.00986/0.01000
  Round 040 | Global: 0.6941 | per-client: 0.6941 | base_lr=0.00662 | lr min/mean/max=0.00582/0.00848/0.01000
  Round 050 | Global: 0.7006 | per-client: 0.7006 | base_lr=0.00599 | lr min/mean/max=0.00488/0.00900/0.01000
  Round 060 | Global: 0.7105 | per-client: 0.7105 | base_lr=0.00542 | lr min/mean/max=0.00496/0.00929/0.01000
  Round 070 | Global: 0.7092 | per-client: 0.7092 | base_lr=0.00490 | lr min/mean/max=0.00489/0.00763/0.01000
  Round 080 | Global: 0.7161 | per-client: 0.7161 | base_lr=0.00443 | lr min/mean/max=0.00298/0.00815/0.01000
  Round 090 | Global: 0.7239 | per-client: 0.7239 | base_lr=0.00401 | lr min/mean/max=0.00363/0.00712/0.01000

  *** Drift event 0 at round 100 ***
  Group A [0, 1, 2, 10, 11, 12]: swap 1<->2
  Group B [3, 4, 5, 13, 14, 15]: swap 3<->4
  Group C [6, 7, 8, 9, 16, 17, 18, 19]: swap 5<->6
  Round 100 | Global: 0.6246 | per-client: 0.5457 | base_lr=0.00362 | lr min/mean/max=0.00315/0.00872/0.01000  <-- DRIFT
  Round 110 | Global: 0.5937 | per-client: 0.5491 | base_lr=0.00328 | lr min/mean/max=0.00229/0.00757/0.01000
  Round 120 | Global: 0.6007 | per-client: 0.5550 | base_lr=0.00296 | lr min/mean/max=0.00239/0.00553/0.01000
  Round 130 | Global: 0.5945 | per-client: 0.5525 | base_lr=0.00268 | lr min/mean/max=0.00284/0.00600/0.01000
  Round 140 | Global: 0.5883 | per-client: 0.5524 | base_lr=0.00242 | lr min/mean/max=0.00214/0.00487/0.01000
  Round 150 | Global: 0.5929 | per-client: 0.5522 | base_lr=0.00219 | lr min/mean/max=0.00202/0.00454/0.01000
  Round 160 | Global: 0.5999 | per-client: 0.5596 | base_lr=0.00198 | lr min/mean/max=0.00234/0.00473/0.01000
  Round 170 | Global: 0.6117 | per-client: 0.5608 | base_lr=0.00179 | lr min/mean/max=0.00155/0.00336/0.00742
  Round 180 | Global: 0.5969 | per-client: 0.5559 | base_lr=0.00162 | lr min/mean/max=0.00130/0.00373/0.00838
  Round 190 | Global: 0.5919 | per-client: 0.5574 | base_lr=0.00147 | lr min/mean/max=0.00144/0.00295/0.01000
  Results: /home/suraf/runs/2026-06-11-saile-3seed/seed2/results_Saile.csv

============================================================
FINAL RESULTS SUMMARY
============================================================

Saile:
  Pre-drift acc:     0.7210
  Accuracy dip:      0.1380  (at first drift event, round 100)
  Recovery rounds:   Not recovered
  Post-drift stable: 0.5920
  Per-event per-group local-acc dips (using local_cXX):
    event   round     pre(A)     min(A)     dip(A)     pre(B)     min(B)     dip(B)     pre(C)     min(C)     dip(C)
    0         100     0.7376     0.5510     0.1866     0.6526     0.5541     0.0986     0.7805     0.6376     0.1428

Finished at: 2026-06-11 14:12:11
Full output log: experiment_log_20260611_133512.txt
CSV files saved per method (live):
  - results_Saile.csv
