============================================================
Experiment log: experiment_log_20260624_090054.txt
Started at: 2026-06-24 09:00:54
============================================================
Device: cuda
CPU cores detected: 4
Config: 20 clients | alpha=0.1 | 5 epochs | 200 rounds | drift schedule [100]
Pipeline: GPU-resident dataset + GPU-side augmentation
Batch size: 64 | drop_last=True | num_workers=0
Downloading CIFAR-10...
/usr/local/lib/python3.12/dist-packages/torchvision/datasets/cifar.py:83: VisibleDeprecationWarning: dtype(): align should be passed as Python or NumPy boolean but got `align=0`. Did you mean to pass a tuple to create a subarray type? (Deprecated NumPy 2.4)
  entry = pickle.load(f, encoding="latin1")
Partitioning...
Samples/client: min=127 max=5338 mean=2500
Pre-loading GPU-resident tensors...
GPU-resident dataset memory: 703.6 MiB
Model: CifarCNN | Params: 107,690

[--rounds override] NUM_ROUNDS=200
[--saile-init-lr] SAILE_INIT_LR = 0.01
[--out-dir] CSVs will be written to: runs/2026-06-24-saile-gate/dir05//

[--alpha-dir override] ALPHA_DIR = 0.5
[re-partition] alpha=0.5, seed=0
  Re-partitioned: samples/client min=881 max=4665 mean=2500

============================================================
RUNNING METHODS: Saile
Rounds per method: 200
============================================================

============================================================
METHOD 6: Saile (per-client loss-EMA dynamic LR)
  initial_lr=0.01 | lr_decay=0.99/round | b1=0.7 b2=0.3 b3=0.7
  Decay brings base_lr from 0.01 to 0.0037 at round 100, 0.0014 at round 199.
============================================================
  Round 000 | Global: 0.2592 | per-client: 0.2592 | base_lr=0.00990 | lr min/mean/max=0.01000/0.01000/0.01000
  Round 010 | Global: 0.6123 | per-client: 0.6123 | base_lr=0.00895 | lr min/mean/max=0.00535/0.00798/0.01000
  Round 020 | Global: 0.7007 | per-client: 0.7007 | base_lr=0.00810 | lr min/mean/max=0.00732/0.00944/0.01000
  Round 030 | Global: 0.7338 | per-client: 0.7338 | base_lr=0.00732 | lr min/mean/max=0.00572/0.00933/0.01000
  Round 040 | Global: 0.7488 | per-client: 0.7488 | base_lr=0.00662 | lr min/mean/max=0.00573/0.00911/0.01000
  Round 050 | Global: 0.7537 | per-client: 0.7537 | base_lr=0.00599 | lr min/mean/max=0.00512/0.00920/0.01000
  Round 060 | Global: 0.7660 | per-client: 0.7660 | base_lr=0.00542 | lr min/mean/max=0.00526/0.00833/0.01000
  Round 070 | Global: 0.7716 | per-client: 0.7716 | base_lr=0.00490 | lr min/mean/max=0.00424/0.00856/0.01000
  Round 080 | Global: 0.7741 | per-client: 0.7741 | base_lr=0.00443 | lr min/mean/max=0.00447/0.00768/0.01000
  Round 090 | Global: 0.7729 | per-client: 0.7729 | base_lr=0.00401 | lr min/mean/max=0.00399/0.00770/0.01000

  *** Drift event 0 at round 100 ***
  Group A [0, 1, 2, 10, 11, 12]: swap 1<->2
  Group B [3, 4, 5, 13, 14, 15]: swap 3<->4
  Group C [6, 7, 8, 9, 16, 17, 18, 19]: swap 5<->6
  Round 100 | Global: 0.7064 | per-client: 0.6033 | base_lr=0.00362 | lr min/mean/max=0.00369/0.00916/0.01000  <-- DRIFT
  Round 110 | Global: 0.6609 | per-client: 0.6048 | base_lr=0.00328 | lr min/mean/max=0.00347/0.00933/0.01000
  Round 120 | Global: 0.6514 | per-client: 0.6039 | base_lr=0.00296 | lr min/mean/max=0.00338/0.00678/0.01000
  Round 130 | Global: 0.6712 | per-client: 0.6117 | base_lr=0.00268 | lr min/mean/max=0.00248/0.00518/0.01000
  Round 140 | Global: 0.6520 | per-client: 0.6089 | base_lr=0.00242 | lr min/mean/max=0.00233/0.00474/0.01000
  Round 150 | Global: 0.6730 | per-client: 0.6112 | base_lr=0.00219 | lr min/mean/max=0.00181/0.00390/0.00804
  Round 160 | Global: 0.6500 | per-client: 0.6080 | base_lr=0.00198 | lr min/mean/max=0.00226/0.00409/0.01000
  Round 170 | Global: 0.6723 | per-client: 0.6120 | base_lr=0.00179 | lr min/mean/max=0.00149/0.00414/0.01000
  Round 180 | Global: 0.6654 | per-client: 0.6115 | base_lr=0.00162 | lr min/mean/max=0.00139/0.00349/0.01000
  Round 190 | Global: 0.6703 | per-client: 0.6117 | base_lr=0.00147 | lr min/mean/max=0.00121/0.00328/0.00724
  Results: runs/2026-06-24-saile-gate/dir05/results_Saile.csv

============================================================
FINAL RESULTS SUMMARY
============================================================

Saile:
  Pre-drift acc:     0.7735
  Accuracy dip:      0.1287  (at first drift event, round 100)
  Recovery rounds:   Not recovered
  Post-drift stable: 0.6736
  Per-event per-group local-acc dips (using local_cXX):
    event   round     pre(A)     min(A)     dip(A)     pre(B)     min(B)     dip(B)     pre(C)     min(C)     dip(C)
    0         100     0.8160     0.5538     0.2622     0.7769     0.5072     0.2697     0.8293     0.6318     0.1976

Finished at: 2026-06-24 09:38:29
Full output log: experiment_log_20260624_090054.txt
CSV files saved per method (live):
  - results_Saile.csv
