============================================================
Experiment log: experiment_log_20260624_093900.txt
Started at: 2026-06-24 09:39:00
============================================================
Device: cuda
CPU cores detected: 4
Config: 20 clients | alpha=0.1 | 5 epochs | 200 rounds | drift schedule [100]
Pipeline: GPU-resident dataset + GPU-side augmentation
Batch size: 64 | drop_last=True | num_workers=0
Downloading CIFAR-10...
/usr/local/lib/python3.12/dist-packages/torchvision/datasets/cifar.py:83: VisibleDeprecationWarning: dtype(): align should be passed as Python or NumPy boolean but got `align=0`. Did you mean to pass a tuple to create a subarray type? (Deprecated NumPy 2.4)
  entry = pickle.load(f, encoding="latin1")
Partitioning...
Samples/client: min=127 max=5338 mean=2500
Pre-loading GPU-resident tensors...
GPU-resident dataset memory: 703.6 MiB
Model: CifarCNN | Params: 107,690
usage: all_experiments_optimized.py [-h] [--methods METHODS [METHODS ...]]
                                    [--rounds ROUNDS] [--seed SEED]
                                    [--out-dir OUT_DIR] [--recurrent]
                                    [--alternating-drift]
                                    [--ablation-tau ABLATION_TAU]
                                    [--ablation-all-layers]
                                    [--adaptive-init-lr ADAPTIVE_INIT_LR]
                                    [--saile-init-lr SAILE_INIT_LR]
                                    [--alpha-dir ALPHA_DIR]
all_experiments_optimized.py: error: unrecognized arguments: --covariate-drift
