============================================================
Experiment log: experiment_log_20260527_115713.txt
Started at: 2026-05-27 11:57:13
============================================================
Device: cuda
CPU cores detected: 4
Config: 20 clients | alpha=0.1 | 5 epochs | 200 rounds | drift at 100
Pipeline: GPU-resident dataset + GPU-side augmentation
Batch size: 64 | drop_last=True | num_workers=0
Downloading CIFAR-10...
/usr/local/lib/python3.12/dist-packages/torchvision/datasets/cifar.py:83: VisibleDeprecationWarning: dtype(): align should be passed as Python or NumPy boolean but got `align=0`. Did you mean to pass a tuple to create a subarray type? (Deprecated NumPy 2.4)
  entry = pickle.load(f, encoding="latin1")
Partitioning...
Samples/client: min=127 max=5338 mean=2500
Pre-loading GPU-resident tensors...
GPU-resident dataset memory: 703.6 MiB
Model: CifarCNN | Params: 107,690
[--out-dir] CSVs will be written to: runs/2026-05-28-hybrid/seed0/

============================================================
RUNNING METHODS: OurMethod
Rounds per method: 200
============================================================

============================================================
METHOD 4: OurMethod — Drift-Triggered Selective Layer Adaptation
  EMA alpha=0.3 | TAU=1.4 | Warmup=10
============================================================
  Round 000 | Global: 0.2147 | Flagged: 0/20 (L3:0, L4:0) IDs: []
  Round 010 | Global: 0.5514 | Flagged: 0/20 (L3:0, L4:0) IDs: []
  Round 020 | Global: 0.6358 | Flagged: 0/20 (L3:0, L4:0) IDs: []
  Round 030 | Global: 0.6694 | Flagged: 0/20 (L3:0, L4:0) IDs: []
  Round 040 | Global: 0.6863 | Flagged: 0/20 (L3:0, L4:0) IDs: []
  Round 050 | Global: 0.6935 | Flagged: 0/20 (L3:0, L4:0) IDs: []
  Round 060 | Global: 0.7021 | Flagged: 0/20 (L3:0, L4:0) IDs: []
  Round 070 | Global: 0.7064 | Flagged: 0/20 (L3:0, L4:0) IDs: []
  Round 080 | Global: 0.7056 | Flagged: 0/20 (L3:0, L4:0) IDs: []
  Round 090 | Global: 0.7096 | Flagged: 0/20 (L3:0, L4:0) IDs: []

  *** Sudden drift at round 100 ***
  Group A [0, 1, 2, 10, 11, 12]: swap 1<->2
  Group B [3, 4, 5, 13, 14, 15]: swap 3<->4
  Group C [6, 7, 8, 9, 16, 17, 18, 19]: swap 5<->6
  Round 100 | Global: 0.6473 | Flagged: 7/20 (L3:4, L4:7) IDs: [5, 7, 8, 9, 12, 13, 15] | hyb-lift(flagged): +0.4553  <-- DRIFT
  Round 101 | Global: 0.6481 | Flagged: 7/20 (L3:4, L4:7) IDs: [5, 7, 8, 9, 12, 13, 15] | hyb-lift(flagged): +0.5109
  Round 102 | Global: 0.6268 | Flagged: 7/20 (L3:4, L4:7) IDs: [5, 7, 8, 9, 12, 13, 15] | hyb-lift(flagged): +0.5219
  Round 103 | Global: 0.6278 | Flagged: 7/20 (L3:4, L4:7) IDs: [5, 7, 8, 9, 12, 13, 15] | hyb-lift(flagged): +0.5221
  Round 104 | Global: 0.6056 | Flagged: 6/20 (L3:2, L4:5) IDs: [5, 7, 8, 9, 13, 15] | hyb-lift(flagged): +0.4795
  Round 105 | Global: 0.6094 | Flagged: 2/20 (L3:1, L4:2) IDs: [9, 13] | hyb-lift(flagged): +0.5009
  Round 106 | Global: 0.5980 | Flagged: 0/20 (L3:0, L4:0) IDs: []
  Round 107 | Global: 0.5978 | Flagged: 1/20 (L3:1, L4:0) IDs: [9] | hyb-lift(flagged): +0.1384
  Round 108 | Global: 0.6015 | Flagged: 1/20 (L3:1, L4:0) IDs: [9] | hyb-lift(flagged): +0.1786
  Round 109 | Global: 0.5904 | Flagged: 1/20 (L3:1, L4:0) IDs: [9] | hyb-lift(flagged): +0.2009
  Round 110 | Global: 0.5907 | Flagged: 1/20 (L3:1, L4:0) IDs: [9] | hyb-lift(flagged): +0.2455
  Round 111 | Global: 0.5938 | Flagged: 1/20 (L3:1, L4:0) IDs: [9] | hyb-lift(flagged): +0.2321
  Round 112 | Global: 0.5836 | Flagged: 1/20 (L3:1, L4:0) IDs: [9] | hyb-lift(flagged): +0.2500
  Round 113 | Global: 0.5987 | Flagged: 1/20 (L3:1, L4:0) IDs: [9] | hyb-lift(flagged): +0.2545
  Round 114 | Global: 0.5919 | Flagged: 0/20 (L3:0, L4:0) IDs: []
  Round 115 | Global: 0.5953 | Flagged: 0/20 (L3:0, L4:0) IDs: []
  Round 116 | Global: 0.5911 | Flagged: 0/20 (L3:0, L4:0) IDs: []
  Round 117 | Global: 0.5926 | Flagged: 0/20 (L3:0, L4:0) IDs: []
  Round 118 | Global: 0.5852 | Flagged: 0/20 (L3:0, L4:0) IDs: []
  Round 119 | Global: 0.6037 | Flagged: 0/20 (L3:0, L4:0) IDs: []
  Round 120 | Global: 0.5934 | Flagged: 0/20 (L3:0, L4:0) IDs: []
  Round 130 | Global: 0.5954 | Flagged: 0/20 (L3:0, L4:0) IDs: []
  Round 140 | Global: 0.5824 | Flagged: 0/20 (L3:0, L4:0) IDs: []
  Round 150 | Global: 0.5866 | Flagged: 0/20 (L3:0, L4:0) IDs: []
  Round 160 | Global: 0.5833 | Flagged: 0/20 (L3:0, L4:0) IDs: []
  Round 170 | Global: 0.5820 | Flagged: 0/20 (L3:0, L4:0) IDs: []
  Round 180 | Global: 0.5847 | Flagged: 0/20 (L3:0, L4:0) IDs: []
  Round 190 | Global: 0.5933 | Flagged: 0/20 (L3:0, L4:0) IDs: []
  Results: runs/2026-05-28-hybrid/seed0/results_OurMethod.csv
  Per-client flags: runs/2026-05-28-hybrid/seed0/results_OurMethod_flags.csv

============================================================
FINAL RESULTS SUMMARY
============================================================

OurMethod:
  Pre-drift acc:     0.7081
  Accuracy dip:      0.1177
  Recovery rounds:   Not recovered
  Post-drift stable: 0.5884

Finished at: 2026-05-27 12:31:48
Full output log: experiment_log_20260527_115713.txt
CSV files saved per method (live):
  - results_OurMethod.csv
  - results_OurMethod_flags.csv (per-client per-round flag data)
============================================================
Experiment log: experiment_log_20260527_123154.txt
Started at: 2026-05-27 12:31:54
============================================================
Device: cuda
CPU cores detected: 4
Config: 20 clients | alpha=0.1 | 5 epochs | 200 rounds | drift at 100
Pipeline: GPU-resident dataset + GPU-side augmentation
Batch size: 64 | drop_last=True | num_workers=0
Downloading CIFAR-10...
/usr/local/lib/python3.12/dist-packages/torchvision/datasets/cifar.py:83: VisibleDeprecationWarning: dtype(): align should be passed as Python or NumPy boolean but got `align=0`. Did you mean to pass a tuple to create a subarray type? (Deprecated NumPy 2.4)
  entry = pickle.load(f, encoding="latin1")
Partitioning...
Samples/client: min=127 max=5338 mean=2500
Pre-loading GPU-resident tensors...
GPU-resident dataset memory: 703.6 MiB
Model: CifarCNN | Params: 107,690
[--out-dir] CSVs will be written to: runs/2026-05-28-hybrid/seed1/

[--seed override] re-seeding to 1 and re-partitioning...
  Re-partitioned: samples/client min=121 max=6775 mean=2500

============================================================
RUNNING METHODS: OurMethod
Rounds per method: 200
============================================================

============================================================
METHOD 4: OurMethod — Drift-Triggered Selective Layer Adaptation
  EMA alpha=0.3 | TAU=1.4 | Warmup=10
============================================================
  Round 000 | Global: 0.2159 | Flagged: 0/20 (L3:0, L4:0) IDs: []
  Round 010 | Global: 0.5734 | Flagged: 0/20 (L3:0, L4:0) IDs: []
  Round 020 | Global: 0.6491 | Flagged: 0/20 (L3:0, L4:0) IDs: []
  Round 030 | Global: 0.6789 | Flagged: 0/20 (L3:0, L4:0) IDs: []
  Round 040 | Global: 0.6919 | Flagged: 0/20 (L3:0, L4:0) IDs: []
  Round 050 | Global: 0.6997 | Flagged: 0/20 (L3:0, L4:0) IDs: []
  Round 060 | Global: 0.7034 | Flagged: 0/20 (L3:0, L4:0) IDs: []
  Round 070 | Global: 0.7068 | Flagged: 0/20 (L3:0, L4:0) IDs: []
  Round 080 | Global: 0.7122 | Flagged: 0/20 (L3:0, L4:0) IDs: []
  Round 090 | Global: 0.7149 | Flagged: 0/20 (L3:0, L4:0) IDs: []

  *** Sudden drift at round 100 ***
  Group A [0, 1, 2, 10, 11, 12]: swap 1<->2
  Group B [3, 4, 5, 13, 14, 15]: swap 3<->4
  Group C [6, 7, 8, 9, 16, 17, 18, 19]: swap 5<->6
  Round 100 | Global: 0.6440 | Flagged: 6/20 (L3:5, L4:6) IDs: [3, 4, 5, 9, 13, 14] | hyb-lift(flagged): +0.5075  <-- DRIFT
  Round 101 | Global: 0.6486 | Flagged: 6/20 (L3:5, L4:6) IDs: [3, 4, 5, 9, 13, 14] | hyb-lift(flagged): +0.5584
  Round 102 | Global: 0.6397 | Flagged: 6/20 (L3:5, L4:6) IDs: [3, 4, 5, 9, 13, 14] | hyb-lift(flagged): +0.5788
  Round 103 | Global: 0.6192 | Flagged: 6/20 (L3:4, L4:6) IDs: [3, 4, 5, 9, 13, 14] | hyb-lift(flagged): +0.5997
  Round 104 | Global: 0.6215 | Flagged: 5/20 (L3:1, L4:5) IDs: [3, 4, 9, 13, 14] | hyb-lift(flagged): +0.5604
  Round 105 | Global: 0.6260 | Flagged: 2/20 (L3:0, L4:2) IDs: [9, 13] | hyb-lift(flagged): +0.3977
  Round 106 | Global: 0.6156 | Flagged: 0/20 (L3:0, L4:0) IDs: []
  Round 107 | Global: 0.6218 | Flagged: 1/20 (L3:1, L4:0) IDs: [9] | hyb-lift(flagged): +0.0744
  Round 108 | Global: 0.6192 | Flagged: 1/20 (L3:1, L4:0) IDs: [9] | hyb-lift(flagged): +0.0992
  Round 109 | Global: 0.6216 | Flagged: 1/20 (L3:1, L4:0) IDs: [9] | hyb-lift(flagged): +0.1074
  Round 110 | Global: 0.6225 | Flagged: 1/20 (L3:1, L4:0) IDs: [9] | hyb-lift(flagged): +0.1736
  Round 111 | Global: 0.6197 | Flagged: 1/20 (L3:1, L4:0) IDs: [9] | hyb-lift(flagged): +0.1818
  Round 112 | Global: 0.6175 | Flagged: 1/20 (L3:1, L4:0) IDs: [9] | hyb-lift(flagged): +0.1983
  Round 113 | Global: 0.6203 | Flagged: 1/20 (L3:1, L4:0) IDs: [9] | hyb-lift(flagged): +0.2231
  Round 114 | Global: 0.6187 | Flagged: 0/20 (L3:0, L4:0) IDs: []
  Round 115 | Global: 0.6146 | Flagged: 0/20 (L3:0, L4:0) IDs: []
  Round 116 | Global: 0.6213 | Flagged: 0/20 (L3:0, L4:0) IDs: []
  Round 117 | Global: 0.6183 | Flagged: 0/20 (L3:0, L4:0) IDs: []
  Round 118 | Global: 0.6218 | Flagged: 0/20 (L3:0, L4:0) IDs: []
  Round 119 | Global: 0.6298 | Flagged: 0/20 (L3:0, L4:0) IDs: []
  Round 120 | Global: 0.6193 | Flagged: 0/20 (L3:0, L4:0) IDs: []
  Round 130 | Global: 0.6116 | Flagged: 0/20 (L3:0, L4:0) IDs: []
  Round 140 | Global: 0.6220 | Flagged: 0/20 (L3:0, L4:0) IDs: []
  Round 150 | Global: 0.6171 | Flagged: 0/20 (L3:0, L4:0) IDs: []
  Round 160 | Global: 0.6158 | Flagged: 0/20 (L3:0, L4:0) IDs: []
  Round 170 | Global: 0.6126 | Flagged: 0/20 (L3:0, L4:0) IDs: []
  Round 180 | Global: 0.6243 | Flagged: 0/20 (L3:0, L4:0) IDs: []
  Round 190 | Global: 0.6117 | Flagged: 0/20 (L3:0, L4:0) IDs: []
  Results: runs/2026-05-28-hybrid/seed1/results_OurMethod.csv
  Per-client flags: runs/2026-05-28-hybrid/seed1/results_OurMethod_flags.csv

============================================================
FINAL RESULTS SUMMARY
============================================================

OurMethod:
  Pre-drift acc:     0.7119
  Accuracy dip:      0.0963
  Recovery rounds:   Not recovered
  Post-drift stable: 0.6170

Finished at: 2026-05-27 13:06:09
Full output log: experiment_log_20260527_123154.txt
CSV files saved per method (live):
  - results_OurMethod.csv
  - results_OurMethod_flags.csv (per-client per-round flag data)
============================================================
Experiment log: experiment_log_20260527_130614.txt
Started at: 2026-05-27 13:06:14
============================================================
Device: cuda
CPU cores detected: 4
Config: 20 clients | alpha=0.1 | 5 epochs | 200 rounds | drift at 100
Pipeline: GPU-resident dataset + GPU-side augmentation
Batch size: 64 | drop_last=True | num_workers=0
Downloading CIFAR-10...
/usr/local/lib/python3.12/dist-packages/torchvision/datasets/cifar.py:83: VisibleDeprecationWarning: dtype(): align should be passed as Python or NumPy boolean but got `align=0`. Did you mean to pass a tuple to create a subarray type? (Deprecated NumPy 2.4)
  entry = pickle.load(f, encoding="latin1")
Partitioning...
Samples/client: min=127 max=5338 mean=2500
Pre-loading GPU-resident tensors...
GPU-resident dataset memory: 703.6 MiB
Model: CifarCNN | Params: 107,690
[--out-dir] CSVs will be written to: runs/2026-05-28-hybrid/seed2/

[--seed override] re-seeding to 2 and re-partitioning...
  Re-partitioned: samples/client min=83 max=6776 mean=2500

============================================================
RUNNING METHODS: OurMethod
Rounds per method: 200
============================================================

============================================================
METHOD 4: OurMethod — Drift-Triggered Selective Layer Adaptation
  EMA alpha=0.3 | TAU=1.4 | Warmup=10
============================================================
  Round 000 | Global: 0.1833 | Flagged: 0/20 (L3:0, L4:0) IDs: []
  Round 010 | Global: 0.5854 | Flagged: 0/20 (L3:0, L4:0) IDs: []
  Round 020 | Global: 0.6521 | Flagged: 0/20 (L3:0, L4:0) IDs: []
  Round 030 | Global: 0.6778 | Flagged: 0/20 (L3:0, L4:0) IDs: []
  Round 040 | Global: 0.6943 | Flagged: 0/20 (L3:0, L4:0) IDs: []
  Round 050 | Global: 0.7016 | Flagged: 0/20 (L3:0, L4:0) IDs: []
  Round 060 | Global: 0.7106 | Flagged: 0/20 (L3:0, L4:0) IDs: []
  Round 070 | Global: 0.7178 | Flagged: 0/20 (L3:0, L4:0) IDs: []
  Round 080 | Global: 0.7196 | Flagged: 0/20 (L3:0, L4:0) IDs: []
  Round 090 | Global: 0.7188 | Flagged: 0/20 (L3:0, L4:0) IDs: []

  *** Sudden drift at round 100 ***
  Group A [0, 1, 2, 10, 11, 12]: swap 1<->2
  Group B [3, 4, 5, 13, 14, 15]: swap 3<->4
  Group C [6, 7, 8, 9, 16, 17, 18, 19]: swap 5<->6
  Round 100 | Global: 0.6181 | Flagged: 8/20 (L3:4, L4:8) IDs: [0, 1, 2, 3, 9, 10, 14, 18] | hyb-lift(flagged): +0.4283  <-- DRIFT
  Round 101 | Global: 0.5942 | Flagged: 8/20 (L3:4, L4:8) IDs: [0, 1, 2, 3, 9, 10, 14, 18] | hyb-lift(flagged): +0.5091
  Round 102 | Global: 0.5894 | Flagged: 8/20 (L3:4, L4:8) IDs: [0, 1, 2, 3, 9, 10, 14, 18] | hyb-lift(flagged): +0.5456
  Round 103 | Global: 0.5861 | Flagged: 8/20 (L3:4, L4:8) IDs: [0, 1, 2, 3, 9, 10, 14, 18] | hyb-lift(flagged): +0.5684
  Round 104 | Global: 0.5874 | Flagged: 6/20 (L3:2, L4:6) IDs: [0, 2, 9, 10, 14, 18] | hyb-lift(flagged): +0.4941
  Round 105 | Global: 0.6172 | Flagged: 2/20 (L3:2, L4:2) IDs: [9, 18] | hyb-lift(flagged): +0.3410
  Round 106 | Global: 0.5961 | Flagged: 2/20 (L3:2, L4:0) IDs: [9, 18] | hyb-lift(flagged): +0.0918
  Round 107 | Global: 0.5948 | Flagged: 0/20 (L3:0, L4:0) IDs: []
  Round 108 | Global: 0.5942 | Flagged: 0/20 (L3:0, L4:0) IDs: []
  Round 109 | Global: 0.5796 | Flagged: 0/20 (L3:0, L4:0) IDs: []
  Round 110 | Global: 0.5874 | Flagged: 0/20 (L3:0, L4:0) IDs: []
  Round 111 | Global: 0.5928 | Flagged: 0/20 (L3:0, L4:0) IDs: []
  Round 112 | Global: 0.5926 | Flagged: 0/20 (L3:0, L4:0) IDs: []
  Round 113 | Global: 0.5881 | Flagged: 0/20 (L3:0, L4:0) IDs: []
  Round 114 | Global: 0.5859 | Flagged: 0/20 (L3:0, L4:0) IDs: []
  Round 115 | Global: 0.5914 | Flagged: 0/20 (L3:0, L4:0) IDs: []
  Round 116 | Global: 0.5883 | Flagged: 0/20 (L3:0, L4:0) IDs: []
  Round 117 | Global: 0.5807 | Flagged: 0/20 (L3:0, L4:0) IDs: []
  Round 118 | Global: 0.5717 | Flagged: 0/20 (L3:0, L4:0) IDs: []
  Round 119 | Global: 0.5961 | Flagged: 0/20 (L3:0, L4:0) IDs: []
  Round 120 | Global: 0.5820 | Flagged: 0/20 (L3:0, L4:0) IDs: []
  Round 130 | Global: 0.5809 | Flagged: 0/20 (L3:0, L4:0) IDs: []
  Round 140 | Global: 0.5765 | Flagged: 0/20 (L3:0, L4:0) IDs: []
  Round 150 | Global: 0.5806 | Flagged: 0/20 (L3:0, L4:0) IDs: []
  Round 160 | Global: 0.5807 | Flagged: 0/20 (L3:0, L4:0) IDs: []
  Round 170 | Global: 0.5685 | Flagged: 0/20 (L3:0, L4:0) IDs: []
  Round 180 | Global: 0.5785 | Flagged: 0/20 (L3:0, L4:0) IDs: []
  Round 190 | Global: 0.5651 | Flagged: 0/20 (L3:0, L4:0) IDs: []
  Results: runs/2026-05-28-hybrid/seed2/results_OurMethod.csv
  Per-client flags: runs/2026-05-28-hybrid/seed2/results_OurMethod_flags.csv

============================================================
FINAL RESULTS SUMMARY
============================================================

OurMethod:
  Pre-drift acc:     0.7184
  Accuracy dip:      0.1388
  Recovery rounds:   Not recovered
  Post-drift stable: 0.5775

Finished at: 2026-05-27 13:40:51
Full output log: experiment_log_20260527_130614.txt
CSV files saved per method (live):
  - results_OurMethod.csv
  - results_OurMethod_flags.csv (per-client per-round flag data)
