============================================================
Experiment log: experiment_log_20260529_072756.txt
Started at: 2026-05-29 07:27:56
============================================================
Device: cuda
CPU cores detected: 4
Config: 20 clients | alpha=0.1 | 5 epochs | 200 rounds | drift schedule [100, 150]
Pipeline: GPU-resident dataset + GPU-side augmentation
Batch size: 64 | drop_last=True | num_workers=0
Downloading CIFAR-10...
/usr/local/lib/python3.12/dist-packages/torchvision/datasets/cifar.py:83: VisibleDeprecationWarning: dtype(): align should be passed as Python or NumPy boolean but got `align=0`. Did you mean to pass a tuple to create a subarray type? (Deprecated NumPy 2.4)
  entry = pickle.load(f, encoding="latin1")
Partitioning...
Samples/client: min=127 max=5338 mean=2500
Pre-loading GPU-resident tensors...
GPU-resident dataset memory: 703.6 MiB
Model: CifarCNN | Params: 107,690
[--out-dir] CSVs will be written to: runs/2026-05-29-recurrent-drift/seed1/

[--seed override] re-seeding to 1 and re-partitioning...
  Re-partitioned: samples/client min=121 max=6775 mean=2500

============================================================
RUNNING METHODS: FedAvg -> Flash -> AdaptiveFedAvg -> OurMethod
Rounds per method: 200
============================================================

============================================================
METHOD 1: FedAvg
============================================================
  Round 000 | Global: 0.2095 | mean local: 0.2103
  Round 010 | Global: 0.5695 | mean local: 0.5300
  Round 020 | Global: 0.6505 | mean local: 0.6164
  Round 030 | Global: 0.6753 | mean local: 0.6541
  Round 040 | Global: 0.6880 | mean local: 0.6669
  Round 050 | Global: 0.6958 | mean local: 0.6874
  Round 060 | Global: 0.7002 | mean local: 0.6953
  Round 070 | Global: 0.7157 | mean local: 0.7140
  Round 080 | Global: 0.7112 | mean local: 0.7055
  Round 090 | Global: 0.7135 | mean local: 0.7111

  *** Drift event 0 at round 100 ***
  Group A [0, 1, 2, 10, 11, 12]: swap 1<->2
  Group B [3, 4, 5, 13, 14, 15]: swap 3<->4
  Group C [6, 7, 8, 9, 16, 17, 18, 19]: swap 5<->6
  Round 100 | Global: 0.6383 | mean local: 0.5772  <-- DRIFT
  Round 110 | Global: 0.6172 | mean local: 0.5911
  Round 120 | Global: 0.6205 | mean local: 0.6028
  Round 130 | Global: 0.6105 | mean local: 0.5973
  Round 140 | Global: 0.6190 | mean local: 0.6010

  *** Drift event 1 at round 150 ***
  Group A [0, 1, 2, 10, 11, 12]: swap 3<->4
  Group B [3, 4, 5, 13, 14, 15]: swap 5<->6
  Group C [6, 7, 8, 9, 16, 17, 18, 19]: swap 7<->8
  Round 150 | Global: 0.5202 | mean local: 0.5120  <-- DRIFT
  Round 160 | Global: 0.4707 | mean local: 0.5472
  Round 170 | Global: 0.4697 | mean local: 0.5491
  Round 180 | Global: 0.4924 | mean local: 0.5653
  Round 190 | Global: 0.4834 | mean local: 0.5584
  Results: runs/2026-05-29-recurrent-drift/seed1/results_FedAvg.csv

============================================================
METHOD 2: Flash
============================================================
  Round 000 | Global: 0.1653 | mean local: 0.1512
  Round 010 | Global: 0.5365 | mean local: 0.4980
  Round 020 | Global: 0.6149 | mean local: 0.5850
  Round 030 | Global: 0.6450 | mean local: 0.6355
  Round 040 | Global: 0.6650 | mean local: 0.6530
  Round 050 | Global: 0.6758 | mean local: 0.6706
  Round 060 | Global: 0.6904 | mean local: 0.6796
  Round 070 | Global: 0.6932 | mean local: 0.6925
  Round 080 | Global: 0.6961 | mean local: 0.6926
  Round 090 | Global: 0.6920 | mean local: 0.6978

  *** Drift event 0 at round 100 ***
  Group A [0, 1, 2, 10, 11, 12]: swap 1<->2
  Group B [3, 4, 5, 13, 14, 15]: swap 3<->4
  Group C [6, 7, 8, 9, 16, 17, 18, 19]: swap 5<->6
  Round 100 | Global: 0.6899 | mean local: 0.5803  <-- DRIFT
  Round 110 | Global: 0.5486 | mean local: 0.5593
  Round 120 | Global: 0.6314 | mean local: 0.5806
  Round 130 | Global: 0.6087 | mean local: 0.5869
  Round 140 | Global: 0.6221 | mean local: 0.5991

  *** Drift event 1 at round 150 ***
  Group A [0, 1, 2, 10, 11, 12]: swap 3<->4
  Group B [3, 4, 5, 13, 14, 15]: swap 5<->6
  Group C [6, 7, 8, 9, 16, 17, 18, 19]: swap 7<->8
  Round 150 | Global: 0.6126 | mean local: 0.4885  <-- DRIFT
  Round 160 | Global: 0.3646 | mean local: 0.5322
  Round 170 | Global: 0.4979 | mean local: 0.5456
  Round 180 | Global: 0.4470 | mean local: 0.5406
  Round 190 | Global: 0.4673 | mean local: 0.5427
  Results: runs/2026-05-29-recurrent-drift/seed1/results_Flash.csv

============================================================
METHOD 3: Adaptive-FedAvg (Canonji 2021, ported from FedCCFA)
  beta1=0.7 beta2=0.3 beta3=0.7
============================================================
  Round 000 | Global: 0.1915 | mean local: 0.1989 | lr=0.01000
  Round 010 | Global: 0.4738 | mean local: 0.4279 | lr=0.00070
  Round 020 | Global: 0.5177 | mean local: 0.4687 | lr=0.00042
  Round 030 | Global: 0.5394 | mean local: 0.4918 | lr=0.00029
  Round 040 | Global: 0.5544 | mean local: 0.5116 | lr=0.00023
  Round 050 | Global: 0.5632 | mean local: 0.5202 | lr=0.00019
  Round 060 | Global: 0.5730 | mean local: 0.5295 | lr=0.00016
  Round 070 | Global: 0.5791 | mean local: 0.5345 | lr=0.00014
  Round 080 | Global: 0.5832 | mean local: 0.5409 | lr=0.00012
  Round 090 | Global: 0.5898 | mean local: 0.5463 | lr=0.00011

  *** Drift event 0 at round 100 ***
  Group A [0, 1, 2, 10, 11, 12]: swap 1<->2
  Group B [3, 4, 5, 13, 14, 15]: swap 3<->4
  Group C [6, 7, 8, 9, 16, 17, 18, 19]: swap 5<->6
  Round 100 | Global: 0.5647 | mean local: 0.4802 | lr=0.00017  <-- DRIFT
  Round 110 | Global: 0.5466 | mean local: 0.4801 | lr=0.00008
  Round 120 | Global: 0.5380 | mean local: 0.4812 | lr=0.00008
  Round 130 | Global: 0.5335 | mean local: 0.4841 | lr=0.00007
  Round 140 | Global: 0.5347 | mean local: 0.4872 | lr=0.00007

  *** Drift event 1 at round 150 ***
  Group A [0, 1, 2, 10, 11, 12]: swap 3<->4
  Group B [3, 4, 5, 13, 14, 15]: swap 5<->6
  Group C [6, 7, 8, 9, 16, 17, 18, 19]: swap 7<->8
  Round 150 | Global: 0.4896 | mean local: 0.3891 | lr=0.00022  <-- DRIFT
  Round 160 | Global: 0.4379 | mean local: 0.3811 | lr=0.00006
  Round 170 | Global: 0.4270 | mean local: 0.3846 | lr=0.00005
  Round 180 | Global: 0.4224 | mean local: 0.3839 | lr=0.00005
  Round 190 | Global: 0.4216 | mean local: 0.3881 | lr=0.00005
  Results: runs/2026-05-29-recurrent-drift/seed1/results_AdaptiveFedAvg.csv

============================================================
METHOD 4: OurMethod — Drift-Triggered Selective Layer Adaptation
  EMA alpha=0.3 | TAU=1.4 | Warmup=10
============================================================
  Round 000 | Global: 0.2218 | Flagged: 0/20 (L3:0, L4:0) IDs: []
  Round 010 | Global: 0.5712 | Flagged: 0/20 (L3:0, L4:0) IDs: []
  Round 020 | Global: 0.6615 | Flagged: 0/20 (L3:0, L4:0) IDs: []
  Round 030 | Global: 0.6905 | Flagged: 0/20 (L3:0, L4:0) IDs: []
  Round 040 | Global: 0.7072 | Flagged: 0/20 (L3:0, L4:0) IDs: []
  Round 050 | Global: 0.7173 | Flagged: 0/20 (L3:0, L4:0) IDs: []
  Round 060 | Global: 0.7261 | Flagged: 0/20 (L3:0, L4:0) IDs: []
  Round 070 | Global: 0.7318 | Flagged: 0/20 (L3:0, L4:0) IDs: []
  Round 080 | Global: 0.7277 | Flagged: 0/20 (L3:0, L4:0) IDs: []
  Round 090 | Global: 0.7238 | Flagged: 0/20 (L3:0, L4:0) IDs: []

  *** Drift event 0 at round 100 ***
  Group A [0, 1, 2, 10, 11, 12]: swap 1<->2
  Group B [3, 4, 5, 13, 14, 15]: swap 3<->4
  Group C [6, 7, 8, 9, 16, 17, 18, 19]: swap 5<->6
  Round 100 | Global: 0.6715 | Flagged: 5/20 (L3:5, L4:5) IDs: [3, 4, 5, 13, 14] | hyb-lift(flagged): +0.5868  <-- DRIFT
  Round 101 | Global: 0.6550 | Flagged: 5/20 (L3:5, L4:5) IDs: [3, 4, 5, 13, 14] | hyb-lift(flagged): +0.6225
  Round 102 | Global: 0.6495 | Flagged: 5/20 (L3:5, L4:5) IDs: [3, 4, 5, 13, 14] | hyb-lift(flagged): +0.6503
  Round 103 | Global: 0.6400 | Flagged: 5/20 (L3:4, L4:5) IDs: [3, 4, 5, 13, 14] | hyb-lift(flagged): +0.6619
  Round 104 | Global: 0.6343 | Flagged: 4/20 (L3:1, L4:4) IDs: [3, 4, 5, 13] | hyb-lift(flagged): +0.5963
  Round 105 | Global: 0.6407 | Flagged: 1/20 (L3:0, L4:1) IDs: [13] | hyb-lift(flagged): +0.4402
  Round 106 | Global: 0.6320 | Flagged: 0/20 (L3:0, L4:0) IDs: []
  Round 107 | Global: 0.6312 | Flagged: 0/20 (L3:0, L4:0) IDs: []
  Round 108 | Global: 0.6333 | Flagged: 0/20 (L3:0, L4:0) IDs: []
  Round 109 | Global: 0.6251 | Flagged: 0/20 (L3:0, L4:0) IDs: []
  Round 110 | Global: 0.6305 | Flagged: 0/20 (L3:0, L4:0) IDs: []
  Round 111 | Global: 0.6321 | Flagged: 0/20 (L3:0, L4:0) IDs: []
  Round 112 | Global: 0.6242 | Flagged: 0/20 (L3:0, L4:0) IDs: []
  Round 113 | Global: 0.6334 | Flagged: 0/20 (L3:0, L4:0) IDs: []
  Round 114 | Global: 0.6225 | Flagged: 0/20 (L3:0, L4:0) IDs: []
  Round 115 | Global: 0.6352 | Flagged: 0/20 (L3:0, L4:0) IDs: []
  Round 116 | Global: 0.6300 | Flagged: 0/20 (L3:0, L4:0) IDs: []
  Round 117 | Global: 0.6322 | Flagged: 0/20 (L3:0, L4:0) IDs: []
  Round 118 | Global: 0.6280 | Flagged: 0/20 (L3:0, L4:0) IDs: []
  Round 119 | Global: 0.6351 | Flagged: 0/20 (L3:0, L4:0) IDs: []
  Round 120 | Global: 0.6258 | Flagged: 0/20 (L3:0, L4:0) IDs: []
  Round 130 | Global: 0.6200 | Flagged: 0/20 (L3:0, L4:0) IDs: []
  Round 140 | Global: 0.6392 | Flagged: 0/20 (L3:0, L4:0) IDs: []

  *** Drift event 1 at round 150 ***
  Group A [0, 1, 2, 10, 11, 12]: swap 3<->4
  Group B [3, 4, 5, 13, 14, 15]: swap 5<->6
  Group C [6, 7, 8, 9, 16, 17, 18, 19]: swap 7<->8
  Round 150 | Global: 0.5614 | Flagged: 4/20 (L3:2, L4:3) IDs: [6, 9, 17, 19] | hyb-lift(flagged): +0.3744  <-- DRIFT
  Round 151 | Global: 0.5495 | Flagged: 4/20 (L3:2, L4:3) IDs: [6, 9, 17, 19] | hyb-lift(flagged): +0.4181
  Round 152 | Global: 0.5546 | Flagged: 4/20 (L3:2, L4:3) IDs: [6, 9, 17, 19] | hyb-lift(flagged): +0.4500
  Round 153 | Global: 0.5402 | Flagged: 4/20 (L3:1, L4:3) IDs: [6, 9, 17, 19] | hyb-lift(flagged): +0.4561
  Round 154 | Global: 0.4875 | Flagged: 2/20 (L3:1, L4:1) IDs: [9, 19] | hyb-lift(flagged): +0.2485
  Round 155 | Global: 0.4769 | Flagged: 1/20 (L3:1, L4:0) IDs: [9] | hyb-lift(flagged): +0.2066
  Round 156 | Global: 0.4739 | Flagged: 1/20 (L3:1, L4:0) IDs: [9] | hyb-lift(flagged): +0.1983
  Round 157 | Global: 0.4697 | Flagged: 0/20 (L3:0, L4:0) IDs: []
  Round 158 | Global: 0.4821 | Flagged: 0/20 (L3:0, L4:0) IDs: []
  Round 159 | Global: 0.4901 | Flagged: 0/20 (L3:0, L4:0) IDs: []
  Round 160 | Global: 0.4717 | Flagged: 0/20 (L3:0, L4:0) IDs: []
  Round 161 | Global: 0.4768 | Flagged: 0/20 (L3:0, L4:0) IDs: []
  Round 162 | Global: 0.4800 | Flagged: 0/20 (L3:0, L4:0) IDs: []
  Round 163 | Global: 0.4682 | Flagged: 0/20 (L3:0, L4:0) IDs: []
  Round 164 | Global: 0.4814 | Flagged: 0/20 (L3:0, L4:0) IDs: []
  Round 165 | Global: 0.4638 | Flagged: 0/20 (L3:0, L4:0) IDs: []
  Round 166 | Global: 0.4843 | Flagged: 0/20 (L3:0, L4:0) IDs: []
  Round 167 | Global: 0.4517 | Flagged: 0/20 (L3:0, L4:0) IDs: []
  Round 168 | Global: 0.4783 | Flagged: 0/20 (L3:0, L4:0) IDs: []
  Round 169 | Global: 0.4633 | Flagged: 0/20 (L3:0, L4:0) IDs: []
  Round 170 | Global: 0.4644 | Flagged: 0/20 (L3:0, L4:0) IDs: []
  Round 180 | Global: 0.4741 | Flagged: 0/20 (L3:0, L4:0) IDs: []
  Round 190 | Global: 0.4794 | Flagged: 0/20 (L3:0, L4:0) IDs: []
  Results: runs/2026-05-29-recurrent-drift/seed1/results_OurMethod.csv
  Per-client flags: runs/2026-05-29-recurrent-drift/seed1/results_OurMethod_flags.csv

============================================================
FINAL RESULTS SUMMARY
============================================================

FedAvg:
  Pre-drift acc:     0.7145
  Accuracy dip:      0.1037  (at first drift event, round 100)
  Recovery rounds:   Not recovered
  Post-drift stable: 0.4814
  Per-event global dips:
    event   round       pre    min(+10)       dip
    0         100    0.7145      0.6108    0.1037
    1         150    0.6199      0.4629    0.1570
  Per-event per-group local-acc dips (using local_cXX):
    event   round     pre(A)     min(A)     dip(A)     pre(B)     min(B)     dip(B)     pre(C)     min(C)     dip(C)
    0         100     0.7108     0.6014     0.1094     0.6355     0.3994     0.2361     0.7813     0.6559     0.1254
    1         150     0.6232     0.4279     0.1953     0.4415     0.4593    -0.0178     0.7097     0.5992     0.1106

Flash:
  Pre-drift acc:     0.6917
  Accuracy dip:      0.1474  (at first drift event, round 100)
  Recovery rounds:   0
  Post-drift stable: 0.4707
  Per-event global dips:
    event   round       pre    min(+10)       dip
    0         100    0.6917      0.5443    0.1474
    1         150    0.6237      0.3620    0.2617
  Per-event per-group local-acc dips (using local_cXX):
    event   round     pre(A)     min(A)     dip(A)     pre(B)     min(B)     dip(B)     pre(C)     min(C)     dip(C)
    0         100     0.6894     0.4838     0.2056     0.6228     0.3962     0.2266     0.7588     0.6394     0.1194
    1         150     0.6221     0.3086     0.3134     0.4457     0.4276     0.0181     0.6908     0.5269     0.1639

AdaptiveFedAvg:
  Pre-drift acc:     0.5918
  Accuracy dip:      0.0434  (at first drift event, round 100)
  Recovery rounds:   Not recovered
  Post-drift stable: 0.4197
  Per-event global dips:
    event   round       pre    min(+10)       dip
    0         100    0.5918      0.5484    0.0434
    1         150    0.5329      0.4373    0.0956
  Per-event per-group local-acc dips (using local_cXX):
    event   round     pre(A)     min(A)     dip(A)     pre(B)     min(B)     dip(B)     pre(C)     min(C)     dip(C)
    0         100     0.5612     0.5186     0.0425     0.4127     0.3162     0.0965     0.6383     0.5389     0.0994
    1         150     0.4830     0.3154     0.1676     0.3416     0.2626     0.0790     0.5980     0.4886     0.1094

OurMethod:
  Pre-drift acc:     0.7293
  Accuracy dip:      0.1042  (at first drift event, round 100)
  Recovery rounds:   Not recovered
  Post-drift stable: 0.4743
  Per-event global dips:
    event   round       pre    min(+10)       dip
    0         100    0.7293      0.6251    0.1042
    1         150    0.6253      0.4697    0.1556
  Per-event per-group local-acc dips (using local_cXX):
    event   round     pre(A)     min(A)     dip(A)     pre(B)     min(B)     dip(B)     pre(C)     min(C)     dip(C)
    0         100     0.7227     0.5988     0.1239     0.6569     0.3719     0.2850     0.7794     0.6708     0.1086
    1         150     0.6266     0.4313     0.1953     0.4437     0.5260    -0.0823     0.7020     0.5247     0.1773

Finished at: 2026-05-29 09:45:48
Full output log: experiment_log_20260529_072756.txt
CSV files saved per method (live):
  - results_FedAvg.csv
  - results_Flash.csv
  - results_AdaptiveFedAvg.csv
  - results_OurMethod.csv
  - results_OurMethod_flags.csv (per-client per-round flag data)
