============================================================
Experiment log: experiment_log_20260529_035044.txt
Started at: 2026-05-29 03:50:44
============================================================
Device: cuda
CPU cores detected: 4
Config: 20 clients | alpha=0.1 | 5 epochs | 200 rounds | drift schedule [100, 150]
Pipeline: GPU-resident dataset + GPU-side augmentation
Batch size: 64 | drop_last=True | num_workers=0
Downloading CIFAR-10...
/usr/local/lib/python3.12/dist-packages/torchvision/datasets/cifar.py:83: VisibleDeprecationWarning: dtype(): align should be passed as Python or NumPy boolean but got `align=0`. Did you mean to pass a tuple to create a subarray type? (Deprecated NumPy 2.4)
  entry = pickle.load(f, encoding="latin1")
Partitioning...
Samples/client: min=127 max=5338 mean=2500
Pre-loading GPU-resident tensors...
GPU-resident dataset memory: 703.6 MiB
Model: CifarCNN | Params: 107,690
[--out-dir] CSVs will be written to: runs/2026-05-29-recurrent-drift/seed0/

============================================================
RUNNING METHODS: FedAvg -> Flash -> AdaptiveFedAvg -> OurMethod
Rounds per method: 200
============================================================

============================================================
METHOD 1: FedAvg
============================================================
  Round 000 | Global: 0.2147 | mean local: 0.2091
  Round 010 | Global: 0.5514 | mean local: 0.5377
  Round 020 | Global: 0.6358 | mean local: 0.6454
  Round 030 | Global: 0.6694 | mean local: 0.6774
  Round 040 | Global: 0.6863 | mean local: 0.7039
  Round 050 | Global: 0.6935 | mean local: 0.7102
  Round 060 | Global: 0.7021 | mean local: 0.7203
  Round 070 | Global: 0.7064 | mean local: 0.7202
  Round 080 | Global: 0.7056 | mean local: 0.7268
  Round 090 | Global: 0.7096 | mean local: 0.7282

  *** Drift event 0 at round 100 ***
  Group A [0, 1, 2, 10, 11, 12]: swap 1<->2
  Group B [3, 4, 5, 13, 14, 15]: swap 3<->4
  Group C [6, 7, 8, 9, 16, 17, 18, 19]: swap 5<->6
  Round 100 | Global: 0.6274 | mean local: 0.5631  <-- DRIFT
  Round 110 | Global: 0.5897 | mean local: 0.5711
  Round 120 | Global: 0.5933 | mean local: 0.5736
  Round 130 | Global: 0.5925 | mean local: 0.5716
  Round 140 | Global: 0.5871 | mean local: 0.5675

  *** Drift event 1 at round 150 ***
  Group A [0, 1, 2, 10, 11, 12]: swap 3<->4
  Group B [3, 4, 5, 13, 14, 15]: swap 5<->6
  Group C [6, 7, 8, 9, 16, 17, 18, 19]: swap 7<->8
  Round 150 | Global: 0.4479 | mean local: 0.5777  <-- DRIFT
  Round 160 | Global: 0.4026 | mean local: 0.6083
  Round 170 | Global: 0.3763 | mean local: 0.6108
  Round 180 | Global: 0.4107 | mean local: 0.6224
  Round 190 | Global: 0.4086 | mean local: 0.6152
  Results: runs/2026-05-29-recurrent-drift/seed0/results_FedAvg.csv

============================================================
METHOD 2: Flash
============================================================
  Round 000 | Global: 0.1896 | mean local: 0.1542
  Round 010 | Global: 0.4896 | mean local: 0.4859
  Round 020 | Global: 0.5865 | mean local: 0.5893
  Round 030 | Global: 0.6350 | mean local: 0.6413
  Round 040 | Global: 0.6548 | mean local: 0.6637
  Round 050 | Global: 0.6650 | mean local: 0.6755
  Round 060 | Global: 0.6698 | mean local: 0.6879
  Round 070 | Global: 0.6737 | mean local: 0.7011
  Round 080 | Global: 0.6798 | mean local: 0.7010
  Round 090 | Global: 0.6871 | mean local: 0.7065

  *** Drift event 0 at round 100 ***
  Group A [0, 1, 2, 10, 11, 12]: swap 1<->2
  Group B [3, 4, 5, 13, 14, 15]: swap 3<->4
  Group C [6, 7, 8, 9, 16, 17, 18, 19]: swap 5<->6
  Round 100 | Global: 0.6784 | mean local: 0.5652  <-- DRIFT
  Round 110 | Global: 0.5472 | mean local: 0.5553
  Round 120 | Global: 0.6099 | mean local: 0.5531
  Round 130 | Global: 0.5719 | mean local: 0.5722
  Round 140 | Global: 0.5718 | mean local: 0.5702

  *** Drift event 1 at round 150 ***
  Group A [0, 1, 2, 10, 11, 12]: swap 3<->4
  Group B [3, 4, 5, 13, 14, 15]: swap 5<->6
  Group C [6, 7, 8, 9, 16, 17, 18, 19]: swap 7<->8
  Round 150 | Global: 0.5640 | mean local: 0.4895  <-- DRIFT
  Round 160 | Global: 0.3793 | mean local: 0.6034
  Round 170 | Global: 0.4123 | mean local: 0.6005
  Round 180 | Global: 0.3891 | mean local: 0.6070
  Round 190 | Global: 0.4155 | mean local: 0.6123
  Results: runs/2026-05-29-recurrent-drift/seed0/results_Flash.csv

============================================================
METHOD 3: Adaptive-FedAvg (Canonji 2021, ported from FedCCFA)
  beta1=0.7 beta2=0.3 beta3=0.7
============================================================
  Round 000 | Global: 0.2277 | mean local: 0.1866 | lr=0.01000
  Round 010 | Global: 0.4111 | mean local: 0.3961 | lr=0.00072
  Round 020 | Global: 0.4759 | mean local: 0.4641 | lr=0.00042
  Round 030 | Global: 0.5006 | mean local: 0.4909 | lr=0.00029
  Round 040 | Global: 0.5154 | mean local: 0.5077 | lr=0.00023
  Round 050 | Global: 0.5247 | mean local: 0.5188 | lr=0.00019
  Round 060 | Global: 0.5357 | mean local: 0.5317 | lr=0.00016
  Round 070 | Global: 0.5427 | mean local: 0.5369 | lr=0.00014
  Round 080 | Global: 0.5488 | mean local: 0.5429 | lr=0.00012
  Round 090 | Global: 0.5545 | mean local: 0.5501 | lr=0.00011

  *** Drift event 0 at round 100 ***
  Group A [0, 1, 2, 10, 11, 12]: swap 1<->2
  Group B [3, 4, 5, 13, 14, 15]: swap 3<->4
  Group C [6, 7, 8, 9, 16, 17, 18, 19]: swap 5<->6
  Round 100 | Global: 0.5359 | mean local: 0.4756 | lr=0.00017  <-- DRIFT
  Round 110 | Global: 0.5176 | mean local: 0.4745 | lr=0.00008
  Round 120 | Global: 0.5118 | mean local: 0.4735 | lr=0.00008
  Round 130 | Global: 0.4983 | mean local: 0.4745 | lr=0.00007
  Round 140 | Global: 0.4944 | mean local: 0.4732 | lr=0.00007

  *** Drift event 1 at round 150 ***
  Group A [0, 1, 2, 10, 11, 12]: swap 3<->4
  Group B [3, 4, 5, 13, 14, 15]: swap 5<->6
  Group C [6, 7, 8, 9, 16, 17, 18, 19]: swap 7<->8
  Round 150 | Global: 0.4542 | mean local: 0.3760 | lr=0.00017  <-- DRIFT
  Round 160 | Global: 0.3819 | mean local: 0.3954 | lr=0.00006
  Round 170 | Global: 0.3646 | mean local: 0.4066 | lr=0.00005
  Round 180 | Global: 0.3549 | mean local: 0.4216 | lr=0.00005
  Round 190 | Global: 0.3471 | mean local: 0.4278 | lr=0.00005
  Results: runs/2026-05-29-recurrent-drift/seed0/results_AdaptiveFedAvg.csv

============================================================
METHOD 4: OurMethod — Drift-Triggered Selective Layer Adaptation
  EMA alpha=0.3 | TAU=1.4 | Warmup=10
============================================================
  Round 000 | Global: 0.1909 | Flagged: 0/20 (L3:0, L4:0) IDs: []
  Round 010 | Global: 0.5507 | Flagged: 0/20 (L3:0, L4:0) IDs: []
  Round 020 | Global: 0.6436 | Flagged: 0/20 (L3:0, L4:0) IDs: []
  Round 030 | Global: 0.6680 | Flagged: 0/20 (L3:0, L4:0) IDs: []
  Round 040 | Global: 0.6906 | Flagged: 0/20 (L3:0, L4:0) IDs: []
  Round 050 | Global: 0.7039 | Flagged: 0/20 (L3:0, L4:0) IDs: []
  Round 060 | Global: 0.7087 | Flagged: 0/20 (L3:0, L4:0) IDs: []
  Round 070 | Global: 0.7153 | Flagged: 0/20 (L3:0, L4:0) IDs: []
  Round 080 | Global: 0.7139 | Flagged: 0/20 (L3:0, L4:0) IDs: []
  Round 090 | Global: 0.7126 | Flagged: 0/20 (L3:0, L4:0) IDs: []

  *** Drift event 0 at round 100 ***
  Group A [0, 1, 2, 10, 11, 12]: swap 1<->2
  Group B [3, 4, 5, 13, 14, 15]: swap 3<->4
  Group C [6, 7, 8, 9, 16, 17, 18, 19]: swap 5<->6
  Round 100 | Global: 0.6375 | Flagged: 7/20 (L3:4, L4:7) IDs: [5, 7, 8, 9, 12, 13, 15] | hyb-lift(flagged): +0.4792  <-- DRIFT
  Round 101 | Global: 0.6365 | Flagged: 7/20 (L3:4, L4:7) IDs: [5, 7, 8, 9, 12, 13, 15] | hyb-lift(flagged): +0.5109
  Round 102 | Global: 0.6339 | Flagged: 7/20 (L3:4, L4:7) IDs: [5, 7, 8, 9, 12, 13, 15] | hyb-lift(flagged): +0.5287
  Round 103 | Global: 0.6093 | Flagged: 7/20 (L3:4, L4:6) IDs: [5, 7, 8, 9, 12, 13, 15] | hyb-lift(flagged): +0.4761
  Round 104 | Global: 0.6068 | Flagged: 6/20 (L3:3, L4:5) IDs: [5, 7, 8, 9, 13, 15] | hyb-lift(flagged): +0.4946
  Round 105 | Global: 0.6162 | Flagged: 3/20 (L3:2, L4:2) IDs: [7, 9, 13] | hyb-lift(flagged): +0.4493
  Round 106 | Global: 0.6011 | Flagged: 1/20 (L3:1, L4:0) IDs: [5] | hyb-lift(flagged): +0.1707
  Round 107 | Global: 0.6084 | Flagged: 1/20 (L3:1, L4:0) IDs: [5] | hyb-lift(flagged): +0.1841
  Round 108 | Global: 0.6013 | Flagged: 1/20 (L3:1, L4:0) IDs: [5] | hyb-lift(flagged): +0.1572
  Round 109 | Global: 0.5949 | Flagged: 1/20 (L3:1, L4:0) IDs: [5] | hyb-lift(flagged): +0.2500
  Round 110 | Global: 0.5989 | Flagged: 1/20 (L3:1, L4:0) IDs: [5] | hyb-lift(flagged): +0.2934
  Round 111 | Global: 0.6033 | Flagged: 1/20 (L3:1, L4:0) IDs: [5] | hyb-lift(flagged): +0.3039
  Round 112 | Global: 0.5940 | Flagged: 1/20 (L3:1, L4:0) IDs: [5] | hyb-lift(flagged): +0.3039
  Round 113 | Global: 0.5887 | Flagged: 0/20 (L3:0, L4:0) IDs: []
  Round 114 | Global: 0.5950 | Flagged: 0/20 (L3:0, L4:0) IDs: []
  Round 115 | Global: 0.5911 | Flagged: 0/20 (L3:0, L4:0) IDs: []
  Round 116 | Global: 0.6049 | Flagged: 0/20 (L3:0, L4:0) IDs: []
  Round 117 | Global: 0.6077 | Flagged: 0/20 (L3:0, L4:0) IDs: []
  Round 118 | Global: 0.5940 | Flagged: 0/20 (L3:0, L4:0) IDs: []
  Round 119 | Global: 0.6064 | Flagged: 0/20 (L3:0, L4:0) IDs: []
  Round 120 | Global: 0.5933 | Flagged: 0/20 (L3:0, L4:0) IDs: []
  Round 130 | Global: 0.5901 | Flagged: 0/20 (L3:0, L4:0) IDs: []
  Round 140 | Global: 0.5988 | Flagged: 0/20 (L3:0, L4:0) IDs: []

  *** Drift event 1 at round 150 ***
  Group A [0, 1, 2, 10, 11, 12]: swap 3<->4
  Group B [3, 4, 5, 13, 14, 15]: swap 5<->6
  Group C [6, 7, 8, 9, 16, 17, 18, 19]: swap 7<->8
  Round 150 | Global: 0.4708 | Flagged: 5/20 (L3:4, L4:4) IDs: [1, 6, 9, 17, 18] | hyb-lift(flagged): +0.2718  <-- DRIFT
  Round 151 | Global: 0.4636 | Flagged: 5/20 (L3:4, L4:4) IDs: [1, 6, 9, 17, 18] | hyb-lift(flagged): +0.2969
  Round 152 | Global: 0.4571 | Flagged: 5/20 (L3:4, L4:4) IDs: [1, 6, 9, 17, 18] | hyb-lift(flagged): +0.3148
  Round 153 | Global: 0.4512 | Flagged: 5/20 (L3:4, L4:4) IDs: [1, 6, 9, 17, 18] | hyb-lift(flagged): +0.3324
  Round 154 | Global: 0.4004 | Flagged: 3/20 (L3:1, L4:2) IDs: [1, 9, 18] | hyb-lift(flagged): +0.3392
  Round 155 | Global: 0.4186 | Flagged: 2/20 (L3:1, L4:1) IDs: [9, 18] | hyb-lift(flagged): +0.2845
  Round 156 | Global: 0.4183 | Flagged: 0/20 (L3:0, L4:0) IDs: []
  Round 157 | Global: 0.4000 | Flagged: 0/20 (L3:0, L4:0) IDs: []
  Round 158 | Global: 0.4168 | Flagged: 0/20 (L3:0, L4:0) IDs: []
  Round 159 | Global: 0.4074 | Flagged: 0/20 (L3:0, L4:0) IDs: []
  Round 160 | Global: 0.4168 | Flagged: 0/20 (L3:0, L4:0) IDs: []
  Round 161 | Global: 0.4051 | Flagged: 0/20 (L3:0, L4:0) IDs: []
  Round 162 | Global: 0.4035 | Flagged: 0/20 (L3:0, L4:0) IDs: []
  Round 163 | Global: 0.4096 | Flagged: 0/20 (L3:0, L4:0) IDs: []
  Round 164 | Global: 0.4229 | Flagged: 0/20 (L3:0, L4:0) IDs: []
  Round 165 | Global: 0.4007 | Flagged: 0/20 (L3:0, L4:0) IDs: []
  Round 166 | Global: 0.4111 | Flagged: 0/20 (L3:0, L4:0) IDs: []
  Round 167 | Global: 0.4105 | Flagged: 0/20 (L3:0, L4:0) IDs: []
  Round 168 | Global: 0.4105 | Flagged: 0/20 (L3:0, L4:0) IDs: []
  Round 169 | Global: 0.4163 | Flagged: 0/20 (L3:0, L4:0) IDs: []
  Round 170 | Global: 0.4123 | Flagged: 0/20 (L3:0, L4:0) IDs: []
  Round 180 | Global: 0.4169 | Flagged: 0/20 (L3:0, L4:0) IDs: []
  Round 190 | Global: 0.4136 | Flagged: 0/20 (L3:0, L4:0) IDs: []
  Results: runs/2026-05-29-recurrent-drift/seed0/results_OurMethod.csv
  Per-client flags: runs/2026-05-29-recurrent-drift/seed0/results_OurMethod_flags.csv

============================================================
FINAL RESULTS SUMMARY
============================================================

FedAvg:
  Pre-drift acc:     0.7081
  Accuracy dip:      0.1219  (at first drift event, round 100)
  Recovery rounds:   Not recovered
  Post-drift stable: 0.4085
  Per-event global dips:
    event   round       pre    min(+10)       dip
    0         100    0.7081      0.5862    0.1219
    1         150    0.5877      0.4055    0.1822
  Per-event per-group local-acc dips (using local_cXX):
    event   round     pre(A)     min(A)     dip(A)     pre(B)     min(B)     dip(B)     pre(C)     min(C)     dip(C)
    0         100     0.7761     0.6341     0.1419     0.6302     0.3897     0.2404     0.7664     0.5743     0.1921
    1         150     0.6454     0.5292     0.1162     0.4029     0.5696    -0.1667     0.6457     0.6131     0.0326

Flash:
  Pre-drift acc:     0.6847
  Accuracy dip:      0.1805  (at first drift event, round 100)
  Recovery rounds:   0
  Post-drift stable: 0.3985
  Per-event global dips:
    event   round       pre    min(+10)       dip
    0         100    0.6847      0.5042    0.1805
    1         150    0.5783      0.3389    0.2394
  Per-event per-group local-acc dips (using local_cXX):
    event   round     pre(A)     min(A)     dip(A)     pre(B)     min(B)     dip(B)     pre(C)     min(C)     dip(C)
    0         100     0.7645     0.6023     0.1622     0.6007     0.3078     0.2929     0.7496     0.5736     0.1760
    1         150     0.6351     0.4622     0.1729     0.3884     0.3926    -0.0042     0.6598     0.5460     0.1138

AdaptiveFedAvg:
  Pre-drift acc:     0.5526
  Accuracy dip:      0.0322  (at first drift event, round 100)
  Recovery rounds:   0
  Post-drift stable: 0.3441
  Per-event global dips:
    event   round       pre    min(+10)       dip
    0         100    0.5526      0.5204    0.0322
    1         150    0.4915      0.3839    0.1076
  Per-event per-group local-acc dips (using local_cXX):
    event   round     pre(A)     min(A)     dip(A)     pre(B)     min(B)     dip(B)     pre(C)     min(C)     dip(C)
    0         100     0.6026     0.5339     0.0687     0.4310     0.4242     0.0067     0.5987     0.4417     0.1570
    1         150     0.5245     0.3928     0.1317     0.3678     0.2688     0.0990     0.5128     0.3986     0.1142

OurMethod:
  Pre-drift acc:     0.7162
  Accuracy dip:      0.1213  (at first drift event, round 100)
  Recovery rounds:   Not recovered
  Post-drift stable: 0.4144
  Per-event global dips:
    event   round       pre    min(+10)       dip
    0         100    0.7162      0.5949    0.1213
    1         150    0.5980      0.4000    0.1980
  Per-event per-group local-acc dips (using local_cXX):
    event   round     pre(A)     min(A)     dip(A)     pre(B)     min(B)     dip(B)     pre(C)     min(C)     dip(C)
    0         100     0.7808     0.6174     0.1635     0.6378     0.3944     0.2433     0.7689     0.6049     0.1640
    1         150     0.6418     0.5032     0.1386     0.4228     0.5898    -0.1670     0.6609     0.5822     0.0786

Finished at: 2026-05-29 06:10:13
Full output log: experiment_log_20260529_035044.txt
CSV files saved per method (live):
  - results_FedAvg.csv
  - results_Flash.csv
  - results_AdaptiveFedAvg.csv
  - results_OurMethod.csv
  - results_OurMethod_flags.csv (per-client per-round flag data)
